<html>
<body>
<pre>
<h1>µVision Build Log</h1>
<h2>Tool Versions:</h2>
IDE-Version: µVision V5.29.0.0
Copyright (C) 2019 ARM Ltd and ARM Germany GmbH. All rights reserved.
License Information: Antonius Helmer, Windesheim, LIC=SXJT4-FCJZP-UVVI9-H1FFB-EABNQ-KAD07
 
Tool Versions:
Toolchain:       MDK-ARM Cortex-M0/M0+ for ST  Version: 5.29.0.0
Toolchain Path:  C:\Keil_v5\ARM\ARMCC\Bin
C Compiler:      Armcc.exe V5.06 update 6 (build 750)
Assembler:       Armasm.exe V5.06 update 6 (build 750)
Linker/Locator:  ArmLink.exe V5.06 update 6 (build 750)
Library Manager: ArmAr.exe V5.06 update 6 (build 750)
Hex Converter:   FromElf.exe V5.06 update 6 (build 750)
CPU DLL:         SARMCM3.DLL V5.29.0.0
Dialog DLL:      DARMCM1.DLL V1.19.2.0
Target DLL:      STLink\ST-LINKIII-KEIL_SWO.dll V3.0.7.0
Dialog DLL:      TARMCM1.DLL V1.14.1.0
 
<h2>Project:</h2>
C:\Users\toonh\OneDrive\Documents\ICT\Minor_ESA3\test3\FreertosTest.uvprojx
Project File Date:  04/16/2021

<h2>Output:</h2>
*** Using Compiler 'V5.06 update 6 (build 750)', folder: 'C:\Keil_v5\ARM\ARMCC\Bin'
Rebuild target 'Target 1'
assembling startup_stm32f051x8.s...
compiling system_stm32f0xx.c...
compiling main.c...
compiling freertos_evr.c...
compiling list.c...
compiling heap_1.c...
compiling port.c...
compiling timers.c...
compiling queue.c...
compiling tasks.c...
linking...
Program Size: Code=7252 RO-data=220 RW-data=96 ZI-data=5968  
".\Objects\FreertosTest.axf" - 0 Error(s), 0 Warning(s).

<h2>Software Packages used:</h2>

Package Vendor: ARM
                http://www.keil.com/pack/ARM.CMSIS.5.6.0.pack
                ARM.CMSIS.5.6.0
                CMSIS (Cortex Microcontroller Software Interface Standard)
   * Component: CORE Version: 5.3.0

Package Vendor: ARM
                http://www.keil.com/pack/ARM.CMSIS-FreeRTOS.10.3.0.pack
                ARM.CMSIS-FreeRTOS.10.3.0
                Bundle of FreeRTOS for Cortex-M and Cortex-A
   * Component: Config Variant: FreeRTOS Version: 10.2.1
   * Component: Core Variant: Cortex-M Version: 10.2.1
   * Component: Heap Variant: Heap_1 Version: 10.2.1
   * Component: Timers Version: 10.2.1

Package Vendor: Keil
                http://www.keil.com/pack/Keil.STM32F0xx_DFP.2.1.0.pack
                Keil.STM32F0xx_DFP.2.1.0
                STMicroelectronics STM32F0 Series Device Support, Drivers and Examples
   * Component: Startup Version: 1.0.0

<h2>Collection of Component include folders:</h2>
  .\RTE\RTOS
  .\RTE\_Target_1
  C:\Users\toonh\AppData\Local\Arm\Packs\ARM\CMSIS-FreeRTOS\10.3.0\CMSIS\RTOS2\FreeRTOS\Include
  C:\Users\toonh\AppData\Local\Arm\Packs\ARM\CMSIS-FreeRTOS\10.3.0\Source\include
  C:\Users\toonh\AppData\Local\Arm\Packs\ARM\CMSIS-FreeRTOS\10.3.0\Source\portable\RVDS\ARM_CM0
  C:\Users\toonh\AppData\Local\Arm\Packs\ARM\CMSIS\5.6.0\CMSIS\Core\Include
  C:\Users\toonh\AppData\Local\Arm\Packs\Keil\STM32F0xx_DFP\2.1.0\Drivers\CMSIS\Device\ST\STM32F0xx\Include

<h2>Collection of Component Files used:</h2>

   * Component: ARM.FreeRTOS::RTOS:Config:FreeRTOS:10.2.1
      Include file:  Config\ARMCM\FreeRTOSConfig.h

   * Component: ARM.FreeRTOS::RTOS:Core:Cortex-M:10.2.1
      Include file:  Source\include\FreeRTOS.h
      Source file:   Source\portable\RVDS\ARM_CM0\port.c
      Include file:  Source\include\semphr.h
      Include file:  Source\include\task.h
      Source file:   Source\list.c
      Source file:   Source\tasks.c
      Include file:  Source\include\queue.h
      Source file:   Source\queue.c
      Source file:   CMSIS\RTOS2\FreeRTOS\Source\freertos_evr.c

   * Component: ARM.FreeRTOS::RTOS:Heap:Heap_1:10.2.1
      Source file:   Source\portable\MemMang\heap_1.c

   * Component: ARM.FreeRTOS::RTOS:Timers:10.2.1
      Source file:   Source\timers.c
      Include file:  Source\include\timers.h

   * Component: ARM::CMSIS:CORE:5.3.0

   * Component: Keil.Standalone::Device:Startup:1.0.0
      Include file:  Drivers\CMSIS\Device\ST\STM32F0xx\Include\stm32f0xx.h
      Source file:   Drivers\CMSIS\Device\ST\STM32F0xx\Source\Templates\arm\startup_stm32f051x8.s
      Source file:   Drivers\CMSIS\Device\ST\STM32F0xx\Source\Templates\system_stm32f0xx.c
      Source file:   MDK\Device\Source\ARM\STM32F0xx_OPT.s
Build Time Elapsed:  00:00:01
</pre>
</body>
</html>
