<html>
<body>
<pre>
<h1>µVision Build Log</h1>
<h2>Tool Versions:</h2>
IDE-Version: µVision V5.25.2.0
Copyright (C) 2018 ARM Ltd and ARM Germany GmbH. All rights reserved.
License Information: Joël van de Weg, HP Inc., LIC=----
 
Tool Versions:
Toolchain:       MDK-Lite  Version: 5.25.2.0
Toolchain Path:  C:\Keil_v5\ARM\ARMCC\Bin
C Compiler:      Armcc.exe V5.06 update 6 (build 750)
Assembler:       Armasm.exe V5.06 update 6 (build 750)
Linker/Locator:  ArmLink.exe V5.06 update 6 (build 750)
Library Manager: ArmAr.exe V5.06 update 6 (build 750)
Hex Converter:   FromElf.exe V5.06 update 6 (build 750)
CPU DLL:         SARMCM3.DLL V5.25.2.0
Dialog DLL:      DCM.DLL V1.17.1.0
Target DLL:      STLink\ST-LINKIII-KEIL_SWO.dll V3.0.1.0
Dialog DLL:      TCM.DLL V1.35.1.0
 
<h2>Project:</h2>
C:\Users\joel-\Documents\activitytracker\ActivityTracker\projects\ActivityTracker\RTE\Device\STM32F401CCUx\STCubeGenerated\MDK-ARM\STCubeGenerated.uvprojx
Project File Date:  04/29/2021

<h2>Output:</h2>
*** Using Compiler 'V5.06 update 6 (build 750)', folder: 'C:\Keil_v5\ARM\ARMCC\Bin'
Build target 'STCubeGenerated'
compiling test.c...
../Inc/ssd1306.h(238): warning:  #1295-D: Deprecated declaration ssd1306_I2C_Init - give arg types
  void ssd1306_I2C_Init();
..\Src\test.c(23): warning:  #188-D: enumerated type mixed with another type
      		SSD1306_DrawLine(x1, y1, x2, y2, color);
..\Src\test.c(30): warning:  #188-D: enumerated type mixed with another type
      		SSD1306_DrawLine(x1, y1, x2, y2, color);
..\Src\test.c(45): warning:  #188-D: enumerated type mixed with another type
      		SSD1306_DrawLine(x1, y1, x2, y2, color);
..\Src\test.c(52): warning:  #188-D: enumerated type mixed with another type
      		SSD1306_DrawLine(x1, y1, x2, y2, color);
..\Src\test.c(67): warning:  #188-D: enumerated type mixed with another type
      	SSD1306_DrawLine(x1, y1, x2, y2, color);
..\Src\test.c(74): warning:  #188-D: enumerated type mixed with another type
      		SSD1306_DrawLine(x1, y1, x2, y2, color);
..\Src\test.c(89): warning:  #188-D: enumerated type mixed with another type
      		SSD1306_DrawLine(x1, y1, x2, y2, color);
..\Src\test.c(96): warning:  #188-D: enumerated type mixed with another type
      		SSD1306_DrawLine(x1, y1, x2, y2, color);
..\Src\test.c(114): warning:  #188-D: enumerated type mixed with another type
          SSD1306_DrawRectangle((SSD1306_WIDTH/2) - i2, (SSD1306_HEIGHT/2) - i2, i, i, color);
..\Src\test.c(132): warning:  #188-D: enumerated type mixed with another type
          SSD1306_DrawFilledRectangle(cx - i2, cy - i2, i, i, color);
..\Src\test.c(148): warning:  #188-D: enumerated type mixed with another type
              SSD1306_DrawFilledCircle(x, y, radius, color);
..\Src\test.c(167): warning:  #188-D: enumerated type mixed with another type
              SSD1306_DrawCircle(x, y, radius, color);
..\Src\test.c(184): warning:  #188-D: enumerated type mixed with another type
          SSD1306_DrawTriangle(cx , cy - i, cx - i, cy + i, cx + i, cy + i, color);
..\Src\test.c: 14 warnings, 0 errors
compiling freertos.c...
../Inc/ssd1306.h(238): warning:  #1295-D: Deprecated declaration ssd1306_I2C_Init - give arg types
  void ssd1306_I2C_Init();
../Src/freertos.c(205): warning:  #188-D: enumerated type mixed with another type
  	SSD1306_DrawFilledCircle(64, 32, 30, 1);
../Src/freertos.c(207): warning:  #188-D: enumerated type mixed with another type
  	SSD1306_Puts(numbers, &Font_11x18, 0);
../Src/freertos.c: 3 warnings, 0 errors
compiling main.c...
../Inc/ssd1306.h(238): warning:  #1295-D: Deprecated declaration ssd1306_I2C_Init - give arg types
  void ssd1306_I2C_Init();
../Src/main.c: 1 warning, 0 errors
compiling ssd1306.c...
../Inc/ssd1306.h(238): warning:  #1295-D: Deprecated declaration ssd1306_I2C_Init - give arg types
  void ssd1306_I2C_Init();
..\Src\ssd1306.c(152): warning:  #188-D: enumerated type mixed with another type
              if(byte & 0x80) SSD1306_DrawPixel(x+i, y, color);
..\Src\ssd1306.c(606): warning:  #188-D: enumerated type mixed with another type
  	SSD1306_Fill (0);
..\Src\ssd1306.c: 3 warnings, 0 errors
linking...
Program Size: Code=24492 RO-data=4112 RW-data=388 ZI-data=24580  
FromELF: creating hex file...
"STCubeGenerated\STCubeGenerated.axf" - 0 Error(s), 21 Warning(s).

<h2>Software Packages used:</h2>

Package Vendor: ARM
                http://www.keil.com/pack/ARM.CMSIS.5.7.0.pack
                ARM.CMSIS.5.7.0
                CMSIS (Cortex Microcontroller Software Interface Standard)
   * Component: CORE Version: 5.4.0

Package Vendor: Keil
                http://www.keil.com/pack/Keil.STM32F4xx_DFP.2.15.0.pack
                Keil.STM32F4xx_DFP.2.15.0
                STMicroelectronics STM32F4 Series Device Support, Drivers and Examples

<h2>Collection of Component include folders:</h2>
  .\RTE\_STCubeGenerated
  C:\Keil_v5\ARM\PACK\ARM\CMSIS\5.7.0\CMSIS\Core\Include
  C:\Keil_v5\ARM\PACK\Keil\STM32F4xx_DFP\2.15.0\Drivers\CMSIS\Device\ST\STM32F4xx\Include

<h2>Collection of Component Files used:</h2>

   * Component: ARM::CMSIS:CORE:5.4.0
Build Time Elapsed:  00:00:03
</pre>
</body>
</html>
