Component: ARM Compiler 5.06 update 6 (build 750) Tool: armlink [4d35ed]

==============================================================================

Section Cross References

    startup_stm32f030x8.o(RESET) refers to startup_stm32f030x8.o(STACK) for __initial_sp
    startup_stm32f030x8.o(RESET) refers to startup_stm32f030x8.o(.text) for Reset_Handler
    startup_stm32f030x8.o(RESET) refers to stm32f0xx_it.o(i.NMI_Handler) for NMI_Handler
    startup_stm32f030x8.o(RESET) refers to stm32f0xx_it.o(i.HardFault_Handler) for HardFault_Handler
    startup_stm32f030x8.o(RESET) refers to port.o(i.SVC_Handler) for SVC_Handler
    startup_stm32f030x8.o(RESET) refers to port.o(.emb_text) for PendSV_Handler
    startup_stm32f030x8.o(RESET) refers to port.o(i.SysTick_Handler) for SysTick_Handler
    startup_stm32f030x8.o(RESET) refers to stm32f0xx_it.o(i.TIM3_IRQHandler) for TIM3_IRQHandler
    startup_stm32f030x8.o(.text) refers to system_stm32f0xx.o(i.SystemInit) for SystemInit
    startup_stm32f030x8.o(.text) refers to entry.o(.ARM.Collect$$$$00000000) for __main
    max30102.o(i.MAX30100_ClearFIFO) refers to max30102.o(i.MAX30100_WriteReg) for MAX30100_WriteReg
    max30102.o(i.MAX30100_EnableInterrupt) refers to max30102.o(i.MAX30100_WriteReg) for MAX30100_WriteReg
    max30102.o(i.MAX30100_Init) refers to max30102.o(i.MAX30100_Stop) for MAX30100_Stop
    max30102.o(i.MAX30100_Init) refers to max30102.o(i.MAX30100_ClearFIFO) for MAX30100_ClearFIFO
    max30102.o(i.MAX30100_Init) refers to max30102.o(.data) for .data
    max30102.o(i.MAX30100_InterruptHandler) refers to max30102.o(i.MAX30100_ReadReg) for MAX30100_ReadReg
    max30102.o(i.MAX30100_InterruptHandler) refers to max30102.o(i.MAX30100_ReadFIFO) for MAX30100_ReadFIFO
    max30102.o(i.MAX30100_InterruptHandler) refers to max30102.o(i.MAX30100_PlotIrToUART) for MAX30100_PlotIrToUART
    max30102.o(i.MAX30100_InterruptHandler) refers to max30102.o(i.MAX30100_PlotBothToUART) for MAX30100_PlotBothToUART
    max30102.o(i.MAX30100_InterruptHandler) refers to max30102.o(i.MAX30100_SetMode) for MAX30100_SetMode
    max30102.o(i.MAX30100_InterruptHandler) refers to max30102.o(i.MAX30100_ReadTemperature) for MAX30100_ReadTemperature
    max30102.o(i.MAX30100_InterruptHandler) refers to max30102.o(i.MAX30100_EnableInterrupt) for MAX30100_EnableInterrupt
    max30102.o(i.MAX30100_InterruptHandler) refers to max30102.o(.data) for .data
    max30102.o(i.MAX30100_InterruptHandler) refers to max30102.o(.bss) for .bss
    max30102.o(i.MAX30100_Pause) refers to max30102.o(i.MAX30100_SetLEDCurrent) for MAX30100_SetLEDCurrent
    max30102.o(i.MAX30100_Pause) refers to max30102.o(i.MAX30100_SetMode) for MAX30100_SetMode
    max30102.o(i.MAX30100_Pause) refers to max30102.o(.data) for .data
    max30102.o(i.MAX30100_PlotBothToUART) refers to printfa.o(i.__0sprintf) for __2sprintf
    max30102.o(i.MAX30100_PlotBothToUART) refers to strlen.o(.text) for strlen
    max30102.o(i.MAX30100_PlotBothToUART) refers to stm32f0xx_hal_uart.o(i.HAL_UART_Transmit) for HAL_UART_Transmit
    max30102.o(i.MAX30100_PlotIrToUART) refers to printfa.o(i.__0sprintf) for __2sprintf
    max30102.o(i.MAX30100_PlotIrToUART) refers to strlen.o(.text) for strlen
    max30102.o(i.MAX30100_PlotIrToUART) refers to stm32f0xx_hal_uart.o(i.HAL_UART_Transmit) for HAL_UART_Transmit
    max30102.o(i.MAX30100_PlotTemperatureToUART) refers to ffixui.o(.text) for __aeabi_f2uiz
    max30102.o(i.MAX30100_PlotTemperatureToUART) refers to ffltui.o(.text) for __aeabi_ui2f
    max30102.o(i.MAX30100_PlotTemperatureToUART) refers to fadd.o(.text) for __aeabi_frsub
    max30102.o(i.MAX30100_PlotTemperatureToUART) refers to fmul.o(.text) for __aeabi_fmul
    max30102.o(i.MAX30100_PlotTemperatureToUART) refers to printfa.o(i.__0sprintf) for __2sprintf
    max30102.o(i.MAX30100_PlotTemperatureToUART) refers to strlen.o(.text) for strlen
    max30102.o(i.MAX30100_PlotTemperatureToUART) refers to stm32f0xx_hal_uart.o(i.HAL_UART_Transmit) for HAL_UART_Transmit
    max30102.o(i.MAX30100_PlotTemperatureToUART) refers to max30102.o(.data) for .data
    max30102.o(i.MAX30100_ReadFIFO) refers to memseta.o(.text) for __aeabi_memclr4
    max30102.o(i.MAX30100_ReadFIFO) refers to stm32f0xx_hal_i2c.o(i.HAL_I2C_Master_Transmit) for HAL_I2C_Master_Transmit
    max30102.o(i.MAX30100_ReadFIFO) refers to stm32f0xx_hal_i2c.o(i.HAL_I2C_Master_Receive) for HAL_I2C_Master_Receive
    max30102.o(i.MAX30100_ReadFIFO) refers to max30102.o(.data) for .data
    max30102.o(i.MAX30100_ReadFIFO) refers to max30102.o(.bss) for .bss
    max30102.o(i.MAX30100_ReadReg) refers to stm32f0xx_hal_i2c.o(i.HAL_I2C_Master_Transmit) for HAL_I2C_Master_Transmit
    max30102.o(i.MAX30100_ReadReg) refers to stm32f0xx_hal_i2c.o(i.HAL_I2C_Master_Receive) for HAL_I2C_Master_Receive
    max30102.o(i.MAX30100_ReadReg) refers to max30102.o(.data) for .data
    max30102.o(i.MAX30100_ReadTemperature) refers to max30102.o(i.MAX30100_ReadReg) for MAX30100_ReadReg
[...]
    ..\Drivers\STM32F0xx_HAL_Driver\Src\stm32f0xx_hal_tim.c 0x00000000   Number         0  stm32f0xx_hal_tim.o ABSOLUTE
    ..\Drivers\STM32F0xx_HAL_Driver\Src\stm32f0xx_hal_tim_ex.c 0x00000000   Number         0  stm32f0xx_hal_tim_ex.o ABSOLUTE
    ..\Drivers\STM32F0xx_HAL_Driver\Src\stm32f0xx_hal_uart.c 0x00000000   Number         0  stm32f0xx_hal_uart.o ABSOLUTE
    ..\Drivers\STM32F0xx_HAL_Driver\Src\stm32f0xx_hal_uart_ex.c 0x00000000   Number         0  stm32f0xx_hal_uart_ex.o ABSOLUTE
    ..\Middlewares\Third_Party\FreeRTOS\Source\CMSIS_RTOS_V2\cmsis_os2.c 0x00000000   Number         0  cmsis_os2.o ABSOLUTE
    ..\Middlewares\Third_Party\FreeRTOS\Source\portable\RVDS\ARM_CM0\port.c 0x00000000   Number         0  port.o ABSOLUTE
    ..\Src\freertos.c                        0x00000000   Number         0  freertos.o ABSOLUTE
    ..\Src\gpio.c                            0x00000000   Number         0  gpio.o ABSOLUTE
    ..\Src\i2c.c                             0x00000000   Number         0  i2c.o ABSOLUTE
    ..\Src\main.c                            0x00000000   Number         0  main.o ABSOLUTE
    ..\Src\max30102.c                        0x00000000   Number         0  max30102.o ABSOLUTE
    ..\Src\mpu.c                             0x00000000   Number         0  mpu.o ABSOLUTE
    ..\Src\stm32f0xx_hal_msp.c               0x00000000   Number         0  stm32f0xx_hal_msp.o ABSOLUTE
    ..\Src\stm32f0xx_hal_timebase_tim.c      0x00000000   Number         0  stm32f0xx_hal_timebase_tim.o ABSOLUTE
    ..\Src\stm32f0xx_it.c                    0x00000000   Number         0  stm32f0xx_it.o ABSOLUTE
    ..\Src\system_stm32f0xx.c                0x00000000   Number         0  system_stm32f0xx.o ABSOLUTE
    ..\Src\usart.c                           0x00000000   Number         0  usart.o ABSOLUTE
    ..\\Src\\max30102.c                      0x00000000   Number         0  max30102.o ABSOLUTE
    ..\\Src\\mpu.c                           0x00000000   Number         0  mpu.o ABSOLUTE
    cdrcmple.s                               0x00000000   Number         0  cdrcmple.o ABSOLUTE
    dc.s                                     0x00000000   Number         0  dc.o ABSOLUTE
    handlers.s                               0x00000000   Number         0  handlers.o ABSOLUTE
    init.s                                   0x00000000   Number         0  init.o ABSOLUTE
    startup_stm32f030x8.s                    0x00000000   Number         0  startup_stm32f030x8.o ABSOLUTE
    RESET                                    0x08000000   Section      180  startup_stm32f030x8.o(RESET)
    .ARM.Collect$$$$00000000                 0x080000b4   Section        0  entry.o(.ARM.Collect$$$$00000000)
    .ARM.Collect$$$$00000001                 0x080000b4   Section        4  entry2.o(.ARM.Collect$$$$00000001)
    .ARM.Collect$$$$00000004                 0x080000b8   Section        4  entry5.o(.ARM.Collect$$$$00000004)
    .ARM.Collect$$$$00000008                 0x080000bc   Section        0  entry7b.o(.ARM.Collect$$$$00000008)
    .ARM.Collect$$$$0000000A                 0x080000bc   Section        0  entry8b.o(.ARM.Collect$$$$0000000A)
    .ARM.Collect$$$$0000000B                 0x080000bc   Section        8  entry9a.o(.ARM.Collect$$$$0000000B)
    .ARM.Collect$$$$0000000D                 0x080000c4   Section        0  entry10a.o(.ARM.Collect$$$$0000000D)
    .ARM.Collect$$$$0000000F                 0x080000c4   Section        0  entry11a.o(.ARM.Collect$$$$0000000F)
    .ARM.Collect$$$$00002712                 0x080000c4   Section        4  entry2.o(.ARM.Collect$$$$00002712)
    __lit__00000000                          0x080000c4   Data           4  entry2.o(.ARM.Collect$$$$00002712)
    .emb_text                                0x080000c8   Section      120  port.o(.emb_text)
    .text                                    0x08000140   Section       28  startup_stm32f030x8.o(.text)
    .text                                    0x0800015c   Section        0  uidiv.o(.text)
    .text                                    0x08000188   Section        0  uldiv.o(.text)
    .text                                    0x080001e8   Section        0  llushr.o(.text)
    .text                                    0x0800020a   Section        0  memcpya.o(.text)
    .text                                    0x0800022e   Section        0  memseta.o(.text)
    .text                                    0x08000252   Section        0  strlen.o(.text)
    .text                                    0x08000260   Section        0  dadd.o(.text)
    .text                                    0x080003c4   Section        0  dscalb.o(.text)
    .text                                    0x080003f0   Section        0  dflti.o(.text)
    .text                                    0x08000418   Section        0  dfltui.o(.text)
    .text                                    0x08000434   Section        0  d2f.o(.text)
    .text                                    0x0800046c   Section        0  llshl.o(.text)
    .text                                    0x0800048c   Section        0  llsshr.o(.text)
    .text                                    0x080004b2   Section        0  fepilogue.o(.text)
    .text                                    0x080004b2   Section        0  iusefp.o(.text)
    .text                                    0x08000534   Section        0  depilogue.o(.text)
    .text                                    0x080005f4   Section        0  dmul.o(.text)
    .text                                    0x080006c4   Section        0  ddiv.o(.text)
    .text                                    0x080007b4   Section        0  dfixul.o(.text)
    .text                                    0x080007f4   Section       40  cdrcmple.o(.text)
    .text                                    0x0800081c   Section       36  init.o(.text)
    i.Error_Handler                          0x08000840   Section        0  main.o(i.Error_Handler)
    i.HAL_GPIO_Init                          0x08000844   Section        0  stm32f0xx_hal_gpio.o(i.HAL_GPIO_Init)
    i.HAL_GPIO_WritePin                      0x080009b4   Section        0  stm32f0xx_hal_gpio.o(i.HAL_GPIO_WritePin)
    i.HAL_GetTick                            0x080009c0   Section        0  stm32f0xx_hal.o(i.HAL_GetTick)
    i.HAL_I2CEx_ConfigAnalogFilter           0x080009cc   Section        0  stm32f0xx_hal_i2c_ex.o(i.HAL_I2CEx_ConfigAnalogFilter)
    i.HAL_I2CEx_ConfigDigitalFilter          0x08000a16   Section        0  stm32f0xx_hal_i2c_ex.o(i.HAL_I2CEx_ConfigDigitalFilter)
    i.HAL_I2C_Init                           0x08000a60   Section        0  stm32f0xx_hal_i2c.o(i.HAL_I2C_Init)
    i.HAL_I2C_Master_Receive                 0x08000b14   Section        0  stm32f0xx_hal_i2c.o(i.HAL_I2C_Master_Receive)
    i.HAL_I2C_Master_Transmit                0x08000c24   Section        0  stm32f0xx_hal_i2c.o(i.HAL_I2C_Master_Transmit)
    i.HAL_I2C_Mem_Read                       0x08000d34   Section        0  stm32f0xx_hal_i2c.o(i.HAL_I2C_Mem_Read)
    i.HAL_I2C_Mem_Write                      0x08000e88   Section        0  stm32f0xx_hal_i2c.o(i.HAL_I2C_Mem_Write)
    i.HAL_I2C_MspInit                        0x08000fd4   Section        0  i2c.o(i.HAL_I2C_MspInit)
    i.HAL_IncTick                            0x08001038   Section        0  stm32f0xx_hal.o(i.HAL_IncTick)
    i.HAL_Init                               0x08001048   Section        0  stm32f0xx_hal.o(i.HAL_Init)
    i.HAL_InitTick                           0x08001068   Section        0  stm32f0xx_hal_timebase_tim.o(i.HAL_InitTick)
    i.HAL_MspInit                            0x080010e0   Section        0  stm32f0xx_hal_msp.o(i.HAL_MspInit)
    i.HAL_NVIC_EnableIRQ                     0x08001110   Section        0  stm32f0xx_hal_cortex.o(i.HAL_NVIC_EnableIRQ)
    i.HAL_NVIC_SetPriority                   0x08001128   Section        0  stm32f0xx_hal_cortex.o(i.HAL_NVIC_SetPriority)
    i.HAL_RCCEx_PeriphCLKConfig              0x08001130   Section        0  stm32f0xx_hal_rcc_ex.o(i.HAL_RCCEx_PeriphCLKConfig)
    i.HAL_RCC_ClockConfig                    0x08001218   Section        0  stm32f0xx_hal_rcc.o(i.HAL_RCC_ClockConfig)
    i.HAL_RCC_GetClockConfig                 0x08001320   Section        0  stm32f0xx_hal_rcc.o(i.HAL_RCC_GetClockConfig)
    i.HAL_RCC_GetPCLK1Freq                   0x08001358   Section        0  stm32f0xx_hal_rcc.o(i.HAL_RCC_GetPCLK1Freq)
    i.HAL_RCC_GetSysClockFreq                0x08001378   Section        0  stm32f0xx_hal_rcc.o(i.HAL_RCC_GetSysClockFreq)
    i.HAL_RCC_OscConfig                      0x080013f8   Section        0  stm32f0xx_hal_rcc.o(i.HAL_RCC_OscConfig)
    i.HAL_TIMEx_BreakCallback                0x08001780   Section        0  stm32f0xx_hal_tim_ex.o(i.HAL_TIMEx_BreakCallback)
    i.HAL_TIMEx_CommutCallback               0x08001782   Section        0  stm32f0xx_hal_tim_ex.o(i.HAL_TIMEx_CommutCallback)
    i.HAL_TIM_Base_Init                      0x08001784   Section        0  stm32f0xx_hal_tim.o(i.HAL_TIM_Base_Init)
    i.HAL_TIM_Base_MspInit                   0x080017cc   Section        0  stm32f0xx_hal_tim.o(i.HAL_TIM_Base_MspInit)
    i.HAL_TIM_Base_Start_IT                  0x080017d0   Section        0  stm32f0xx_hal_tim.o(i.HAL_TIM_Base_Start_IT)
    i.HAL_TIM_IC_CaptureCallback             0x08001820   Section        0  stm32f0xx_hal_tim.o(i.HAL_TIM_IC_CaptureCallback)
    i.HAL_TIM_IRQHandler                     0x08001822   Section        0  stm32f0xx_hal_tim.o(i.HAL_TIM_IRQHandler)
    i.HAL_TIM_OC_DelayElapsedCallback        0x08001984   Section        0  stm32f0xx_hal_tim.o(i.HAL_TIM_OC_DelayElapsedCallback)
    i.HAL_TIM_PWM_PulseFinishedCallback      0x08001986   Section        0  stm32f0xx_hal_tim.o(i.HAL_TIM_PWM_PulseFinishedCallback)
    i.HAL_TIM_PeriodElapsedCallback          0x08001988   Section        0  main.o(i.HAL_TIM_PeriodElapsedCallback)
    i.HAL_TIM_TriggerCallback                0x0800199c   Section        0  stm32f0xx_hal_tim.o(i.HAL_TIM_TriggerCallback)
    i.HAL_UART_Init                          0x0800199e   Section        0  stm32f0xx_hal_uart.o(i.HAL_UART_Init)
    i.HAL_UART_MspInit                       0x08001a08   Section        0  usart.o(i.HAL_UART_MspInit)
    i.HAL_UART_Transmit                      0x08001a6c   Section        0  stm32f0xx_hal_uart.o(i.HAL_UART_Transmit)
    i.HardFault_Handler                      0x08001b3e   Section        0  stm32f0xx_it.o(i.HardFault_Handler)
    i.I2C_Flush_TXDR                         0x08001b40   Section        0  stm32f0xx_hal_i2c.o(i.I2C_Flush_TXDR)
    I2C_Flush_TXDR                           0x08001b41   Thumb Code    34  stm32f0xx_hal_i2c.o(i.I2C_Flush_TXDR)
    i.I2C_IsAcknowledgeFailed                0x08001b64   Section        0  stm32f0xx_hal_i2c.o(i.I2C_IsAcknowledgeFailed)
    I2C_IsAcknowledgeFailed                  0x08001b65   Thumb Code   108  stm32f0xx_hal_i2c.o(i.I2C_IsAcknowledgeFailed)
    i.I2C_RequestMemoryRead                  0x08001bd4   Section        0  stm32f0xx_hal_i2c.o(i.I2C_RequestMemoryRead)
    I2C_RequestMemoryRead                    0x08001bd5   Thumb Code    92  stm32f0xx_hal_i2c.o(i.I2C_RequestMemoryRead)
    i.I2C_RequestMemoryWrite                 0x08001c34   Section        0  stm32f0xx_hal_i2c.o(i.I2C_RequestMemoryWrite)
    I2C_RequestMemoryWrite                   0x08001c35   Thumb Code    92  stm32f0xx_hal_i2c.o(i.I2C_RequestMemoryWrite)
    i.I2C_TransferConfig                     0x08001c94   Section        0  stm32f0xx_hal_i2c.o(i.I2C_TransferConfig)
    I2C_TransferConfig                       0x08001c95   Thumb Code    34  stm32f0xx_hal_i2c.o(i.I2C_TransferConfig)
    i.I2C_WaitOnFlagUntilTimeout             0x08001cbc   Section        0  stm32f0xx_hal_i2c.o(i.I2C_WaitOnFlagUntilTimeout)
    I2C_WaitOnFlagUntilTimeout               0x08001cbd   Thumb Code    78  stm32f0xx_hal_i2c.o(i.I2C_WaitOnFlagUntilTimeout)
    i.I2C_WaitOnRXNEFlagUntilTimeout         0x08001d0c   Section        0  stm32f0xx_hal_i2c.o(i.I2C_WaitOnRXNEFlagUntilTimeout)
    I2C_WaitOnRXNEFlagUntilTimeout           0x08001d0d   Thumb Code   122  stm32f0xx_hal_i2c.o(i.I2C_WaitOnRXNEFlagUntilTimeout)
    i.I2C_WaitOnSTOPFlagUntilTimeout         0x08001d8c   Section        0  stm32f0xx_hal_i2c.o(i.I2C_WaitOnSTOPFlagUntilTimeout)
    I2C_WaitOnSTOPFlagUntilTimeout           0x08001d8d   Thumb Code    76  stm32f0xx_hal_i2c.o(i.I2C_WaitOnSTOPFlagUntilTimeout)
    i.I2C_WaitOnTXISFlagUntilTimeout         0x08001dd8   Section        0  stm32f0xx_hal_i2c.o(i.I2C_WaitOnTXISFlagUntilTimeout)
    I2C_WaitOnTXISFlagUntilTimeout           0x08001dd9   Thumb Code    80  stm32f0xx_hal_i2c.o(i.I2C_WaitOnTXISFlagUntilTimeout)
    i.MAX30100_ClearFIFO                     0x08001e28   Section        0  max30102.o(i.MAX30100_ClearFIFO)
    i.MAX30100_EnableInterrupt               0x08001e44   Section        0  max30102.o(i.MAX30100_EnableInterrupt)
    i.MAX30100_Init                          0x08001e68   Section        0  max30102.o(i.MAX30100_Init)
    i.MAX30100_InterruptHandler              0x08001e80   Section        0  max30102.o(i.MAX30100_InterruptHandler)
    i.MAX30100_PlotBothToUART                0x08001ee4   Section        0  max30102.o(i.MAX30100_PlotBothToUART)
    i.MAX30100_PlotIrToUART                  0x08001f30   Section        0  max30102.o(i.MAX30100_PlotIrToUART)
    i.MAX30100_ReadFIFO                      0x08001f70   Section        0  max30102.o(i.MAX30100_ReadFIFO)
    i.MAX30100_ReadReg                       0x08001fe0   Section        0  max30102.o(i.MAX30100_ReadReg)
    i.MAX30100_ReadTemperature               0x08002014   Section        0  max30102.o(i.MAX30100_ReadTemperature)
    i.MAX30100_SetLEDCurrent                 0x08002048   Section        0  max30102.o(i.MAX30100_SetLEDCurrent)
    i.MAX30100_SetLEDPulseWidth              0x08002064   Section        0  max30102.o(i.MAX30100_SetLEDPulseWidth)
    i.MAX30100_SetMode                       0x08002080   Section        0  max30102.o(i.MAX30100_SetMode)
    i.MAX30100_SetSpO2SampleRate             0x080020dc   Section        0  max30102.o(i.MAX30100_SetSpO2SampleRate)
    i.MAX30100_Stop                          0x080020f8   Section        0  max30102.o(i.MAX30100_Stop)
    i.MAX30100_WriteReg                      0x08002114   Section        0  max30102.o(i.MAX30100_WriteReg)
    i.MPU6050Init                            0x08002138   Section        0  mpu.o(i.MPU6050Init)
    i.MX_FREERTOS_Init                       0x080021d8   Section        0  freertos.o(i.MX_FREERTOS_Init)
    i.MX_GPIO_Init                           0x0800221c   Section        0  gpio.o(i.MX_GPIO_Init)
    i.MX_I2C1_Init                           0x080022a8   Section        0  i2c.o(i.MX_I2C1_Init)
    i.MX_USART1_UART_Init                    0x08002300   Section        0  usart.o(i.MX_USART1_UART_Init)
    i.NMI_Handler                            0x08002338   Section        0  stm32f0xx_it.o(i.NMI_Handler)
    i.SVC_Handler                            0x0800233a   Section        0  port.o(i.SVC_Handler)
    i.StartDefaultTask                       0x0800233c   Section        0  freertos.o(i.StartDefaultTask)
    i.StartTask02                            0x08002348   Section        0  freertos.o(i.StartTask02)
    i.StartTask03                            0x08002378   Section        0  freertos.o(i.StartTask03)
    i.SysTick_Handler                        0x080023a4   Section        0  port.o(i.SysTick_Handler)
    i.SystemClock_Config                     0x080023c8   Section        0  main.o(i.SystemClock_Config)
    i.SystemInit                             0x08002436   Section        0  system_stm32f0xx.o(i.SystemInit)
    i.TIM3_IRQHandler                        0x08002438   Section        0  stm32f0xx_it.o(i.TIM3_IRQHandler)
    i.TIM_Base_SetConfig                     0x08002448   Section        0  stm32f0xx_hal_tim.o(i.TIM_Base_SetConfig)
    i.UART_AdvFeatureConfig                  0x080024d0   Section        0  stm32f0xx_hal_uart.o(i.UART_AdvFeatureConfig)
    i.UART_CheckIdleState                    0x0800259c   Section        0  stm32f0xx_hal_uart.o(i.UART_CheckIdleState)
    i.UART_SetConfig                         0x08002600   Section        0  stm32f0xx_hal_uart.o(i.UART_SetConfig)
    i.UART_WaitOnFlagUntilTimeout            0x08002734   Section        0  stm32f0xx_hal_uart.o(i.UART_WaitOnFlagUntilTimeout)
    i.__0sprintf                             0x080027d4   Section        0  printfa.o(i.__0sprintf)
    i.__ARM_clz                              0x080027fc   Section        0  depilogue.o(i.__ARM_clz)
    i.__ARM_common_ll_muluu                  0x0800282a   Section        0  stm32f0xx_hal_rcc.o(i.__ARM_common_ll_muluu)
    i.__ARM_common_switch8                   0x0800285a   Section        0  stm32f0xx_hal_dma.o(i.__ARM_common_switch8)
    i.__NVIC_SetPriority                     0x08002874   Section        0  stm32f0xx_hal_cortex.o(i.__NVIC_SetPriority)
    __NVIC_SetPriority                       0x08002875   Thumb Code    60  stm32f0xx_hal_cortex.o(i.__NVIC_SetPriority)
    i.__scatterload_copy                     0x080028b8   Section       14  handlers.o(i.__scatterload_copy)
    i.__scatterload_null                     0x080028c6   Section        2  handlers.o(i.__scatterload_null)
    i.__scatterload_zeroinit                 0x080028c8   Section       14  handlers.o(i.__scatterload_zeroinit)
    i._fp_digits                             0x080028d8   Section        0  printfa.o(i._fp_digits)
    _fp_digits                               0x080028d9   Thumb Code   344  printfa.o(i._fp_digits)
    i._printf_core                           0x08002a4c   Section        0  printfa.o(i._printf_core)
    _printf_core                             0x08002a4d   Thumb Code  1754  printfa.o(i._printf_core)
    i._printf_post_padding                   0x08003138   Section        0  printfa.o(i._printf_post_padding)
    _printf_post_padding                     0x08003139   Thumb Code    32  printfa.o(i._printf_post_padding)
    i._printf_pre_padding                    0x08003158   Section        0  printfa.o(i._printf_pre_padding)
    _printf_pre_padding                      0x08003159   Thumb Code    44  printfa.o(i._printf_pre_padding)
    i._sputc                                 0x08003184   Section        0  printfa.o(i._sputc)
    _sputc                                   0x08003185   Thumb Code    10  printfa.o(i._sputc)
    i.main                                   0x08003190   Section        0  main.o(i.main)
    i.osDelay                                0x080031e0   Section        0  cmsis_os2.o(i.osDelay)
    i.osKernelInitialize                     0x08003214   Section        0  cmsis_os2.o(i.osKernelInitialize)
    i.osKernelStart                          0x08003248   Section        0  cmsis_os2.o(i.osKernelStart)
    i.osThreadNew                            0x08003284   Section        0  cmsis_os2.o(i.osThreadNew)
    i.prvAddCurrentTaskToDelayedList         0x08003334   Section        0  tasks.o(i.prvAddCurrentTaskToDelayedList)
    prvAddCurrentTaskToDelayedList           0x08003335   Thumb Code    78  tasks.o(i.prvAddCurrentTaskToDelayedList)
    i.prvAddNewTaskToReadyList               0x0800338c   Section        0  tasks.o(i.prvAddNewTaskToReadyList)
    prvAddNewTaskToReadyList                 0x0800338d   Thumb Code   174  tasks.o(i.prvAddNewTaskToReadyList)
    i.prvCheckForValidListAndQueue           0x08003448   Section        0  timers.o(i.prvCheckForValidListAndQueue)
    prvCheckForValidListAndQueue             0x08003449   Thumb Code    74  timers.o(i.prvCheckForValidListAndQueue)
    i.prvCopyDataFromQueue                   0x080034a4   Section        0  queue.o(i.prvCopyDataFromQueue)
    prvCopyDataFromQueue                     0x080034a5   Thumb Code    38  queue.o(i.prvCopyDataFromQueue)
    i.prvCopyDataToQueue                     0x080034ca   Section        0  queue.o(i.prvCopyDataToQueue)
    prvCopyDataToQueue                       0x080034cb   Thumb Code   112  queue.o(i.prvCopyDataToQueue)
    i.prvDeleteTCB                           0x0800353a   Section        0  tasks.o(i.prvDeleteTCB)
    prvDeleteTCB                             0x0800353b   Thumb Code    38  tasks.o(i.prvDeleteTCB)
    i.prvIdleTask                            0x08003560   Section        0  tasks.o(i.prvIdleTask)
    prvIdleTask                              0x08003561   Thumb Code    62  tasks.o(i.prvIdleTask)
    i.prvInitialiseNewQueue                  0x080035ac   Section        0  queue.o(i.prvInitialiseNewQueue)
    prvInitialiseNewQueue                    0x080035ad   Thumb Code    34  queue.o(i.prvInitialiseNewQueue)
    i.prvInitialiseNewTask                   0x080035ce   Section        0  tasks.o(i.prvInitialiseNewTask)
    prvInitialiseNewTask                     0x080035cf   Thumb Code   136  tasks.o(i.prvInitialiseNewTask)
    i.prvInsertTimerInActiveList             0x08003658   Section        0  timers.o(i.prvInsertTimerInActiveList)
    prvInsertTimerInActiveList               0x08003659   Thumb Code    52  timers.o(i.prvInsertTimerInActiveList)
    i.prvIsQueueEmpty                        0x08003690   Section        0  queue.o(i.prvIsQueueEmpty)
    prvIsQueueEmpty                          0x08003691   Thumb Code    28  queue.o(i.prvIsQueueEmpty)
    i.prvProcessReceivedCommands             0x080036ac   Section        0  timers.o(i.prvProcessReceivedCommands)
    prvProcessReceivedCommands               0x080036ad   Thumb Code   184  timers.o(i.prvProcessReceivedCommands)
    i.prvProcessTimerOrBlockTask             0x08003768   Section        0  timers.o(i.prvProcessTimerOrBlockTask)
    prvProcessTimerOrBlockTask               0x08003769   Thumb Code   152  timers.o(i.prvProcessTimerOrBlockTask)
    i.prvResetNextTaskUnblockTime            0x08003804   Section        0  tasks.o(i.prvResetNextTaskUnblockTime)
    prvResetNextTaskUnblockTime              0x08003805   Thumb Code    28  tasks.o(i.prvResetNextTaskUnblockTime)
    i.prvSampleTimeNow                       0x08003824   Section        0  timers.o(i.prvSampleTimeNow)
    prvSampleTimeNow                         0x08003825   Thumb Code    36  timers.o(i.prvSampleTimeNow)
    i.prvSwitchTimerLists                    0x0800384c   Section        0  timers.o(i.prvSwitchTimerLists)
    prvSwitchTimerLists                      0x0800384d   Thumb Code    92  timers.o(i.prvSwitchTimerLists)
    i.prvTaskExitError                       0x080038ac   Section        0  port.o(i.prvTaskExitError)
    prvTaskExitError                         0x080038ad   Thumb Code    14  port.o(i.prvTaskExitError)
    i.prvTimerTask                           0x080038c0   Section        0  timers.o(i.prvTimerTask)
    prvTimerTask                             0x080038c1   Thumb Code    32  timers.o(i.prvTimerTask)
    i.prvUnlockQueue                         0x080038e4   Section        0  queue.o(i.prvUnlockQueue)
    prvUnlockQueue                           0x080038e5   Thumb Code   112  queue.o(i.prvUnlockQueue)
    i.pvPortMalloc                           0x08003954   Section        0  heap_2.o(i.pvPortMalloc)
    i.pxPortInitialiseStack                  0x08003a08   Section        0  port.o(i.pxPortInitialiseStack)
    i.uxListRemove                           0x08003a28   Section        0  list.o(i.uxListRemove)
    i.vApplicationGetIdleTaskMemory          0x08003a50   Section        0  cmsis_os2.o(i.vApplicationGetIdleTaskMemory)
    i.vApplicationGetTimerTaskMemory         0x08003a64   Section        0  cmsis_os2.o(i.vApplicationGetTimerTaskMemory)
    i.vListInitialise                        0x08003a78   Section        0  list.o(i.vListInitialise)
    i.vListInitialiseItem                    0x08003a8e   Section        0  list.o(i.vListInitialiseItem)
    i.vListInsert                            0x08003a94   Section        0  list.o(i.vListInsert)
    i.vListInsertEnd                         0x08003ac4   Section        0  list.o(i.vListInsertEnd)
    i.vPortEnterCritical                     0x08003adc   Section        0  port.o(i.vPortEnterCritical)
    i.vPortExitCritical                      0x08003af4   Section        0  port.o(i.vPortExitCritical)
    i.vPortFree                              0x08003b10   Section        0  heap_2.o(i.vPortFree)
    i.vPortYield                             0x08003b48   Section        0  port.o(i.vPortYield)
    i.vQueueAddToRegistry                    0x08003b60   Section        0  queue.o(i.vQueueAddToRegistry)
    i.vQueueWaitForMessageRestricted         0x08003b84   Section        0  queue.o(i.vQueueWaitForMessageRestricted)
    i.vTaskDelay                             0x08003bc8   Section        0  tasks.o(i.vTaskDelay)
    i.vTaskInternalSetTimeOutState           0x08003bf8   Section        0  tasks.o(i.vTaskInternalSetTimeOutState)
    i.vTaskMissedYield                       0x08003c08   Section        0  tasks.o(i.vTaskMissedYield)
    i.vTaskPlaceOnEventList                  0x08003c14   Section        0  tasks.o(i.vTaskPlaceOnEventList)
    i.vTaskPlaceOnEventListRestricted        0x08003c38   Section        0  tasks.o(i.vTaskPlaceOnEventListRestricted)
    i.vTaskStartScheduler                    0x08003c68   Section        0  tasks.o(i.vTaskStartScheduler)
    i.vTaskSuspendAll                        0x08003cd0   Section        0  tasks.o(i.vTaskSuspendAll)
    i.vTaskSwitchContext                     0x08003ce0   Section        0  tasks.o(i.vTaskSwitchContext)
    i.xPortStartScheduler                    0x08003d38   Section        0  port.o(i.xPortStartScheduler)
    i.xQueueGenericCreateStatic              0x08003d88   Section        0  queue.o(i.xQueueGenericCreateStatic)
    i.xQueueGenericReset                     0x08003dc8   Section        0  queue.o(i.xQueueGenericReset)
    i.xQueueGenericSend                      0x08003e34   Section        0  queue.o(i.xQueueGenericSend)
    i.xQueueGenericSendFromISR               0x08003f4c   Section        0  queue.o(i.xQueueGenericSendFromISR)
    i.xQueueReceive                          0x08003fd8   Section        0  queue.o(i.xQueueReceive)
    i.xTaskCheckForTimeOut                   0x080040dc   Section        0  tasks.o(i.xTaskCheckForTimeOut)
    i.xTaskCreate                            0x08004138   Section        0  tasks.o(i.xTaskCreate)
    i.xTaskCreateStatic                      0x0800418a   Section        0  tasks.o(i.xTaskCreateStatic)
    i.xTaskGetSchedulerState                 0x080041d0   Section        0  tasks.o(i.xTaskGetSchedulerState)
    i.xTaskGetTickCount                      0x080041f0   Section        0  tasks.o(i.xTaskGetTickCount)
    i.xTaskIncrementTick                     0x080041fc   Section        0  tasks.o(i.xTaskIncrementTick)
    i.xTaskPriorityDisinherit                0x080042b8   Section        0  tasks.o(i.xTaskPriorityDisinherit)
    i.xTaskRemoveFromEventList               0x08004320   Section        0  tasks.o(i.xTaskRemoveFromEventList)
    i.xTaskResumeAll                         0x08004384   Section        0  tasks.o(i.xTaskResumeAll)
    i.xTimerCreateTimerTask                  0x08004434   Section        0  timers.o(i.xTimerCreateTimerTask)
    i.xTimerGenericCommand                   0x0800448c   Section        0  timers.o(i.xTimerGenericCommand)
    .constdata                               0x080044e0   Section      108  freertos.o(.constdata)
    .constdata                               0x0800454c   Section       16  system_stm32f0xx.o(.constdata)
    .constdata                               0x0800455c   Section        8  system_stm32f0xx.o(.constdata)
    .conststring                             0x08004564   Section       26  freertos.o(.conststring)
    .data                                    0x20000000   Section       20  max30102.o(.data)
    .data                                    0x20000014   Section        2  mpu.o(.data)
    .data                                    0x20000018   Section       12  freertos.o(.data)
    .data                                    0x20000024   Section       12  stm32f0xx_hal.o(.data)
    .data                                    0x20000030   Section        4  system_stm32f0xx.o(.data)
    .data                                    0x20000034   Section       60  tasks.o(.data)
    pxDelayedTaskList                        0x20000038   Data           4  tasks.o(.data)
    pxOverflowDelayedTaskList                0x2000003c   Data           4  tasks.o(.data)
    uxDeletedTasksWaitingCleanUp             0x20000040   Data           4  tasks.o(.data)
    uxCurrentNumberOfTasks                   0x20000044   Data           4  tasks.o(.data)
    xTickCount                               0x20000048   Data           4  tasks.o(.data)
    uxTopReadyPriority                       0x2000004c   Data           4  tasks.o(.data)
    xSchedulerRunning                        0x20000050   Data           4  tasks.o(.data)
    uxPendedTicks                            0x20000054   Data           4  tasks.o(.data)
    xYieldPending                            0x20000058   Data           4  tasks.o(.data)
    xNumOfOverflows                          0x2000005c   Data           4  tasks.o(.data)
    uxTaskNumber                             0x20000060   Data           4  tasks.o(.data)
    xNextTaskUnblockTime                     0x20000064   Data           4  tasks.o(.data)
    xIdleTaskHandle                          0x20000068   Data           4  tasks.o(.data)
    uxSchedulerSuspended                     0x2000006c   Data           4  tasks.o(.data)
    .data                                    0x20000070   Section       20  timers.o(.data)
    pxCurrentTimerList                       0x20000070   Data           4  timers.o(.data)
    pxOverflowTimerList                      0x20000074   Data           4  timers.o(.data)
    xTimerQueue                              0x20000078   Data           4  timers.o(.data)
    xTimerTaskHandle                         0x2000007c   Data           4  timers.o(.data)
    xLastTime                                0x20000080   Data           4  timers.o(.data)
    .data                                    0x20000084   Section        4  cmsis_os2.o(.data)
    KernelState                              0x20000084   Data           4  cmsis_os2.o(.data)
    .data                                    0x20000088   Section       24  heap_2.o(.data)
    xFreeBytesRemaining                      0x20000088   Data           4  heap_2.o(.data)
    xHeapHasBeenInitialised                  0x2000008c   Data           4  heap_2.o(.data)
    xStart                                   0x20000090   Data           8  heap_2.o(.data)
    xEnd                                     0x20000098   Data           8  heap_2.o(.data)
    .data                                    0x200000a0   Section        4  port.o(.data)
    uxCriticalNesting                        0x200000a0   Data           4  port.o(.data)
    .bss                                     0x200000a4   Section       64  max30102.o(.bss)
    .bss                                     0x200000e4   Section       76  i2c.o(.bss)
    .bss                                     0x20000130   Section      132  usart.o(.bss)
    .bss                                     0x200001b4   Section       72  stm32f0xx_hal_timebase_tim.o(.bss)
    .bss                                     0x200001fc   Section       64  queue.o(.bss)
    .bss                                     0x2000023c   Section     1220  tasks.o(.bss)
    pxReadyTasksLists                        0x2000023c   Data        1120  tasks.o(.bss)
    xDelayedTaskList1                        0x2000069c   Data          20  tasks.o(.bss)
    xDelayedTaskList2                        0x200006b0   Data          20  tasks.o(.bss)
    xPendingReadyList                        0x200006c4   Data          20  tasks.o(.bss)
    xTasksWaitingTermination                 0x200006d8   Data          20  tasks.o(.bss)
    xSuspendedTaskList                       0x200006ec   Data          20  tasks.o(.bss)
    .bss                                     0x20000700   Section      280  timers.o(.bss)
    xActiveTimerList1                        0x20000700   Data          20  timers.o(.bss)
    xActiveTimerList2                        0x20000714   Data          20  timers.o(.bss)
    xStaticTimerQueue                        0x20000728   Data          80  timers.o(.bss)
    ucStaticTimerQueueStorage                0x20000778   Data         160  timers.o(.bss)
    .bss                                     0x20000818   Section      952  cmsis_os2.o(.bss)
    Idle_TCB                                 0x20000818   Data          92  cmsis_os2.o(.bss)
    Idle_Stack                               0x20000874   Data         256  cmsis_os2.o(.bss)
    Timer_TCB                                0x20000974   Data          92  cmsis_os2.o(.bss)
    Timer_Stack                              0x200009d0   Data         512  cmsis_os2.o(.bss)
    .bss                                     0x20000bd0   Section     2048  heap_2.o(.bss)
    ucHeap                                   0x20000bd0   Data        2048  heap_2.o(.bss)
    STACK                                    0x200013d0   Section     1024  startup_stm32f030x8.o(STACK)

    Global Symbols

    Symbol Name                              Value     Ov Type        Size  Object(Section)

    BuildAttributes$$THM_ISAv3M$S$PE$A:L22$X:L11$S22$IEEE1$IW$USESV6$~STKCKD$USESV7$~SHL$OTIME$ROPI$EBA8$MICROLIB$REQ8$PRES8$EABIv2 0x00000000   Number         0  anon$$obj.o ABSOLUTE
    __ARM_use_no_argv                        0x00000000   Number         0  main.o ABSOLUTE
    _printf_a                                0x00000000   Number         0  stubs.o ABSOLUTE
    _printf_c                                0x00000000   Number         0  stubs.o ABSOLUTE
    _printf_charcount                        0x00000000   Number         0  stubs.o ABSOLUTE
    _printf_d                                0x00000000   Number         0  stubs.o ABSOLUTE
    _printf_e                                0x00000000   Number         0  stubs.o ABSOLUTE
    _printf_f                                0x00000000   Number         0  stubs.o ABSOLUTE
    _printf_flags                            0x00000000   Number         0  stubs.o ABSOLUTE
    _printf_fp_dec                           0x00000000   Number         0  stubs.o ABSOLUTE
    _printf_fp_hex                           0x00000000   Number         0  stubs.o ABSOLUTE
    _printf_g                                0x00000000   Number         0  stubs.o ABSOLUTE
    _printf_i                                0x00000000   Number         0  stubs.o ABSOLUTE
    _printf_int_dec                          0x00000000   Number         0  stubs.o ABSOLUTE
    _printf_l                                0x00000000   Number         0  stubs.o ABSOLUTE
    _printf_lc                               0x00000000   Number         0  stubs.o ABSOLUTE
    _printf_ll                               0x00000000   Number         0  stubs.o ABSOLUTE
    _printf_lld                              0x00000000   Number         0  stubs.o ABSOLUTE
    _printf_lli                              0x00000000   Number         0  stubs.o ABSOLUTE
    _printf_llo                              0x00000000   Number         0  stubs.o ABSOLUTE
    _printf_llu                              0x00000000   Number         0  stubs.o ABSOLUTE
    _printf_llx                              0x00000000   Number         0  stubs.o ABSOLUTE
    _printf_longlong_dec                     0x00000000   Number         0  stubs.o ABSOLUTE
    _printf_longlong_hex                     0x00000000   Number         0  stubs.o ABSOLUTE
    _printf_longlong_oct                     0x00000000   Number         0  stubs.o ABSOLUTE
    _printf_ls                               0x00000000   Number         0  stubs.o ABSOLUTE
    _printf_mbtowc                           0x00000000   Number         0  stubs.o ABSOLUTE
    _printf_n                                0x00000000   Number         0  stubs.o ABSOLUTE
    _printf_o                                0x00000000   Number         0  stubs.o ABSOLUTE
    _printf_p                                0x00000000   Number         0  stubs.o ABSOLUTE
    _printf_percent                          0x00000000   Number         0  stubs.o ABSOLUTE
    _printf_pre_padding                      0x00000000   Number         0  stubs.o ABSOLUTE
    _printf_return_value                     0x00000000   Number         0  stubs.o ABSOLUTE
    _printf_s                                0x00000000   Number         0  stubs.o ABSOLUTE
    _printf_sizespec                         0x00000000   Number         0  stubs.o ABSOLUTE
    _printf_str                              0x00000000   Number         0  stubs.o ABSOLUTE
    _printf_truncate_signed                  0x00000000   Number         0  stubs.o ABSOLUTE
    _printf_truncate_unsigned                0x00000000   Number         0  stubs.o ABSOLUTE
    _printf_u                                0x00000000   Number         0  stubs.o ABSOLUTE
    _printf_wc                               0x00000000   Number         0  stubs.o ABSOLUTE
    _printf_wctomb                           0x00000000   Number         0  stubs.o ABSOLUTE
    _printf_widthprec                        0x00000000   Number         0  stubs.o ABSOLUTE
    _printf_x                                0x00000000   Number         0  stubs.o ABSOLUTE
    __cpp_initialize__aeabi_                  - Undefined Weak Reference
    __cxa_finalize                            - Undefined Weak Reference
    __decompress                              - Undefined Weak Reference
    _clock_init                               - Undefined Weak Reference
    _microlib_exit                            - Undefined Weak Reference
    __Vectors_Size                           0x000000b4   Number         0  startup_stm32f030x8.o ABSOLUTE
    __Vectors                                0x08000000   Data           4  startup_stm32f030x8.o(RESET)
    __Vectors_End                            0x080000b4   Data           0  startup_stm32f030x8.o(RESET)
    __main                                   0x080000b5   Thumb Code     0  entry.o(.ARM.Collect$$$$00000000)
    _main_stk                                0x080000b5   Thumb Code     0  entry2.o(.ARM.Collect$$$$00000001)
    _main_scatterload                        0x080000b9   Thumb Code     0  entry5.o(.ARM.Collect$$$$00000004)
    __main_after_scatterload                 0x080000bd   Thumb Code     0  entry5.o(.ARM.Collect$$$$00000004)
    _main_clock                              0x080000bd   Thumb Code     0  entry7b.o(.ARM.Collect$$$$00000008)
    _main_cpp_init                           0x080000bd   Thumb Code     0  entry8b.o(.ARM.Collect$$$$0000000A)
    _main_init                               0x080000bd   Thumb Code     0  entry9a.o(.ARM.Collect$$$$0000000B)
    __rt_final_cpp                           0x080000c5   Thumb Code     0  entry10a.o(.ARM.Collect$$$$0000000D)
    __rt_final_exit                          0x080000c5   Thumb Code     0  entry11a.o(.ARM.Collect$$$$0000000F)
    __asm___6_port_c_39a90d8d__prvPortStartFirstTask 0x080000c9   Thumb Code    36  port.o(.emb_text)
    ulSetInterruptMaskFromISR                0x080000f1   Thumb Code     8  port.o(.emb_text)
    vClearInterruptMaskFromISR               0x080000f9   Thumb Code     6  port.o(.emb_text)
    PendSV_Handler                           0x080000ff   Thumb Code    62  port.o(.emb_text)
    Reset_Handler                            0x08000141   Thumb Code     8  startup_stm32f030x8.o(.text)
    ADC1_IRQHandler                          0x08000153   Thumb Code     0  startup_stm32f030x8.o(.text)
    DMA1_Channel1_IRQHandler                 0x08000153   Thumb Code     0  startup_stm32f030x8.o(.text)
    DMA1_Channel2_3_IRQHandler               0x08000153   Thumb Code     0  startup_stm32f030x8.o(.text)
    DMA1_Channel4_5_IRQHandler               0x08000153   Thumb Code     0  startup_stm32f030x8.o(.text)
    EXTI0_1_IRQHandler                       0x08000153   Thumb Code     0  startup_stm32f030x8.o(.text)
    EXTI2_3_IRQHandler                       0x08000153   Thumb Code     0  startup_stm32f030x8.o(.text)
    EXTI4_15_IRQHandler                      0x08000153   Thumb Code     0  startup_stm32f030x8.o(.text)
    FLASH_IRQHandler                         0x08000153   Thumb Code     0  startup_stm32f030x8.o(.text)
    I2C1_IRQHandler                          0x08000153   Thumb Code     0  startup_stm32f030x8.o(.text)
    I2C2_IRQHandler                          0x08000153   Thumb Code     0  startup_stm32f030x8.o(.text)
    RCC_IRQHandler                           0x08000153   Thumb Code     0  startup_stm32f030x8.o(.text)
    RTC_IRQHandler                           0x08000153   Thumb Code     0  startup_stm32f030x8.o(.text)
    SPI1_IRQHandler                          0x08000153   Thumb Code     0  startup_stm32f030x8.o(.text)
    SPI2_IRQHandler                          0x08000153   Thumb Code     0  startup_stm32f030x8.o(.text)
    TIM14_IRQHandler                         0x08000153   Thumb Code     0  startup_stm32f030x8.o(.text)
    TIM15_IRQHandler                         0x08000153   Thumb Code     0  startup_stm32f030x8.o(.text)
    TIM16_IRQHandler                         0x08000153   Thumb Code     0  startup_stm32f030x8.o(.text)
    TIM17_IRQHandler                         0x08000153   Thumb Code     0  startup_stm32f030x8.o(.text)
    TIM1_BRK_UP_TRG_COM_IRQHandler           0x08000153   Thumb Code     0  startup_stm32f030x8.o(.text)
    TIM1_CC_IRQHandler                       0x08000153   Thumb Code     0  startup_stm32f030x8.o(.text)
    TIM6_IRQHandler                          0x08000153   Thumb Code     0  startup_stm32f030x8.o(.text)
    USART1_IRQHandler                        0x08000153   Thumb Code     0  startup_stm32f030x8.o(.text)
    USART2_IRQHandler                        0x08000153   Thumb Code     0  startup_stm32f030x8.o(.text)
    WWDG_IRQHandler                          0x08000153   Thumb Code     0  startup_stm32f030x8.o(.text)
    __aeabi_uidiv                            0x0800015d   Thumb Code     0  uidiv.o(.text)
    __aeabi_uidivmod                         0x0800015d   Thumb Code    44  uidiv.o(.text)
    __aeabi_uldivmod                         0x08000189   Thumb Code    96  uldiv.o(.text)
    __aeabi_llsr                             0x080001e9   Thumb Code    34  llushr.o(.text)
    _ll_ushift_r                             0x080001e9   Thumb Code     0  llushr.o(.text)
    __aeabi_memcpy                           0x0800020b   Thumb Code    36  memcpya.o(.text)
    __aeabi_memcpy4                          0x0800020b   Thumb Code     0  memcpya.o(.text)
    __aeabi_memcpy8                          0x0800020b   Thumb Code     0  memcpya.o(.text)
    __aeabi_memset                           0x0800022f   Thumb Code    14  memseta.o(.text)
    __aeabi_memset4                          0x0800022f   Thumb Code     0  memseta.o(.text)
    __aeabi_memset8                          0x0800022f   Thumb Code     0  memseta.o(.text)
    __aeabi_memclr                           0x0800023d   Thumb Code     4  memseta.o(.text)
    __aeabi_memclr4                          0x0800023d   Thumb Code     0  memseta.o(.text)
    __aeabi_memclr8                          0x0800023d   Thumb Code     0  memseta.o(.text)
    memset                                   0x08000241   Thumb Code    18  memseta.o(.text)
    strlen                                   0x08000253   Thumb Code    14  strlen.o(.text)
    __aeabi_dadd                             0x08000261   Thumb Code   328  dadd.o(.text)
    __aeabi_dsub                             0x080003a9   Thumb Code    12  dadd.o(.text)
    __aeabi_drsub                            0x080003b5   Thumb Code    12  dadd.o(.text)
    __ARM_scalbn                             0x080003c5   Thumb Code    44  dscalb.o(.text)
    scalbn                                   0x080003c5   Thumb Code     0  dscalb.o(.text)
    __aeabi_i2d                              0x080003f1   Thumb Code    34  dflti.o(.text)
    __aeabi_ui2d                             0x08000419   Thumb Code    24  dfltui.o(.text)
    __aeabi_d2f                              0x08000435   Thumb Code    56  d2f.o(.text)
    __aeabi_llsl                             0x0800046d   Thumb Code    32  llshl.o(.text)
    _ll_shift_l                              0x0800046d   Thumb Code     0  llshl.o(.text)
    __aeabi_lasr                             0x0800048d   Thumb Code    38  llsshr.o(.text)
    _ll_sshift_r                             0x0800048d   Thumb Code     0  llsshr.o(.text)
    __I$use$fp                               0x080004b3   Thumb Code     0  iusefp.o(.text)
    _float_round                             0x080004b3   Thumb Code    16  fepilogue.o(.text)
    _float_epilogue                          0x080004c3   Thumb Code   114  fepilogue.o(.text)
    _double_round                            0x08000535   Thumb Code    26  depilogue.o(.text)
    _double_epilogue                         0x0800054f   Thumb Code   164  depilogue.o(.text)
    __aeabi_dmul                             0x080005f5   Thumb Code   202  dmul.o(.text)
    __aeabi_ddiv                             0x080006c5   Thumb Code   234  ddiv.o(.text)
    __aeabi_d2ulz                            0x080007b5   Thumb Code    54  dfixul.o(.text)
    __aeabi_cdrcmple                         0x080007f5   Thumb Code    38  cdrcmple.o(.text)
    __scatterload                            0x0800081d   Thumb Code    28  init.o(.text)
    __scatterload_rt2                        0x0800081d   Thumb Code     0  init.o(.text)
    Error_Handler                            0x08000841   Thumb Code     4  main.o(i.Error_Handler)
    HAL_GPIO_Init                            0x08000845   Thumb Code   344  stm32f0xx_hal_gpio.o(i.HAL_GPIO_Init)
    HAL_GPIO_WritePin                        0x080009b5   Thumb Code    12  stm32f0xx_hal_gpio.o(i.HAL_GPIO_WritePin)
    HAL_GetTick                              0x080009c1   Thumb Code     6  stm32f0xx_hal.o(i.HAL_GetTick)
    HAL_I2CEx_ConfigAnalogFilter             0x080009cd   Thumb Code    74  stm32f0xx_hal_i2c_ex.o(i.HAL_I2CEx_ConfigAnalogFilter)
    HAL_I2CEx_ConfigDigitalFilter            0x08000a17   Thumb Code    72  stm32f0xx_hal_i2c_ex.o(i.HAL_I2CEx_ConfigDigitalFilter)
    HAL_I2C_Init                             0x08000a61   Thumb Code   176  stm32f0xx_hal_i2c.o(i.HAL_I2C_Init)
    HAL_I2C_Master_Receive                   0x08000b15   Thumb Code   262  stm32f0xx_hal_i2c.o(i.HAL_I2C_Master_Receive)
    HAL_I2C_Master_Transmit                  0x08000c25   Thumb Code   262  stm32f0xx_hal_i2c.o(i.HAL_I2C_Master_Transmit)
    HAL_I2C_Mem_Read                         0x08000d35   Thumb Code   332  stm32f0xx_hal_i2c.o(i.HAL_I2C_Mem_Read)
    HAL_I2C_Mem_Write                        0x08000e89   Thumb Code   326  stm32f0xx_hal_i2c.o(i.HAL_I2C_Mem_Write)
    HAL_I2C_MspInit                          0x08000fd5   Thumb Code    86  i2c.o(i.HAL_I2C_MspInit)
    HAL_IncTick                              0x08001039   Thumb Code    12  stm32f0xx_hal.o(i.HAL_IncTick)
    HAL_Init                                 0x08001049   Thumb Code    26  stm32f0xx_hal.o(i.HAL_Init)
    HAL_InitTick                             0x08001069   Thumb Code    98  stm32f0xx_hal_timebase_tim.o(i.HAL_InitTick)
    HAL_MspInit                              0x080010e1   Thumb Code    44  stm32f0xx_hal_msp.o(i.HAL_MspInit)
    HAL_NVIC_EnableIRQ                       0x08001111   Thumb Code    18  stm32f0xx_hal_cortex.o(i.HAL_NVIC_EnableIRQ)
    HAL_NVIC_SetPriority                     0x08001129   Thumb Code     8  stm32f0xx_hal_cortex.o(i.HAL_NVIC_SetPriority)
    HAL_RCCEx_PeriphCLKConfig                0x08001131   Thumb Code   218  stm32f0xx_hal_rcc_ex.o(i.HAL_RCCEx_PeriphCLKConfig)
    HAL_RCC_ClockConfig                      0x08001219   Thumb Code   242  stm32f0xx_hal_rcc.o(i.HAL_RCC_ClockConfig)
    HAL_RCC_GetClockConfig                   0x08001321   Thumb Code    46  stm32f0xx_hal_rcc.o(i.HAL_RCC_GetClockConfig)
    HAL_RCC_GetPCLK1Freq                     0x08001359   Thumb Code    20  stm32f0xx_hal_rcc.o(i.HAL_RCC_GetPCLK1Freq)
    HAL_RCC_GetSysClockFreq                  0x08001379   Thumb Code    84  stm32f0xx_hal_rcc.o(i.HAL_RCC_GetSysClockFreq)
    HAL_RCC_OscConfig                        0x080013f9   Thumb Code   890  stm32f0xx_hal_rcc.o(i.HAL_RCC_OscConfig)
    HAL_TIMEx_BreakCallback                  0x08001781   Thumb Code     2  stm32f0xx_hal_tim_ex.o(i.HAL_TIMEx_BreakCallback)
    HAL_TIMEx_CommutCallback                 0x08001783   Thumb Code     2  stm32f0xx_hal_tim_ex.o(i.HAL_TIMEx_CommutCallback)
    HAL_TIM_Base_Init                        0x08001785   Thumb Code    72  stm32f0xx_hal_tim.o(i.HAL_TIM_Base_Init)
    HAL_TIM_Base_MspInit                     0x080017cd   Thumb Code     2  stm32f0xx_hal_tim.o(i.HAL_TIM_Base_MspInit)
    HAL_TIM_Base_Start_IT                    0x080017d1   Thumb Code    68  stm32f0xx_hal_tim.o(i.HAL_TIM_Base_Start_IT)
    HAL_TIM_IC_CaptureCallback               0x08001821   Thumb Code     2  stm32f0xx_hal_tim.o(i.HAL_TIM_IC_CaptureCallback)
    HAL_TIM_IRQHandler                       0x08001823   Thumb Code   354  stm32f0xx_hal_tim.o(i.HAL_TIM_IRQHandler)
    HAL_TIM_OC_DelayElapsedCallback          0x08001985   Thumb Code     2  stm32f0xx_hal_tim.o(i.HAL_TIM_OC_DelayElapsedCallback)
    HAL_TIM_PWM_PulseFinishedCallback        0x08001987   Thumb Code     2  stm32f0xx_hal_tim.o(i.HAL_TIM_PWM_PulseFinishedCallback)
    HAL_TIM_PeriodElapsedCallback            0x08001989   Thumb Code    16  main.o(i.HAL_TIM_PeriodElapsedCallback)
    HAL_TIM_TriggerCallback                  0x0800199d   Thumb Code     2  stm32f0xx_hal_tim.o(i.HAL_TIM_TriggerCallback)
    HAL_UART_Init                            0x0800199f   Thumb Code   106  stm32f0xx_hal_uart.o(i.HAL_UART_Init)
    HAL_UART_MspInit                         0x08001a09   Thumb Code    90  usart.o(i.HAL_UART_MspInit)
    HAL_UART_Transmit                        0x08001a6d   Thumb Code   210  stm32f0xx_hal_uart.o(i.HAL_UART_Transmit)
    HardFault_Handler                        0x08001b3f   Thumb Code     2  stm32f0xx_it.o(i.HardFault_Handler)
    MAX30100_ClearFIFO                       0x08001e29   Thumb Code    28  max30102.o(i.MAX30100_ClearFIFO)
    MAX30100_EnableInterrupt                 0x08001e45   Thumb Code    34  max30102.o(i.MAX30100_EnableInterrupt)
    MAX30100_Init                            0x08001e69   Thumb Code    18  max30102.o(i.MAX30100_Init)
    MAX30100_InterruptHandler                0x08001e81   Thumb Code    90  max30102.o(i.MAX30100_InterruptHandler)
    MAX30100_PlotBothToUART                  0x08001ee5   Thumb Code    60  max30102.o(i.MAX30100_PlotBothToUART)
    MAX30100_PlotIrToUART                    0x08001f31   Thumb Code    56  max30102.o(i.MAX30100_PlotIrToUART)
    MAX30100_ReadFIFO                        0x08001f71   Thumb Code   104  max30102.o(i.MAX30100_ReadFIFO)
    MAX30100_ReadReg                         0x08001fe1   Thumb Code    46  max30102.o(i.MAX30100_ReadReg)
    MAX30100_ReadTemperature                 0x08002015   Thumb Code    52  max30102.o(i.MAX30100_ReadTemperature)
    MAX30100_SetLEDCurrent                   0x08002049   Thumb Code    22  max30102.o(i.MAX30100_SetLEDCurrent)
    MAX30100_SetLEDPulseWidth                0x08002065   Thumb Code    28  max30102.o(i.MAX30100_SetLEDPulseWidth)
    MAX30100_SetMode                         0x08002081   Thumb Code    86  max30102.o(i.MAX30100_SetMode)
    MAX30100_SetSpO2SampleRate               0x080020dd   Thumb Code    28  max30102.o(i.MAX30100_SetSpO2SampleRate)
    MAX30100_Stop                            0x080020f9   Thumb Code    24  max30102.o(i.MAX30100_Stop)
    MAX30100_WriteReg                        0x08002115   Thumb Code    30  max30102.o(i.MAX30100_WriteReg)
    MPU6050Init                              0x08002139   Thumb Code   150  mpu.o(i.MPU6050Init)
    MX_FREERTOS_Init                         0x080021d9   Thumb Code    46  freertos.o(i.MX_FREERTOS_Init)
    MX_GPIO_Init                             0x0800221d   Thumb Code   130  gpio.o(i.MX_GPIO_Init)
    MX_I2C1_Init                             0x080022a9   Thumb Code    76  i2c.o(i.MX_I2C1_Init)
    MX_USART1_UART_Init                      0x08002301   Thumb Code    48  usart.o(i.MX_USART1_UART_Init)
    NMI_Handler                              0x08002339   Thumb Code     2  stm32f0xx_it.o(i.NMI_Handler)
    SVC_Handler                              0x0800233b   Thumb Code     2  port.o(i.SVC_Handler)
    StartDefaultTask                         0x0800233d   Thumb Code    12  freertos.o(i.StartDefaultTask)
    StartTask02                              0x08002349   Thumb Code    42  freertos.o(i.StartTask02)
    StartTask03                              0x08002379   Thumb Code    36  freertos.o(i.StartTask03)
    SysTick_Handler                          0x080023a5   Thumb Code    32  port.o(i.SysTick_Handler)
    SystemClock_Config                       0x080023c9   Thumb Code   110  main.o(i.SystemClock_Config)
    SystemInit                               0x08002437   Thumb Code     2  system_stm32f0xx.o(i.SystemInit)
    TIM3_IRQHandler                          0x08002439   Thumb Code    10  stm32f0xx_it.o(i.TIM3_IRQHandler)
    TIM_Base_SetConfig                       0x08002449   Thumb Code   112  stm32f0xx_hal_tim.o(i.TIM_Base_SetConfig)
    UART_AdvFeatureConfig                    0x080024d1   Thumb Code   202  stm32f0xx_hal_uart.o(i.UART_AdvFeatureConfig)
    UART_CheckIdleState                      0x0800259d   Thumb Code    94  stm32f0xx_hal_uart.o(i.UART_CheckIdleState)
    UART_SetConfig                           0x08002601   Thumb Code   282  stm32f0xx_hal_uart.o(i.UART_SetConfig)
    UART_WaitOnFlagUntilTimeout              0x08002735   Thumb Code   158  stm32f0xx_hal_uart.o(i.UART_WaitOnFlagUntilTimeout)
    __0sprintf                               0x080027d5   Thumb Code    36  printfa.o(i.__0sprintf)
    __1sprintf                               0x080027d5   Thumb Code     0  printfa.o(i.__0sprintf)
    __2sprintf                               0x080027d5   Thumb Code     0  printfa.o(i.__0sprintf)
    __c89sprintf                             0x080027d5   Thumb Code     0  printfa.o(i.__0sprintf)
    sprintf                                  0x080027d5   Thumb Code     0  printfa.o(i.__0sprintf)
    __ARM_clz                                0x080027fd   Thumb Code    46  depilogue.o(i.__ARM_clz)
    __ARM_common_ll_muluu                    0x0800282b   Thumb Code    48  stm32f0xx_hal_rcc.o(i.__ARM_common_ll_muluu)
    __ARM_common_switch8                     0x0800285b   Thumb Code    26  stm32f0xx_hal_dma.o(i.__ARM_common_switch8)
    __scatterload_copy                       0x080028b9   Thumb Code    14  handlers.o(i.__scatterload_copy)
    __scatterload_null                       0x080028c7   Thumb Code     2  handlers.o(i.__scatterload_null)
    __scatterload_zeroinit                   0x080028c9   Thumb Code    14  handlers.o(i.__scatterload_zeroinit)
    main                                     0x08003191   Thumb Code    72  main.o(i.main)
    osDelay                                  0x080031e1   Thumb Code    46  cmsis_os2.o(i.osDelay)
    osKernelInitialize                       0x08003215   Thumb Code    48  cmsis_os2.o(i.osKernelInitialize)
    osKernelStart                            0x08003249   Thumb Code    54  cmsis_os2.o(i.osKernelStart)
    osThreadNew                              0x08003285   Thumb Code   172  cmsis_os2.o(i.osThreadNew)
    pvPortMalloc                             0x08003955   Thumb Code   168  heap_2.o(i.pvPortMalloc)
    pxPortInitialiseStack                    0x08003a09   Thumb Code    28  port.o(i.pxPortInitialiseStack)
    uxListRemove                             0x08003a29   Thumb Code    38  list.o(i.uxListRemove)
    vApplicationGetIdleTaskMemory            0x08003a51   Thumb Code    16  cmsis_os2.o(i.vApplicationGetIdleTaskMemory)
    vApplicationGetTimerTaskMemory           0x08003a65   Thumb Code    16  cmsis_os2.o(i.vApplicationGetTimerTaskMemory)
    vListInitialise                          0x08003a79   Thumb Code    22  list.o(i.vListInitialise)
    vListInitialiseItem                      0x08003a8f   Thumb Code     6  list.o(i.vListInitialiseItem)
    vListInsert                              0x08003a95   Thumb Code    48  list.o(i.vListInsert)
    vListInsertEnd                           0x08003ac5   Thumb Code    24  list.o(i.vListInsertEnd)
    vPortEnterCritical                       0x08003add   Thumb Code    20  port.o(i.vPortEnterCritical)
    vPortExitCritical                        0x08003af5   Thumb Code    22  port.o(i.vPortExitCritical)
    vPortFree                                0x08003b11   Thumb Code    52  heap_2.o(i.vPortFree)
    vPortYield                               0x08003b49   Thumb Code    18  port.o(i.vPortYield)
    vQueueAddToRegistry                      0x08003b61   Thumb Code    32  queue.o(i.vQueueAddToRegistry)
    vQueueWaitForMessageRestricted           0x08003b85   Thumb Code    68  queue.o(i.vQueueWaitForMessageRestricted)
    vTaskDelay                               0x08003bc9   Thumb Code    44  tasks.o(i.vTaskDelay)
    vTaskInternalSetTimeOutState             0x08003bf9   Thumb Code    12  tasks.o(i.vTaskInternalSetTimeOutState)
    vTaskMissedYield                         0x08003c09   Thumb Code     8  tasks.o(i.vTaskMissedYield)
    vTaskPlaceOnEventList                    0x08003c15   Thumb Code    32  tasks.o(i.vTaskPlaceOnEventList)
    vTaskPlaceOnEventListRestricted          0x08003c39   Thumb Code    42  tasks.o(i.vTaskPlaceOnEventListRestricted)
    vTaskStartScheduler                      0x08003c69   Thumb Code    88  tasks.o(i.vTaskStartScheduler)
    vTaskSuspendAll                          0x08003cd1   Thumb Code    10  tasks.o(i.vTaskSuspendAll)
    vTaskSwitchContext                       0x08003ce1   Thumb Code    78  tasks.o(i.vTaskSwitchContext)
    xPortStartScheduler                      0x08003d39   Thumb Code    62  port.o(i.xPortStartScheduler)
    xQueueGenericCreateStatic                0x08003d89   Thumb Code    64  queue.o(i.xQueueGenericCreateStatic)
    xQueueGenericReset                       0x08003dc9   Thumb Code   108  queue.o(i.xQueueGenericReset)
    xQueueGenericSend                        0x08003e35   Thumb Code   280  queue.o(i.xQueueGenericSend)
    xQueueGenericSendFromISR                 0x08003f4d   Thumb Code   140  queue.o(i.xQueueGenericSendFromISR)
    xQueueReceive                            0x08003fd9   Thumb Code   258  queue.o(i.xQueueReceive)
    xTaskCheckForTimeOut                     0x080040dd   Thumb Code    86  tasks.o(i.xTaskCheckForTimeOut)
    xTaskCreate                              0x08004139   Thumb Code    82  tasks.o(i.xTaskCreate)
    xTaskCreateStatic                        0x0800418b   Thumb Code    68  tasks.o(i.xTaskCreateStatic)
    xTaskGetSchedulerState                   0x080041d1   Thumb Code    26  tasks.o(i.xTaskGetSchedulerState)
    xTaskGetTickCount                        0x080041f1   Thumb Code     6  tasks.o(i.xTaskGetTickCount)
    xTaskIncrementTick                       0x080041fd   Thumb Code   180  tasks.o(i.xTaskIncrementTick)
    xTaskPriorityDisinherit                  0x080042b9   Thumb Code    96  tasks.o(i.xTaskPriorityDisinherit)
    xTaskRemoveFromEventList                 0x08004321   Thumb Code    88  tasks.o(i.xTaskRemoveFromEventList)
    xTaskResumeAll                           0x08004385   Thumb Code   162  tasks.o(i.xTaskResumeAll)
    xTimerCreateTimerTask                    0x08004435   Thumb Code    72  timers.o(i.xTimerCreateTimerTask)
    xTimerGenericCommand                     0x0800448d   Thumb Code    80  timers.o(i.xTimerGenericCommand)
    defaultTask_attributes                   0x080044e0   Data          36  freertos.o(.constdata)
    LEDOn_attributes                         0x08004504   Data          36  freertos.o(.constdata)
    LEDOff_attributes                        0x08004528   Data          36  freertos.o(.constdata)
    AHBPrescTable                            0x0800454c   Data          16  system_stm32f0xx.o(.constdata)
    APBPrescTable                            0x0800455c   Data           8  system_stm32f0xx.o(.constdata)
    Region$$Table$$Base                      0x08004580   Number         0  anon$$obj.o(Region$$Table)
    Region$$Table$$Limit                     0x080045a0   Number         0  anon$$obj.o(Region$$Table)
    _max30100_mode                           0x20000000   Data           1  max30102.o(.data)
    _max30100_mode_prev                      0x20000001   Data           1  max30102.o(.data)
    _max30100_ir_current                     0x20000002   Data           1  max30102.o(.data)
    _max30100_red_current                    0x20000003   Data           1  max30102.o(.data)
    _max30100_ir_current_prev                0x20000004   Data           1  max30102.o(.data)
    _max30100_red_current_prev               0x20000005   Data           1  max30102.o(.data)
    _max30100_ui2c                           0x20000008   Data           4  max30102.o(.data)
    _max30100_uuart                          0x2000000c   Data           4  max30102.o(.data)
    _max30100_temp                           0x20000010   Data           4  max30102.o(.data)
    currentAccelScale                        0x20000014   Data           1  mpu.o(.data)
    currentGyroScale                         0x20000015   Data           1  mpu.o(.data)
    defaultTaskHandle                        0x20000018   Data           4  freertos.o(.data)
    LEDOnHandle                              0x2000001c   Data           4  freertos.o(.data)
    LEDOffHandle                             0x20000020   Data           4  freertos.o(.data)
    uwTickFreq                               0x20000024   Data           1  stm32f0xx_hal.o(.data)
    uwTickPrio                               0x20000028   Data           4  stm32f0xx_hal.o(.data)
    uwTick                                   0x2000002c   Data           4  stm32f0xx_hal.o(.data)
    SystemCoreClock                          0x20000030   Data           4  system_stm32f0xx.o(.data)
    pxCurrentTCB                             0x20000034   Data           4  tasks.o(.data)
    _max30100_ir_sample                      0x200000a4   Data          32  max30102.o(.bss)
    _max30100_red_sample                     0x200000c4   Data          32  max30102.o(.bss)
    hi2c1                                    0x200000e4   Data          76  i2c.o(.bss)
    huart1                                   0x20000130   Data         132  usart.o(.bss)
    htim3                                    0x200001b4   Data          72  stm32f0xx_hal_timebase_tim.o(.bss)
    xQueueRegistry                           0x200001fc   Data          64  queue.o(.bss)
    __initial_sp                             0x200017d0   Data           0  startup_stm32f030x8.o(STACK)



==============================================================================

Memory Map of the image

  Image Entry point : 0x080000b5

  Load Region LR_IROM1 (Base: 0x08000000, Size: 0x00004644, Max: 0x00010000, ABSOLUTE)

    Execution Region ER_IROM1 (Exec base: 0x08000000, Load base: 0x08000000, Size: 0x000045a0, Max: 0x00010000, ABSOLUTE)

    Exec Addr    Load Addr    Size         Type   Attr      Idx    E Section Name        Object

    0x08000000   0x08000000   0x000000b4   Data   RO            3    RESET               startup_stm32f030x8.o
    0x080000b4   0x080000b4   0x00000000   Code   RO         5001  * .ARM.Collect$$$$00000000  mc_p.l(entry.o)
    0x080000b4   0x080000b4   0x00000004   Code   RO         5329    .ARM.Collect$$$$00000001  mc_p.l(entry2.o)
    0x080000b8   0x080000b8   0x00000004   Code   RO         5332    .ARM.Collect$$$$00000004  mc_p.l(entry5.o)
    0x080000bc   0x080000bc   0x00000000   Code   RO         5334    .ARM.Collect$$$$00000008  mc_p.l(entry7b.o)
    0x080000bc   0x080000bc   0x00000000   Code   RO         5336    .ARM.Collect$$$$0000000A  mc_p.l(entry8b.o)
    0x080000bc   0x080000bc   0x00000008   Code   RO         5337    .ARM.Collect$$$$0000000B  mc_p.l(entry9a.o)
    0x080000c4   0x080000c4   0x00000000   Code   RO         5339    .ARM.Collect$$$$0000000D  mc_p.l(entry10a.o)
    0x080000c4   0x080000c4   0x00000000   Code   RO         5341    .ARM.Collect$$$$0000000F  mc_p.l(entry11a.o)
    0x080000c4   0x080000c4   0x00000004   Code   RO         5330    .ARM.Collect$$$$00002712  mc_p.l(entry2.o)
    0x080000c8   0x080000c8   0x00000078   Code   RO         4936    .emb_text           port.o
    0x08000140   0x08000140   0x0000001c   Code   RO            4    .text               startup_stm32f030x8.o
    0x0800015c   0x0800015c   0x0000002c   Code   RO         5004    .text               mc_p.l(uidiv.o)
    0x08000188   0x08000188   0x00000060   Code   RO         5006    .text               mc_p.l(uldiv.o)
    0x080001e8   0x080001e8   0x00000022   Code   RO         5008    .text               mc_p.l(llushr.o)
    0x0800020a   0x0800020a   0x00000024   Code   RO         5010    .text               mc_p.l(memcpya.o)
    0x0800022e   0x0800022e   0x00000024   Code   RO         5014    .text               mc_p.l(memseta.o)
    0x08000252   0x08000252   0x0000000e   Code   RO         5016    .text               mc_p.l(strlen.o)
    0x08000260   0x08000260   0x00000164   Code   RO         5313    .text               mf_p.l(dadd.o)
    0x080003c4   0x080003c4   0x0000002c   Code   RO         5315    .text               mf_p.l(dscalb.o)
    0x080003f0   0x080003f0   0x00000028   Code   RO         5319    .text               mf_p.l(dflti.o)
    0x08000418   0x08000418   0x0000001c   Code   RO         5321    .text               mf_p.l(dfltui.o)
    0x08000434   0x08000434   0x00000038   Code   RO         5327    .text               mf_p.l(d2f.o)
    0x0800046c   0x0800046c   0x00000020   Code   RO         5346    .text               mc_p.l(llshl.o)
    0x0800048c   0x0800048c   0x00000026   Code   RO         5348    .text               mc_p.l(llsshr.o)
    0x080004b2   0x080004b2   0x00000000   Code   RO         5352    .text               mc_p.l(iusefp.o)
    0x080004b2   0x080004b2   0x00000082   Code   RO         5353    .text               mf_p.l(fepilogue.o)
    0x08000534   0x08000534   0x000000be   Code   RO         5355    .text               mf_p.l(depilogue.o)
    0x080005f2   0x080005f2   0x00000002   PAD
    0x080005f4   0x080005f4   0x000000d0   Code   RO         5359    .text               mf_p.l(dmul.o)
    0x080006c4   0x080006c4   0x000000f0   Code   RO         5361    .text               mf_p.l(ddiv.o)
    0x080007b4   0x080007b4   0x00000040   Code   RO         5363    .text               mf_p.l(dfixul.o)
    0x080007f4   0x080007f4   0x00000028   Code   RO         5365    .text               mf_p.l(cdrcmple.o)
    0x0800081c   0x0800081c   0x00000024   Code   RO         5367    .text               mc_p.l(init.o)
    0x08000840   0x08000840   0x00000004   Code   RO          307    i.Error_Handler     main.o
    0x08000844   0x08000844   0x00000170   Code   RO         1422    i.HAL_GPIO_Init     stm32f0xx_hal_gpio.o
    0x080009b4   0x080009b4   0x0000000c   Code   RO         1426    i.HAL_GPIO_WritePin  stm32f0xx_hal_gpio.o
    0x080009c0   0x080009c0   0x0000000c   Code   RO          774    i.HAL_GetTick       stm32f0xx_hal.o
    0x080009cc   0x080009cc   0x0000004a   Code   RO         1381    i.HAL_I2CEx_ConfigAnalogFilter  stm32f0xx_hal_i2c_ex.o
    0x08000a16   0x08000a16   0x00000048   Code   RO         1382    i.HAL_I2CEx_ConfigDigitalFilter  stm32f0xx_hal_i2c_ex.o
    0x08000a5e   0x08000a5e   0x00000002   PAD
    0x08000a60   0x08000a60   0x000000b4   Code   RO          934    i.HAL_I2C_Init      stm32f0xx_hal_i2c.o
    0x08000b14   0x08000b14   0x00000110   Code   RO          940    i.HAL_I2C_Master_Receive  stm32f0xx_hal_i2c.o
    0x08000c24   0x08000c24   0x00000110   Code   RO          947    i.HAL_I2C_Master_Transmit  stm32f0xx_hal_i2c.o
    0x08000d34   0x08000d34   0x00000154   Code   RO          952    i.HAL_I2C_Mem_Read  stm32f0xx_hal_i2c.o
    0x08000e88   0x08000e88   0x0000014c   Code   RO          955    i.HAL_I2C_Mem_Write  stm32f0xx_hal_i2c.o
    0x08000fd4   0x08000fd4   0x00000064   Code   RO          461    i.HAL_I2C_MspInit   i2c.o
    0x08001038   0x08001038   0x00000010   Code   RO          780    i.HAL_IncTick       stm32f0xx_hal.o
    0x08001048   0x08001048   0x00000020   Code   RO          781    i.HAL_Init          stm32f0xx_hal.o
    0x08001068   0x08001068   0x00000078   Code   RO          604    i.HAL_InitTick      stm32f0xx_hal_timebase_tim.o
    0x080010e0   0x080010e0   0x00000030   Code   RO          584    i.HAL_MspInit       stm32f0xx_hal_msp.o
    0x08001110   0x08001110   0x00000018   Code   RO         1581    i.HAL_NVIC_EnableIRQ  stm32f0xx_hal_cortex.o
    0x08001128   0x08001128   0x00000008   Code   RO         1585    i.HAL_NVIC_SetPriority  stm32f0xx_hal_cortex.o
    0x08001130   0x08001130   0x000000e8   Code   RO          735    i.HAL_RCCEx_PeriphCLKConfig  stm32f0xx_hal_rcc_ex.o
    0x08001218   0x08001218   0x00000108   Code   RO          640    i.HAL_RCC_ClockConfig  stm32f0xx_hal_rcc.o
    0x08001320   0x08001320   0x00000038   Code   RO          644    i.HAL_RCC_GetClockConfig  stm32f0xx_hal_rcc.o
    0x08001358   0x08001358   0x00000020   Code   RO          647    i.HAL_RCC_GetPCLK1Freq  stm32f0xx_hal_rcc.o
    0x08001378   0x08001378   0x00000080   Code   RO          648    i.HAL_RCC_GetSysClockFreq  stm32f0xx_hal_rcc.o
    0x080013f8   0x080013f8   0x00000388   Code   RO          651    i.HAL_RCC_OscConfig  stm32f0xx_hal_rcc.o
    0x08001780   0x08001780   0x00000002   Code   RO         2723    i.HAL_TIMEx_BreakCallback  stm32f0xx_hal_tim_ex.o
    0x08001782   0x08001782   0x00000002   Code   RO         2724    i.HAL_TIMEx_CommutCallback  stm32f0xx_hal_tim_ex.o
    0x08001784   0x08001784   0x00000048   Code   RO         2023    i.HAL_TIM_Base_Init  stm32f0xx_hal_tim.o
    0x080017cc   0x080017cc   0x00000002   Code   RO         2025    i.HAL_TIM_Base_MspInit  stm32f0xx_hal_tim.o
    0x080017ce   0x080017ce   0x00000002   PAD
    0x080017d0   0x080017d0   0x00000050   Code   RO         2028    i.HAL_TIM_Base_Start_IT  stm32f0xx_hal_tim.o
    0x08001820   0x08001820   0x00000002   Code   RO         2057    i.HAL_TIM_IC_CaptureCallback  stm32f0xx_hal_tim.o
    0x08001822   0x08001822   0x00000162   Code   RO         2071    i.HAL_TIM_IRQHandler  stm32f0xx_hal_tim.o
    0x08001984   0x08001984   0x00000002   Code   RO         2074    i.HAL_TIM_OC_DelayElapsedCallback  stm32f0xx_hal_tim.o
    0x08001986   0x08001986   0x00000002   Code   RO         2101    i.HAL_TIM_PWM_PulseFinishedCallback  stm32f0xx_hal_tim.o
    0x08001988   0x08001988   0x00000014   Code   RO          308    i.HAL_TIM_PeriodElapsedCallback  main.o
    0x0800199c   0x0800199c   0x00000002   Code   RO         2114    i.HAL_TIM_TriggerCallback  stm32f0xx_hal_tim.o
    0x0800199e   0x0800199e   0x0000006a   Code   RO         3013    i.HAL_UART_Init     stm32f0xx_hal_uart.o
    0x08001a08   0x08001a08   0x00000064   Code   RO          499    i.HAL_UART_MspInit  usart.o
    0x08001a6c   0x08001a6c   0x000000d2   Code   RO         3022    i.HAL_UART_Transmit  stm32f0xx_hal_uart.o
    0x08001b3e   0x08001b3e   0x00000002   Code   RO          548    i.HardFault_Handler  stm32f0xx_it.o
    0x08001b40   0x08001b40   0x00000022   Code   RO          981    i.I2C_Flush_TXDR    stm32f0xx_hal_i2c.o
    0x08001b62   0x08001b62   0x00000002   PAD
    0x08001b64   0x08001b64   0x00000070   Code   RO          989    i.I2C_IsAcknowledgeFailed  stm32f0xx_hal_i2c.o
    0x08001bd4   0x08001bd4   0x00000060   Code   RO          992    i.I2C_RequestMemoryRead  stm32f0xx_hal_i2c.o
    0x08001c34   0x08001c34   0x00000060   Code   RO          993    i.I2C_RequestMemoryWrite  stm32f0xx_hal_i2c.o
    0x08001c94   0x08001c94   0x00000028   Code   RO          996    i.I2C_TransferConfig  stm32f0xx_hal_i2c.o
    0x08001cbc   0x08001cbc   0x0000004e   Code   RO          998    i.I2C_WaitOnFlagUntilTimeout  stm32f0xx_hal_i2c.o
    0x08001d0a   0x08001d0a   0x00000002   PAD
    0x08001d0c   0x08001d0c   0x00000080   Code   RO          999    i.I2C_WaitOnRXNEFlagUntilTimeout  stm32f0xx_hal_i2c.o
    0x08001d8c   0x08001d8c   0x0000004c   Code   RO         1000    i.I2C_WaitOnSTOPFlagUntilTimeout  stm32f0xx_hal_i2c.o
    0x08001dd8   0x08001dd8   0x00000050   Code   RO         1001    i.I2C_WaitOnTXISFlagUntilTimeout  stm32f0xx_hal_i2c.o
    0x08001e28   0x08001e28   0x0000001c   Code   RO           12    i.MAX30100_ClearFIFO  max30102.o
    0x08001e44   0x08001e44   0x00000022   Code   RO           13    i.MAX30100_EnableInterrupt  max30102.o
    0x08001e66   0x08001e66   0x00000002   PAD
    0x08001e68   0x08001e68   0x00000018   Code   RO           14    i.MAX30100_Init     max30102.o
    0x08001e80   0x08001e80   0x00000064   Code   RO           15    i.MAX30100_InterruptHandler  max30102.o
    0x08001ee4   0x08001ee4   0x0000004c   Code   RO           17    i.MAX30100_PlotBothToUART  max30102.o
    0x08001f30   0x08001f30   0x00000040   Code   RO           18    i.MAX30100_PlotIrToUART  max30102.o
    0x08001f70   0x08001f70   0x00000070   Code   RO           20    i.MAX30100_ReadFIFO  max30102.o
    0x08001fe0   0x08001fe0   0x00000034   Code   RO           21    i.MAX30100_ReadReg  max30102.o
    0x08002014   0x08002014   0x00000034   Code   RO           22    i.MAX30100_ReadTemperature  max30102.o
    0x08002048   0x08002048   0x0000001c   Code   RO           24    i.MAX30100_SetLEDCurrent  max30102.o
    0x08002064   0x08002064   0x0000001c   Code   RO           25    i.MAX30100_SetLEDPulseWidth  max30102.o
    0x08002080   0x08002080   0x0000005c   Code   RO           26    i.MAX30100_SetMode  max30102.o
    0x080020dc   0x080020dc   0x0000001c   Code   RO           27    i.MAX30100_SetSpO2SampleRate  max30102.o
    0x080020f8   0x080020f8   0x0000001c   Code   RO           28    i.MAX30100_Stop     max30102.o
    0x08002114   0x08002114   0x00000024   Code   RO           29    i.MAX30100_WriteReg  max30102.o
    0x08002138   0x08002138   0x000000a0   Code   RO          248    i.MPU6050Init       mpu.o
    0x080021d8   0x080021d8   0x00000044   Code   RO          403    i.MX_FREERTOS_Init  freertos.o
    0x0800221c   0x0800221c   0x0000008c   Code   RO          383    i.MX_GPIO_Init      gpio.o
    0x080022a8   0x080022a8   0x00000058   Code   RO          462    i.MX_I2C1_Init      i2c.o
    0x08002300   0x08002300   0x00000038   Code   RO          500    i.MX_USART1_UART_Init  usart.o
    0x08002338   0x08002338   0x00000002   Code   RO          549    i.NMI_Handler       stm32f0xx_it.o
    0x0800233a   0x0800233a   0x00000002   Code   RO         4937    i.SVC_Handler       port.o
    0x0800233c   0x0800233c   0x0000000c   Code   RO          404    i.StartDefaultTask  freertos.o
    0x08002348   0x08002348   0x00000030   Code   RO          405    i.StartTask02       freertos.o
    0x08002378   0x08002378   0x0000002c   Code   RO          406    i.StartTask03       freertos.o
    0x080023a4   0x080023a4   0x00000024   Code   RO         4938    i.SysTick_Handler   port.o
    0x080023c8   0x080023c8   0x0000006e   Code   RO          309    i.SystemClock_Config  main.o
    0x08002436   0x08002436   0x00000002   Code   RO         3407    i.SystemInit        system_stm32f0xx.o
    0x08002438   0x08002438   0x00000010   Code   RO          550    i.TIM3_IRQHandler   stm32f0xx_it.o
    0x08002448   0x08002448   0x00000088   Code   RO         2116    i.TIM_Base_SetConfig  stm32f0xx_hal_tim.o
    0x080024d0   0x080024d0   0x000000ca   Code   RO         3027    i.UART_AdvFeatureConfig  stm32f0xx_hal_uart.o
    0x0800259a   0x0800259a   0x00000002   PAD
    0x0800259c   0x0800259c   0x00000064   Code   RO         3028    i.UART_CheckIdleState  stm32f0xx_hal_uart.o
    0x08002600   0x08002600   0x00000134   Code   RO         3043    i.UART_SetConfig    stm32f0xx_hal_uart.o
    0x08002734   0x08002734   0x0000009e   Code   RO         3048    i.UART_WaitOnFlagUntilTimeout  stm32f0xx_hal_uart.o
    0x080027d2   0x080027d2   0x00000002   PAD
    0x080027d4   0x080027d4   0x00000028   Code   RO         5255    i.__0sprintf        mc_p.l(printfa.o)
    0x080027fc   0x080027fc   0x0000002e   Code   RO         5357    i.__ARM_clz         mf_p.l(depilogue.o)
    0x0800282a   0x0800282a   0x00000030   Code   RO          725    i.__ARM_common_ll_muluu  stm32f0xx_hal_rcc.o
    0x0800285a   0x0800285a   0x0000001a   Code   RO         1572    i.__ARM_common_switch8  stm32f0xx_hal_dma.o
    0x08002874   0x08002874   0x00000044   Code   RO         1591    i.__NVIC_SetPriority  stm32f0xx_hal_cortex.o
    0x080028b8   0x080028b8   0x0000000e   Code   RO         5373    i.__scatterload_copy  mc_p.l(handlers.o)
    0x080028c6   0x080028c6   0x00000002   Code   RO         5374    i.__scatterload_null  mc_p.l(handlers.o)
    0x080028c8   0x080028c8   0x0000000e   Code   RO         5375    i.__scatterload_zeroinit  mc_p.l(handlers.o)
    0x080028d6   0x080028d6   0x00000002   PAD
    0x080028d8   0x080028d8   0x00000174   Code   RO         5260    i._fp_digits        mc_p.l(printfa.o)
    0x08002a4c   0x08002a4c   0x000006ec   Code   RO         5261    i._printf_core      mc_p.l(printfa.o)
    0x08003138   0x08003138   0x00000020   Code   RO         5262    i._printf_post_padding  mc_p.l(printfa.o)
    0x08003158   0x08003158   0x0000002c   Code   RO         5263    i._printf_pre_padding  mc_p.l(printfa.o)
    0x08003184   0x08003184   0x0000000a   Code   RO         5265    i._sputc            mc_p.l(printfa.o)
    0x0800318e   0x0800318e   0x00000002   PAD
    0x08003190   0x08003190   0x00000050   Code   RO          310    i.main              main.o
    0x080031e0   0x080031e0   0x00000034   Code   RO         4485    i.osDelay           cmsis_os2.o
    0x08003214   0x08003214   0x00000034   Code   RO         4499    i.osKernelInitialize  cmsis_os2.o
    0x08003248   0x08003248   0x0000003c   Code   RO         4502    i.osKernelStart     cmsis_os2.o
    0x08003284   0x08003284   0x000000b0   Code   RO         4536    i.osThreadNew       cmsis_os2.o
    0x08003334   0x08003334   0x00000058   Code   RO         3994    i.prvAddCurrentTaskToDelayedList  tasks.o
    0x0800338c   0x0800338c   0x000000bc   Code   RO         3995    i.prvAddNewTaskToReadyList  tasks.o
    0x08003448   0x08003448   0x0000005c   Code   RO         4344    i.prvCheckForValidListAndQueue  timers.o
    0x080034a4   0x080034a4   0x00000026   Code   RO         3597    i.prvCopyDataFromQueue  queue.o
    0x080034ca   0x080034ca   0x00000070   Code   RO         3598    i.prvCopyDataToQueue  queue.o
    0x0800353a   0x0800353a   0x00000026   Code   RO         3996    i.prvDeleteTCB      tasks.o
    0x08003560   0x08003560   0x0000004c   Code   RO         3997    i.prvIdleTask       tasks.o
    0x080035ac   0x080035ac   0x00000022   Code   RO         3600    i.prvInitialiseNewQueue  queue.o
    0x080035ce   0x080035ce   0x00000088   Code   RO         3998    i.prvInitialiseNewTask  tasks.o
    0x08003656   0x08003656   0x00000002   PAD
    0x08003658   0x08003658   0x00000038   Code   RO         4346    i.prvInsertTimerInActiveList  timers.o
    0x08003690   0x08003690   0x0000001c   Code   RO         3601    i.prvIsQueueEmpty   queue.o
    0x080036ac   0x080036ac   0x000000bc   Code   RO         4347    i.prvProcessReceivedCommands  timers.o
    0x08003768   0x08003768   0x0000009c   Code   RO         4348    i.prvProcessTimerOrBlockTask  timers.o
    0x08003804   0x08003804   0x00000020   Code   RO         4000    i.prvResetNextTaskUnblockTime  tasks.o
    0x08003824   0x08003824   0x00000028   Code   RO         4349    i.prvSampleTimeNow  timers.o
    0x0800384c   0x0800384c   0x00000060   Code   RO         4350    i.prvSwitchTimerLists  timers.o
    0x080038ac   0x080038ac   0x00000014   Code   RO         4939    i.prvTaskExitError  port.o
    0x080038c0   0x080038c0   0x00000024   Code   RO         4351    i.prvTimerTask      timers.o
    0x080038e4   0x080038e4   0x00000070   Code   RO         3602    i.prvUnlockQueue    queue.o
    0x08003954   0x08003954   0x000000b4   Code   RO         4903    i.pvPortMalloc      heap_2.o
    0x08003a08   0x08003a08   0x00000020   Code   RO         4940    i.pxPortInitialiseStack  port.o
    0x08003a28   0x08003a28   0x00000026   Code   RO         3560    i.uxListRemove      list.o
    0x08003a4e   0x08003a4e   0x00000002   PAD
    0x08003a50   0x08003a50   0x00000014   Code   RO         4548    i.vApplicationGetIdleTaskMemory  cmsis_os2.o
    0x08003a64   0x08003a64   0x00000014   Code   RO         4549    i.vApplicationGetTimerTaskMemory  cmsis_os2.o
    0x08003a78   0x08003a78   0x00000016   Code   RO         3561    i.vListInitialise   list.o
    0x08003a8e   0x08003a8e   0x00000006   Code   RO         3562    i.vListInitialiseItem  list.o
    0x08003a94   0x08003a94   0x00000030   Code   RO         3563    i.vListInsert       list.o
    0x08003ac4   0x08003ac4   0x00000018   Code   RO         3564    i.vListInsertEnd    list.o
    0x08003adc   0x08003adc   0x00000018   Code   RO         4942    i.vPortEnterCritical  port.o
    0x08003af4   0x08003af4   0x0000001c   Code   RO         4943    i.vPortExitCritical  port.o
    0x08003b10   0x08003b10   0x00000038   Code   RO         4904    i.vPortFree         heap_2.o
    0x08003b48   0x08003b48   0x00000018   Code   RO         4944    i.vPortYield        port.o
    0x08003b60   0x08003b60   0x00000024   Code   RO         3608    i.vQueueAddToRegistry  queue.o
    0x08003b84   0x08003b84   0x00000044   Code   RO         3612    i.vQueueWaitForMessageRestricted  queue.o
    0x08003bc8   0x08003bc8   0x00000030   Code   RO         4012    i.vTaskDelay        tasks.o
    0x08003bf8   0x08003bf8   0x00000010   Code   RO         4017    i.vTaskInternalSetTimeOutState  tasks.o
    0x08003c08   0x08003c08   0x0000000c   Code   RO         4018    i.vTaskMissedYield  tasks.o
    0x08003c14   0x08003c14   0x00000024   Code   RO         4020    i.vTaskPlaceOnEventList  tasks.o
    0x08003c38   0x08003c38   0x00000030   Code   RO         4021    i.vTaskPlaceOnEventListRestricted  tasks.o
    0x08003c68   0x08003c68   0x00000068   Code   RO         4029    i.vTaskStartScheduler  tasks.o
    0x08003cd0   0x08003cd0   0x00000010   Code   RO         4031    i.vTaskSuspendAll   tasks.o
    0x08003ce0   0x08003ce0   0x00000058   Code   RO         4032    i.vTaskSwitchContext  tasks.o
    0x08003d38   0x08003d38   0x00000050   Code   RO         4945    i.xPortStartScheduler  port.o
    0x08003d88   0x08003d88   0x00000040   Code   RO         3618    i.xQueueGenericCreateStatic  queue.o
    0x08003dc8   0x08003dc8   0x0000006c   Code   RO         3619    i.xQueueGenericReset  queue.o
    0x08003e34   0x08003e34   0x00000118   Code   RO         3620    i.xQueueGenericSend  queue.o
    0x08003f4c   0x08003f4c   0x0000008c   Code   RO         3621    i.xQueueGenericSendFromISR  queue.o
    0x08003fd8   0x08003fd8   0x00000102   Code   RO         3630    i.xQueueReceive     queue.o
    0x080040da   0x080040da   0x00000002   PAD
    0x080040dc   0x080040dc   0x0000005c   Code   RO         4033    i.xTaskCheckForTimeOut  tasks.o
    0x08004138   0x08004138   0x00000052   Code   RO         4034    i.xTaskCreate       tasks.o
    0x0800418a   0x0800418a   0x00000044   Code   RO         4035    i.xTaskCreateStatic  tasks.o
    0x080041ce   0x080041ce   0x00000002   PAD
    0x080041d0   0x080041d0   0x00000020   Code   RO         4039    i.xTaskGetSchedulerState  tasks.o
    0x080041f0   0x080041f0   0x0000000c   Code   RO         4040    i.xTaskGetTickCount  tasks.o
    0x080041fc   0x080041fc   0x000000bc   Code   RO         4042    i.xTaskIncrementTick  tasks.o
    0x080042b8   0x080042b8   0x00000068   Code   RO         4045    i.xTaskPriorityDisinherit  tasks.o
    0x08004320   0x08004320   0x00000064   Code   RO         4047    i.xTaskRemoveFromEventList  tasks.o
    0x08004384   0x08004384   0x000000b0   Code   RO         4048    i.xTaskResumeAll    tasks.o
    0x08004434   0x08004434   0x00000058   Code   RO         4358    i.xTimerCreateTimerTask  timers.o
    0x0800448c   0x0800448c   0x00000054   Code   RO         4359    i.xTimerGenericCommand  timers.o
    0x080044e0   0x080044e0   0x0000006c   Data   RO          407    .constdata          freertos.o
    0x0800454c   0x0800454c   0x00000010   Data   RO         3408    .constdata          system_stm32f0xx.o
    0x0800455c   0x0800455c   0x00000008   Data   RO         3409    .constdata          system_stm32f0xx.o
    0x08004564   0x08004564   0x0000001a   Data   RO          408    .conststring        freertos.o
    0x0800457e   0x0800457e   0x00000002   PAD
    0x08004580   0x08004580   0x00000020   Data   RO         5371    Region$$Table       anon$$obj.o


    Execution Region RW_IRAM1 (Exec base: 0x20000000, Load base: 0x080045a0, Size: 0x000017d0, Max: 0x00002000, ABSOLUTE)

    Exec Addr    Load Addr    Size         Type   Attr      Idx    E Section Name        Object

    0x20000000   0x080045a0   0x00000014   Data   RW           32    .data               max30102.o
    0x20000014   0x080045b4   0x00000002   Data   RW          254    .data               mpu.o
    0x20000016   0x080045b6   0x00000002   PAD
    0x20000018   0x080045b8   0x0000000c   Data   RW          409    .data               freertos.o
    0x20000024   0x080045c4   0x0000000c   Data   RW          788    .data               stm32f0xx_hal.o
    0x20000030   0x080045d0   0x00000004   Data   RW         3410    .data               system_stm32f0xx.o
    0x20000034   0x080045d4   0x0000003c   Data   RW         4051    .data               tasks.o
    0x20000070   0x08004610   0x00000014   Data   RW         4367    .data               timers.o
    0x20000084   0x08004624   0x00000004   Data   RW         4551    .data               cmsis_os2.o
    0x20000088   0x08004628   0x00000018   Data   RW         4908    .data               heap_2.o
    0x200000a0   0x08004640   0x00000004   Data   RW         4946    .data               port.o
    0x200000a4        -       0x00000040   Zero   RW           30    .bss                max30102.o
    0x200000e4        -       0x0000004c   Zero   RW          463    .bss                i2c.o
    0x20000130        -       0x00000084   Zero   RW          503    .bss                usart.o
    0x200001b4        -       0x00000048   Zero   RW          607    .bss                stm32f0xx_hal_timebase_tim.o
    0x200001fc        -       0x00000040   Zero   RW         3634    .bss                queue.o
    0x2000023c        -       0x000004c4   Zero   RW         4050    .bss                tasks.o
    0x20000700        -       0x00000118   Zero   RW         4366    .bss                timers.o
    0x20000818        -       0x000003b8   Zero   RW         4550    .bss                cmsis_os2.o
    0x20000bd0        -       0x00000800   Zero   RW         4907    .bss                heap_2.o
    0x200013d0        -       0x00000400   Zero   RW            1    STACK               startup_stm32f030x8.o


==============================================================================

Image component sizes


      Code (inc. data)   RO Data    RW Data    ZI Data      Debug   Object Name

       380         28          0          4        952      13818   cmsis_os2.o
         0          0          0          0          0      12692   event_groups.o
       172         36        134         12          0       8873   freertos.o
       140         10          0          0          0       1015   gpio.o
       236         16          0         24       2048       3639   heap_2.o
       188         26          0          0         76       1873   i2c.o
       138          0          0          0          0       3802   list.o
       214         12          0          0          0      10640   main.o
       782         76          0         20         64     292359   max30102.o
       160         10          0          2          0       1055   mpu.o
       366         58          0          4          0       7684   port.o
      1278          4          0          0         64      16544   queue.o
        28          8        180          0       1024        704   startup_stm32f030x8.o
        60         16          0         12          0       7078   stm32f0xx_hal.o
       100         14          0          0          0       9844   stm32f0xx_hal_cortex.o
        26          0          0          0          0         72   stm32f0xx_hal_dma.o
       380         24          0          0          0       2520   stm32f0xx_hal_gpio.o
      2136         62          0          0          0      15653   stm32f0xx_hal_i2c.o
       146          0          0          0          0       2123   stm32f0xx_hal_i2c_ex.o
        48          4          0          0          0        946   stm32f0xx_hal_msp.o
      1432        102          0          0          0       5714   stm32f0xx_hal_rcc.o
       232         14          0          0          0       1508   stm32f0xx_hal_rcc_ex.o
       652         36          0          0          0       7540   stm32f0xx_hal_tim.o
         4          0          0          0          0       1761   stm32f0xx_hal_tim_ex.o
       120         22          0          0         72       1607   stm32f0xx_hal_timebase_tim.o
      1084         32          0          0          0       6641   stm32f0xx_hal_uart.o
        20          6          0          0          0       1484   stm32f0xx_it.o
         0          0          0          0          0       9064   stream_buffer.o
         2          0         24          4          0       1307   system_stm32f0xx.o
      1780        156          0         60       1220      22948   tasks.o
       836         74          0         20        280       9919   timers.o
       156         18          0          0        132       1970   usart.o

    ----------------------------------------------------------------------
     13318        864        372        164       5932     484397   Object Totals
         0          0         32          0          0          0   (incl. Generated)
        22          0          2          2          0          0   (incl. Padding)

    ----------------------------------------------------------------------

      Code (inc. data)   RO Data    RW Data    ZI Data      Debug   Library Member Name

         0          0          0          0          0          0   entry.o
         0          0          0          0          0          0   entry10a.o
         0          0          0          0          0          0   entry11a.o
         8          4          0          0          0          0   entry2.o
         4          0          0          0          0          0   entry5.o
         0          0          0          0          0          0   entry7b.o
         0          0          0          0          0          0   entry8b.o
         8          4          0          0          0          0   entry9a.o
        30          0          0          0          0          0   handlers.o
        36          8          0          0          0         68   init.o
         0          0          0          0          0          0   iusefp.o
        32          0          0          0          0         68   llshl.o
        38          0          0          0          0         68   llsshr.o
        34          0          0          0          0         68   llushr.o
        36          0          0          0          0         60   memcpya.o
        36          0          0          0          0        100   memseta.o
      2270         94          0          0          0        472   printfa.o
        14          0          0          0          0         60   strlen.o
        44          0          0          0          0         72   uidiv.o
        96          0          0          0          0         84   uldiv.o
        40          2          0          0          0         68   cdrcmple.o
        56          0          0          0          0         68   d2f.o
       356          4          0          0          0        140   dadd.o
       240          6          0          0          0         84   ddiv.o
       236          0          0          0          0        216   depilogue.o
        64         10          0          0          0         68   dfixul.o
        40          6          0          0          0         68   dflti.o
        28          4          0          0          0         68   dfltui.o
       208          6          0          0          0         88   dmul.o
        44          0          0          0          0         72   dscalb.o
       130          0          0          0          0        144   fepilogue.o

    ----------------------------------------------------------------------
      4134        148          0          0          0       2204   Library Totals
         6          0          0          0          0          0   (incl. Padding)

    ----------------------------------------------------------------------

      Code (inc. data)   RO Data    RW Data    ZI Data      Debug   Library Name

      2686        110          0          0          0       1120   mc_p.l
      1442         38          0          0          0       1084   mf_p.l

    ----------------------------------------------------------------------
      4134        148          0          0          0       2204   Library Totals

    ----------------------------------------------------------------------

==============================================================================


      Code (inc. data)   RO Data    RW Data    ZI Data      Debug   

     17452       1012        372        164       5932     479169   Grand Totals
     17452       1012        372        164       5932     479169   ELF Image Totals
     17452       1012        372        164          0          0   ROM Totals

==============================================================================

    Total RO  Size (Code + RO Data)                17824 (  17.41kB)
    Total RW  Size (RW Data + ZI Data)              6096 (   5.95kB)
    Total ROM Size (Code + RO Data + RW Data)      17988 (  17.57kB)

==============================================================================

