Archive member included to satisfy reference by file (symbol)

/usr/lib/gcc/arm-none-eabi/10.2.0/thumb/v6-m/nofp/libgcc.a(_udivsi3.o)
                              /var/home/arteeh/git/activitytracker/bin/stm32f0discovery/periph_common/rtc.o (__aeabi_uidiv)
/usr/lib/gcc/arm-none-eabi/10.2.0/thumb/v6-m/nofp/libgcc.a(_divsi3.o)
                              /var/home/arteeh/git/activitytracker/bin/stm32f0discovery/periph_common/rtc.o (__aeabi_idivmod)
/usr/lib/gcc/arm-none-eabi/10.2.0/thumb/v6-m/nofp/libgcc.a(_dvmd_tls.o)
                              /usr/lib/gcc/arm-none-eabi/10.2.0/thumb/v6-m/nofp/libgcc.a(_udivsi3.o) (__aeabi_idiv0)
/usr/lib/gcc/arm-none-eabi/10.2.0/../../../../arm-none-eabi/lib/thumb/v6-m/nofp/libc_nano.a(lib_a-calloc.o)
                              /var/home/arteeh/git/activitytracker/bin/stm32f0discovery/malloc_thread_safe/malloc_wrappers.o (calloc)
/usr/lib/gcc/arm-none-eabi/10.2.0/../../../../arm-none-eabi/lib/thumb/v6-m/nofp/libc_nano.a(lib_a-div.o)
                              /var/home/arteeh/git/activitytracker/bin/stm32f0discovery/periph_common/rtc.o (div)
/usr/lib/gcc/arm-none-eabi/10.2.0/../../../../arm-none-eabi/lib/thumb/v6-m/nofp/libc_nano.a(lib_a-errno.o)
                              /var/home/arteeh/git/activitytracker/bin/stm32f0discovery/newlib_syscalls_default/syscalls.o (__errno)
/usr/lib/gcc/arm-none-eabi/10.2.0/../../../../arm-none-eabi/lib/thumb/v6-m/nofp/libc_nano.a(lib_a-impure.o)
                              /usr/lib/gcc/arm-none-eabi/10.2.0/../../../../arm-none-eabi/lib/thumb/v6-m/nofp/libc_nano.a(lib_a-calloc.o) (_impure_ptr)
/usr/lib/gcc/arm-none-eabi/10.2.0/../../../../arm-none-eabi/lib/thumb/v6-m/nofp/libc_nano.a(lib_a-init.o)
                              /var/home/arteeh/git/activitytracker/bin/stm32f0discovery/cortexm_common/vectors_cortexm.o (__libc_init_array)
/usr/lib/gcc/arm-none-eabi/10.2.0/../../../../arm-none-eabi/lib/thumb/v6-m/nofp/libc_nano.a(lib_a-malloc.o)
                              /var/home/arteeh/git/activitytracker/bin/stm32f0discovery/malloc_thread_safe/malloc_wrappers.o (malloc)
/usr/lib/gcc/arm-none-eabi/10.2.0/../../../../arm-none-eabi/lib/thumb/v6-m/nofp/libc_nano.a(lib_a-memcmp.o)
                              /var/home/arteeh/git/activitytracker/bin/stm32f0discovery/core/atomic_c11.o (memcmp)
/usr/lib/gcc/arm-none-eabi/10.2.0/../../../../arm-none-eabi/lib/thumb/v6-m/nofp/libc_nano.a(lib_a-memcpy-stub.o)
                              /var/home/arteeh/git/activitytracker/bin/stm32f0discovery/core/atomic_c11.o (memcpy)
/usr/lib/gcc/arm-none-eabi/10.2.0/../../../../arm-none-eabi/lib/thumb/v6-m/nofp/libc_nano.a(lib_a-memset.o)
                              /var/home/arteeh/git/activitytracker/bin/stm32f0discovery/periph_common/rtc.o (memset)
/usr/lib/gcc/arm-none-eabi/10.2.0/../../../../arm-none-eabi/lib/thumb/v6-m/nofp/libc_nano.a(lib_a-mstats.o)
                              /var/home/arteeh/git/activitytracker/bin/stm32f0discovery/newlib_syscalls_default/syscalls.o (mallinfo)
/usr/lib/gcc/arm-none-eabi/10.2.0/../../../../arm-none-eabi/lib/thumb/v6-m/nofp/libc_nano.a(lib_a-nano-callocr.o)
                              /usr/lib/gcc/arm-none-eabi/10.2.0/../../../../arm-none-eabi/lib/thumb/v6-m/nofp/libc_nano.a(lib_a-calloc.o) (_calloc_r)
/usr/lib/gcc/arm-none-eabi/10.2.0/../../../../arm-none-eabi/lib/thumb/v6-m/nofp/libc_nano.a(lib_a-nano-freer.o)
                              /usr/lib/gcc/arm-none-eabi/10.2.0/../../../../arm-none-eabi/lib/thumb/v6-m/nofp/libc_nano.a(lib_a-malloc.o) (_free_r)
/usr/lib/gcc/arm-none-eabi/10.2.0/../../../../arm-none-eabi/lib/thumb/v6-m/nofp/libc_nano.a(lib_a-nano-mallinfor.o)
                              /usr/lib/gcc/arm-none-eabi/10.2.0/../../../../arm-none-eabi/lib/thumb/v6-m/nofp/libc_nano.a(lib_a-mstats.o) (_mallinfo_r)
/usr/lib/gcc/arm-none-eabi/10.2.0/../../../../arm-none-eabi/lib/thumb/v6-m/nofp/libc_nano.a(lib_a-nano-mallocr.o)
                              /usr/lib/gcc/arm-none-eabi/10.2.0/../../../../arm-none-eabi/lib/thumb/v6-m/nofp/libc_nano.a(lib_a-malloc.o) (_malloc_r)
/usr/lib/gcc/arm-none-eabi/10.2.0/../../../../arm-none-eabi/lib/thumb/v6-m/nofp/libc_nano.a(lib_a-nano-malloptr.o)
                              /usr/lib/gcc/arm-none-eabi/10.2.0/../../../../arm-none-eabi/lib/thumb/v6-m/nofp/libc_nano.a(lib_a-mstats.o) (_mallopt_r)
/usr/lib/gcc/arm-none-eabi/10.2.0/../../../../arm-none-eabi/lib/thumb/v6-m/nofp/libc_nano.a(lib_a-nano-mallstatsr.o)
                              /usr/lib/gcc/arm-none-eabi/10.2.0/../../../../arm-none-eabi/lib/thumb/v6-m/nofp/libc_nano.a(lib_a-mstats.o) (_malloc_stats_r)
/usr/lib/gcc/arm-none-eabi/10.2.0/../../../../arm-none-eabi/lib/thumb/v6-m/nofp/libc_nano.a(lib_a-printf.o)
                              /var/home/arteeh/git/activitytracker/bin/stm32f0discovery/core/init.o (printf)
/usr/lib/gcc/arm-none-eabi/10.2.0/../../../../arm-none-eabi/lib/thumb/v6-m/nofp/libc_nano.a(lib_a-realloc.o)
[...]
Memory Configuration

Name             Origin             Length             Attributes
ccmram           0x0000000010000000 0x0000000000000000
rom              0x0000000008000000 0x0000000000010000 xr
ram              0x0000000020000000 0x0000000000002000 w !xr
bkup-ram         0x0000000000000000 0x0000000000000000 w !xr
*default*        0x0000000000000000 0xffffffffffffffff

Linker script and memory map

LOAD /var/home/arteeh/git/activitytracker/bin/stm32f0discovery/application_activity-tracker/main.o
LOAD /var/home/arteeh/git/activitytracker/bin/stm32f0discovery/auto_init/auto_init.o
LOAD /var/home/arteeh/git/activitytracker/bin/stm32f0discovery/board/board.o
LOAD /var/home/arteeh/git/activitytracker/bin/stm32f0discovery/core/assert.o
LOAD /var/home/arteeh/git/activitytracker/bin/stm32f0discovery/core/atomic_c11.o
LOAD /var/home/arteeh/git/activitytracker/bin/stm32f0discovery/core/atomic_sync.o
LOAD /var/home/arteeh/git/activitytracker/bin/stm32f0discovery/core/bitarithm.o
LOAD /var/home/arteeh/git/activitytracker/bin/stm32f0discovery/core/clist.o
LOAD /var/home/arteeh/git/activitytracker/bin/stm32f0discovery/core/cond.o
LOAD /var/home/arteeh/git/activitytracker/bin/stm32f0discovery/core/init.o
LOAD /var/home/arteeh/git/activitytracker/bin/stm32f0discovery/core/msg.o
LOAD /var/home/arteeh/git/activitytracker/bin/stm32f0discovery/core/mutex.o
LOAD /var/home/arteeh/git/activitytracker/bin/stm32f0discovery/core/panic.o
LOAD /var/home/arteeh/git/activitytracker/bin/stm32f0discovery/core/priority_queue.o
LOAD /var/home/arteeh/git/activitytracker/bin/stm32f0discovery/core/ringbuffer.o
LOAD /var/home/arteeh/git/activitytracker/bin/stm32f0discovery/core/rmutex.o
LOAD /var/home/arteeh/git/activitytracker/bin/stm32f0discovery/core/sched.o
LOAD /var/home/arteeh/git/activitytracker/bin/stm32f0discovery/core/thread.o
LOAD /var/home/arteeh/git/activitytracker/bin/stm32f0discovery/cortexm_common/cortexm_init.o
LOAD /var/home/arteeh/git/activitytracker/bin/stm32f0discovery/cortexm_common/mpu.o
LOAD /var/home/arteeh/git/activitytracker/bin/stm32f0discovery/cortexm_common/panic.o
LOAD /var/home/arteeh/git/activitytracker/bin/stm32f0discovery/cortexm_common_periph/pm.o
LOAD /var/home/arteeh/git/activitytracker/bin/stm32f0discovery/cortexm_common/thread_arch.o
LOAD /var/home/arteeh/git/activitytracker/bin/stm32f0discovery/cortexm_common/vectors_cortexm.o
LOAD /var/home/arteeh/git/activitytracker/bin/stm32f0discovery/cpu/cpu_common.o
LOAD /var/home/arteeh/git/activitytracker/bin/stm32f0discovery/cpu/cpu_init.o
LOAD /var/home/arteeh/git/activitytracker/bin/stm32f0discovery/malloc_thread_safe/malloc_wrappers.o
LOAD /var/home/arteeh/git/activitytracker/bin/stm32f0discovery/newlib_syscalls_default/syscalls.o
LOAD /var/home/arteeh/git/activitytracker/bin/stm32f0discovery/periph_common/cpuid.o
LOAD /var/home/arteeh/git/activitytracker/bin/stm32f0discovery/periph_common/eeprom.o
LOAD /var/home/arteeh/git/activitytracker/bin/stm32f0discovery/periph_common/flashpage.o
LOAD /var/home/arteeh/git/activitytracker/bin/stm32f0discovery/periph_common/gpio_util.o
LOAD /var/home/arteeh/git/activitytracker/bin/stm32f0discovery/periph_common/i2c.o
LOAD /var/home/arteeh/git/activitytracker/bin/stm32f0discovery/periph_common/init.o
LOAD /var/home/arteeh/git/activitytracker/bin/stm32f0discovery/periph_common/pm.o
LOAD /var/home/arteeh/git/activitytracker/bin/stm32f0discovery/periph_common/ptp.o
LOAD /var/home/arteeh/git/activitytracker/bin/stm32f0discovery/periph_common/rtc.o
LOAD /var/home/arteeh/git/activitytracker/bin/stm32f0discovery/periph_common/spi.o
LOAD /var/home/arteeh/git/activitytracker/bin/stm32f0discovery/periph_common/timer.o
LOAD /var/home/arteeh/git/activitytracker/bin/stm32f0discovery/periph/gpio_all.o
LOAD /var/home/arteeh/git/activitytracker/bin/stm32f0discovery/periph/pm.o
LOAD /var/home/arteeh/git/activitytracker/bin/stm32f0discovery/periph/uart.o
LOAD /var/home/arteeh/git/activitytracker/bin/stm32f0discovery/pm_layered/pm.o
LOAD /var/home/arteeh/git/activitytracker/bin/stm32f0discovery/stdio_uart/stdio_uart.o
LOAD /var/home/arteeh/git/activitytracker/bin/stm32f0discovery/stm32_clk/stmclk_common.o
LOAD /var/home/arteeh/git/activitytracker/bin/stm32f0discovery/stm32_clk/stmclk_f0f1f3.o
LOAD /var/home/arteeh/git/activitytracker/bin/stm32f0discovery/stm32_vectors/STM32F051x8.o
LOAD /usr/lib/gcc/arm-none-eabi/10.2.0/../../../../arm-none-eabi/lib/thumb/v6-m/nofp/libm.a
LOAD /usr/lib/gcc/arm-none-eabi/10.2.0/thumb/v6-m/nofp/libgcc.a
                0x0000000008000000                _rom_start_addr = 0x8000000
                0x0000000020000000                _ram_start_addr = 0x20000000
                0x0000000000010000                _rom_length = 0x10000
                0x0000000000002000                _ram_length = 0x2000
LOAD /usr/lib/gcc/arm-none-eabi/10.2.0/../../../../arm-none-eabi/lib/thumb/v6-m/nofp/libc_nano.a
START GROUP
LOAD /usr/lib/gcc/arm-none-eabi/10.2.0/thumb/v6-m/nofp/libgcc.a
LOAD /usr/lib/gcc/arm-none-eabi/10.2.0/../../../../arm-none-eabi/lib/thumb/v6-m/nofp/libg_nano.a
LOAD /usr/lib/gcc/arm-none-eabi/10.2.0/../../../../arm-none-eabi/lib/thumb/v6-m/nofp/libc_nano.a
END GROUP
START GROUP
LOAD /usr/lib/gcc/arm-none-eabi/10.2.0/thumb/v6-m/nofp/libgcc.a
LOAD /usr/lib/gcc/arm-none-eabi/10.2.0/../../../../arm-none-eabi/lib/thumb/v6-m/nofp/libc_nano.a
END GROUP
                0x0000000000000000                ccmram_length = DEFINED (ccmram_len)?ccmram_len:0x0
                0x0000000000000000                _rom_offset = DEFINED (_rom_offset)?_rom_offset:0x0
                0x0000000000010000                _fw_rom_length = DEFINED (_fw_rom_length)?_fw_rom_length:(_rom_length - _rom_offset)
                0x0000000000000001                ASSERT ((_fw_rom_length <= (_rom_length - _rom_offset)), Specified firmware size does not fit in ROM)
                0x0000000000000000                _backup_ram_start_addr = DEFINED (_backup_ram_start_addr)?_backup_ram_start_addr:0x0
                0x0000000000000000                _backup_ram_len = DEFINED (_backup_ram_len)?_backup_ram_len:0x0

.text           0x0000000008000000     0x1b1c
                0x0000000008000000                . = ALIGN (0x4)
                0x0000000008000000                _sfixed = .
                0x0000000008000000                _isr_vectors = DEFINED (_isr_vectors)?_isr_vectors:.
 *(SORT_BY_NAME(.vectors*))
 .vectors.0     0x0000000008000000       0x40 /var/home/arteeh/git/activitytracker/bin/stm32f0discovery/cortexm_common/vectors_cortexm.o
                0x0000000008000000                cortex_vector_base
 .vectors.1     0x0000000008000040       0x7c /var/home/arteeh/git/activitytracker/bin/stm32f0discovery/stm32_vectors/STM32F051x8.o
                0x0000000008000040                vector_cpu
 *(.text .text.* .gnu.linkonce.t.*)
 .text.startup.main
                0x00000000080000bc        0x4 /var/home/arteeh/git/activitytracker/bin/stm32f0discovery/application_activity-tracker/main.o
                0x00000000080000bc                main
 .text.auto_init
                0x00000000080000c0        0x2 /var/home/arteeh/git/activitytracker/bin/stm32f0discovery/auto_init/auto_init.o
                0x00000000080000c0                auto_init
 *fill*         0x00000000080000c2        0x2 
 .text.board_init
                0x00000000080000c4       0x20 /var/home/arteeh/git/activitytracker/bin/stm32f0discovery/board/board.o
                0x00000000080000c4                board_init
 .text.main_trampoline
                0x00000000080000e4       0x18 /var/home/arteeh/git/activitytracker/bin/stm32f0discovery/core/init.o
 .text.kernel_init
                0x00000000080000fc       0x34 /var/home/arteeh/git/activitytracker/bin/stm32f0discovery/core/init.o
                0x00000000080000fc                kernel_init
 .text.panic_app
                0x0000000008000130        0x2 /var/home/arteeh/git/activitytracker/bin/stm32f0discovery/core/panic.o
                0x0000000008000130                panic_app
 *fill*         0x0000000008000132        0x2 
 .text.core_panic
                0x0000000008000134       0x3c /var/home/arteeh/git/activitytracker/bin/stm32f0discovery/core/panic.o
                0x0000000008000134                core_panic
 .text.sched_run
                0x0000000008000170       0x88 /var/home/arteeh/git/activitytracker/bin/stm32f0discovery/core/sched.o
                0x0000000008000170                sched_run
 .text.sched_set_status
                0x00000000080001f8       0x7c /var/home/arteeh/git/activitytracker/bin/stm32f0discovery/core/sched.o
                0x00000000080001f8                sched_set_status
 .text.sched_switch
                0x0000000008000274       0x3c /var/home/arteeh/git/activitytracker/bin/stm32f0discovery/core/sched.o
                0x0000000008000274                sched_switch
 .text.sched_task_exit
                0x00000000080002b0       0x40 /var/home/arteeh/git/activitytracker/bin/stm32f0discovery/core/sched.o
                0x00000000080002b0                sched_task_exit
 .text.thread_create
                0x00000000080002f0       0xbc /var/home/arteeh/git/activitytracker/bin/stm32f0discovery/core/thread.o
                0x00000000080002f0                thread_create
 .text.cortexm_init
                0x00000000080003ac       0x70 /var/home/arteeh/git/activitytracker/bin/stm32f0discovery/cortexm_common/cortexm_init.o
                0x00000000080003ac                cortexm_init
 .text.panic_arch
                0x000000000800041c        0x2 /var/home/arteeh/git/activitytracker/bin/stm32f0discovery/cortexm_common/panic.o
                0x000000000800041c                panic_arch
 *fill*         0x000000000800041e        0x2 
 .text.pm_reboot
                0x0000000008000420       0x1c /var/home/arteeh/git/activitytracker/bin/stm32f0discovery/cortexm_common_periph/pm.o
                0x0000000008000420                pm_reboot
 .text.thread_stack_init
                0x000000000800043c       0x90 /var/home/arteeh/git/activitytracker/bin/stm32f0discovery/cortexm_common/thread_arch.o
                0x000000000800043c                thread_stack_init
 .text.cpu_switch_context_exit
                0x00000000080004cc       0x18 /var/home/arteeh/git/activitytracker/bin/stm32f0discovery/cortexm_common/thread_arch.o
                0x00000000080004cc                cpu_switch_context_exit
 .text.isr_pendsv
                0x00000000080004e4       0x58 /var/home/arteeh/git/activitytracker/bin/stm32f0discovery/cortexm_common/thread_arch.o
                0x00000000080004e4                isr_pendsv
 .text.isr_svc  0x000000000800053c       0x10 /var/home/arteeh/git/activitytracker/bin/stm32f0discovery/cortexm_common/thread_arch.o
                0x000000000800053c                isr_svc
 .text.sched_arch_idle
                0x000000000800054c       0x10 /var/home/arteeh/git/activitytracker/bin/stm32f0discovery/cortexm_common/thread_arch.o
                0x000000000800054c                sched_arch_idle
 .text.nmi_default
                0x000000000800055c       0x10 /var/home/arteeh/git/activitytracker/bin/stm32f0discovery/cortexm_common/vectors_cortexm.o
                0x000000000800055c                nmi_default
 .text.hard_fault_default
                0x000000000800056c       0x10 /var/home/arteeh/git/activitytracker/bin/stm32f0discovery/cortexm_common/vectors_cortexm.o
                0x000000000800056c                hard_fault_default
 .text.dummy_handler_default
                0x000000000800057c       0x10 /var/home/arteeh/git/activitytracker/bin/stm32f0discovery/cortexm_common/vectors_cortexm.o
                0x000000000800057c                dummy_handler_default
                0x000000000800057c                isr_systick
 .text.pre_startup
                0x000000000800058c        0x2 /var/home/arteeh/git/activitytracker/bin/stm32f0discovery/cortexm_common/vectors_cortexm.o
                0x000000000800058c                pre_startup
 .text.post_startup
                0x000000000800058e        0x2 /var/home/arteeh/git/activitytracker/bin/stm32f0discovery/cortexm_common/vectors_cortexm.o
                0x000000000800058e                post_startup
 .text.reset_handler_default
                0x0000000008000590       0x4c /var/home/arteeh/git/activitytracker/bin/stm32f0discovery/cortexm_common/vectors_cortexm.o
                0x0000000008000590                reset_handler_default
 .text.periph_apb_clk
                0x00000000080005dc        0x8 /var/home/arteeh/git/activitytracker/bin/stm32f0discovery/cpu/cpu_common.o
                0x00000000080005dc                periph_apb_clk
 .text.periph_clk_en
                0x00000000080005e4       0x34 /var/home/arteeh/git/activitytracker/bin/stm32f0discovery/cpu/cpu_common.o
                0x00000000080005e4                periph_clk_en
 .text.cpu_init
                0x0000000008000618       0x74 /var/home/arteeh/git/activitytracker/bin/stm32f0discovery/cpu/cpu_init.o
                0x0000000008000618                cpu_init
 .text._init    0x000000000800068c        0x2 /var/home/arteeh/git/activitytracker/bin/stm32f0discovery/newlib_syscalls_default/syscalls.o
                0x000000000800068c                _init
 .text._fini    0x000000000800068e        0x2 /var/home/arteeh/git/activitytracker/bin/stm32f0discovery/newlib_syscalls_default/syscalls.o
                0x000000000800068e                _fini
 .text._sbrk_r  0x0000000008000690       0x40 /var/home/arteeh/git/activitytracker/bin/stm32f0discovery/newlib_syscalls_default/syscalls.o
                0x0000000008000690                _sbrk_r
 .text._read_r  0x00000000080006d0        0xc /var/home/arteeh/git/activitytracker/bin/stm32f0discovery/newlib_syscalls_default/syscalls.o
                0x00000000080006d0                _read_r
 .text._write_r
                0x00000000080006dc        0xc /var/home/arteeh/git/activitytracker/bin/stm32f0discovery/newlib_syscalls_default/syscalls.o
                0x00000000080006dc                _write_r
 .text._close_r
                0x00000000080006e8        0xa /var/home/arteeh/git/activitytracker/bin/stm32f0discovery/newlib_syscalls_default/syscalls.o
                0x00000000080006e8                _close_r
 .text._lseek_r
                0x00000000080006f2        0xa /var/home/arteeh/git/activitytracker/bin/stm32f0discovery/newlib_syscalls_default/syscalls.o
                0x00000000080006f2                _lseek_r
 .text._fstat_r
                0x00000000080006fc        0xa /var/home/arteeh/git/activitytracker/bin/stm32f0discovery/newlib_syscalls_default/syscalls.o
                0x00000000080006fc                _fstat_r
 .text._isatty_r
                0x0000000008000706        0xe /var/home/arteeh/git/activitytracker/bin/stm32f0discovery/newlib_syscalls_default/syscalls.o
                0x0000000008000706                _isatty_r
 .text.periph_init
                0x0000000008000714        0x2 /var/home/arteeh/git/activitytracker/bin/stm32f0discovery/periph_common/init.o
                0x0000000008000714                periph_init
 .text.gpio_init
                0x0000000008000716       0x68 /var/home/arteeh/git/activitytracker/bin/stm32f0discovery/periph/gpio_all.o
                0x0000000008000716                gpio_init
 .text.gpio_init_af
                0x000000000800077e       0x54 /var/home/arteeh/git/activitytracker/bin/stm32f0discovery/periph/gpio_all.o
                0x000000000800077e                gpio_init_af
 *fill*         0x00000000080007d2        0x2 
 .text.pm_set   0x00000000080007d4       0x6c /var/home/arteeh/git/activitytracker/bin/stm32f0discovery/periph/pm.o
                0x00000000080007d4                pm_set
 .text.irq_handler
                0x0000000008000840       0x58 /var/home/arteeh/git/activitytracker/bin/stm32f0discovery/periph/uart.o
 .text.uart_enable_clock
                0x0000000008000898       0x30 /var/home/arteeh/git/activitytracker/bin/stm32f0discovery/periph/uart.o
 .text.uart_init
                0x00000000080008c8       0x88 /var/home/arteeh/git/activitytracker/bin/stm32f0discovery/periph/uart.o
                0x00000000080008c8                uart_init
 .text.uart_write
                0x0000000008000950       0x30 /var/home/arteeh/git/activitytracker/bin/stm32f0discovery/periph/uart.o
                0x0000000008000950                uart_write
 .text.isr_usart1
                0x0000000008000980        0xa /var/home/arteeh/git/activitytracker/bin/stm32f0discovery/periph/uart.o
                0x0000000008000980                isr_usart1
 .text.isr_usart2
                0x000000000800098a        0xa /var/home/arteeh/git/activitytracker/bin/stm32f0discovery/periph/uart.o
                0x000000000800098a                isr_usart2
 .text.pm_set_lowest
                0x0000000008000994       0x38 /var/home/arteeh/git/activitytracker/bin/stm32f0discovery/pm_layered/pm.o
                0x0000000008000994                pm_set_lowest
 .text.pm_block
                0x00000000080009cc       0x18 /var/home/arteeh/git/activitytracker/bin/stm32f0discovery/pm_layered/pm.o
                0x00000000080009cc                pm_block
 .text.stdio_init
                0x00000000080009e4       0x12 /var/home/arteeh/git/activitytracker/bin/stm32f0discovery/stdio_uart/stdio_uart.o
                0x00000000080009e4                stdio_init
 .text.stdio_read
                0x00000000080009f6        0x6 /var/home/arteeh/git/activitytracker/bin/stm32f0discovery/stdio_uart/stdio_uart.o
                0x00000000080009f6                stdio_read
 .text.stdio_write
                0x00000000080009fc       0x12 /var/home/arteeh/git/activitytracker/bin/stm32f0discovery/stdio_uart/stdio_uart.o
                0x00000000080009fc                stdio_write
 *fill*         0x0000000008000a0e        0x2 
 .text.stmclk_enable_hsi
                0x0000000008000a10       0x18 /var/home/arteeh/git/activitytracker/bin/stm32f0discovery/stm32_clk/stmclk_common.o
                0x0000000008000a10                stmclk_enable_hsi
 .text.stmclk_disable_hsi
                0x0000000008000a28       0x10 /var/home/arteeh/git/activitytracker/bin/stm32f0discovery/stm32_clk/stmclk_common.o
                0x0000000008000a28                stmclk_disable_hsi
 .text.stmclk_init_sysclk
                0x0000000008000a38       0x88 /var/home/arteeh/git/activitytracker/bin/stm32f0discovery/stm32_clk/stmclk_f0f1f3.o
                0x0000000008000a38                stmclk_init_sysclk
 .text.dummy_handler
                0x0000000008000ac0        0x8 /var/home/arteeh/git/activitytracker/bin/stm32f0discovery/stm32_vectors/STM32F051x8.o
                0x0000000008000ac0                isr_pvd
                0x0000000008000ac0                isr_i2c1
                0x0000000008000ac0                isr_tim16
                0x0000000008000ac0                isr_exti
                0x0000000008000ac0                isr_tsc
                0x0000000008000ac0                isr_cec_can
                0x0000000008000ac0                isr_dma1_channel4_5
                0x0000000008000ac0                isr_tim1_brk_up_trg_com
                0x0000000008000ac0                isr_i2c2
                0x0000000008000ac0                isr_tim2
                0x0000000008000ac0                isr_dma1_channel2_3
                0x0000000008000ac0                isr_spi2
                0x0000000008000ac0                isr_dma1_channel1
                0x0000000008000ac0                dummy_handler
                0x0000000008000ac0                isr_spi1
                0x0000000008000ac0                isr_rcc
                0x0000000008000ac0                isr_flash
                0x0000000008000ac0                isr_rtc
                0x0000000008000ac0                isr_tim1_cc
                0x0000000008000ac0                isr_tim14
                0x0000000008000ac0                isr_adc1_comp
                0x0000000008000ac0                isr_tim17
                0x0000000008000ac0                isr_tim6_dac
                0x0000000008000ac0                isr_tim3
                0x0000000008000ac0                isr_tim15
                0x0000000008000ac0                isr_wwdg
 .text          0x0000000008000ac8      0x114 /usr/lib/gcc/arm-none-eabi/10.2.0/thumb/v6-m/nofp/libgcc.a(_udivsi3.o)
                0x0000000008000ac8                __udivsi3
                0x0000000008000ac8                __aeabi_uidiv
                0x0000000008000bd4                __aeabi_uidivmod
 .text          0x0000000008000bdc        0x4 /usr/lib/gcc/arm-none-eabi/10.2.0/thumb/v6-m/nofp/libgcc.a(_dvmd_tls.o)
                0x0000000008000bdc                __aeabi_ldiv0
                0x0000000008000bdc                __aeabi_idiv0
 .text.__libc_init_array
                0x0000000008000be0       0x48 /usr/lib/gcc/arm-none-eabi/10.2.0/../../../../arm-none-eabi/lib/thumb/v6-m/nofp/libc_nano.a(lib_a-init.o)
                0x0000000008000be0                __libc_init_array
 .text.memset   0x0000000008000c28       0x10 /usr/lib/gcc/arm-none-eabi/10.2.0/../../../../arm-none-eabi/lib/thumb/v6-m/nofp/libc_nano.a(lib_a-memset.o)
                0x0000000008000c28                memset
 .text._free_r  0x0000000008000c38       0x94 /usr/lib/gcc/arm-none-eabi/10.2.0/../../../../arm-none-eabi/lib/thumb/v6-m/nofp/libc_nano.a(lib_a-nano-freer.o)
                0x0000000008000c38                _free_r
 .text._malloc_r
                0x0000000008000ccc       0xbc /usr/lib/gcc/arm-none-eabi/10.2.0/../../../../arm-none-eabi/lib/thumb/v6-m/nofp/libc_nano.a(lib_a-nano-mallocr.o)
                0x0000000008000ccc                _malloc_r
 .text.printf   0x0000000008000d88       0x34 /usr/lib/gcc/arm-none-eabi/10.2.0/../../../../arm-none-eabi/lib/thumb/v6-m/nofp/libc_nano.a(lib_a-printf.o)
                0x0000000008000d88                printf
                0x0000000008000d88                iprintf
 .text.std      0x0000000008000dbc       0x48 /usr/lib/gcc/arm-none-eabi/10.2.0/../../../../arm-none-eabi/lib/thumb/v6-m/nofp/libc_nano.a(lib_a-findfp.o)
 .text._cleanup_r
                0x0000000008000e04       0x10 /usr/lib/gcc/arm-none-eabi/10.2.0/../../../../arm-none-eabi/lib/thumb/v6-m/nofp/libc_nano.a(lib_a-findfp.o)
                0x0000000008000e04                _cleanup_r
 .text.__sfmoreglue
                0x0000000008000e14       0x2c /usr/lib/gcc/arm-none-eabi/10.2.0/../../../../arm-none-eabi/lib/thumb/v6-m/nofp/libc_nano.a(lib_a-findfp.o)
                0x0000000008000e14                __sfmoreglue
 .text.__sinit  0x0000000008000e40       0x68 /usr/lib/gcc/arm-none-eabi/10.2.0/../../../../arm-none-eabi/lib/thumb/v6-m/nofp/libc_nano.a(lib_a-findfp.o)
                0x0000000008000e40                __sinit
 .text.__sfp    0x0000000008000ea8       0x7c /usr/lib/gcc/arm-none-eabi/10.2.0/../../../../arm-none-eabi/lib/thumb/v6-m/nofp/libc_nano.a(lib_a-findfp.o)
                0x0000000008000ea8                __sfp
 .text._fwalk_reent
                0x0000000008000f24       0x40 /usr/lib/gcc/arm-none-eabi/10.2.0/../../../../arm-none-eabi/lib/thumb/v6-m/nofp/libc_nano.a(lib_a-fwalk.o)
                0x0000000008000f24                _fwalk_reent
 .text.__malloc_lock
                0x0000000008000f64        0x2 /usr/lib/gcc/arm-none-eabi/10.2.0/../../../../arm-none-eabi/lib/thumb/v6-m/nofp/libc_nano.a(lib_a-mlock.o)
                0x0000000008000f64                __malloc_lock
 .text.__malloc_unlock
                0x0000000008000f66        0x2 /usr/lib/gcc/arm-none-eabi/10.2.0/../../../../arm-none-eabi/lib/thumb/v6-m/nofp/libc_nano.a(lib_a-mlock.o)
                0x0000000008000f66                __malloc_unlock
 .text.__sfputc_r
                0x0000000008000f68       0x2a /usr/lib/gcc/arm-none-eabi/10.2.0/../../../../arm-none-eabi/lib/thumb/v6-m/nofp/libc_nano.a(lib_a-nano-vfprintf.o)
 .text.__sfputs_r
                0x0000000008000f92       0x24 /usr/lib/gcc/arm-none-eabi/10.2.0/../../../../arm-none-eabi/lib/thumb/v6-m/nofp/libc_nano.a(lib_a-nano-vfprintf.o)
                0x0000000008000f92                __sfputs_r
 *fill*         0x0000000008000fb6        0x2 
 .text._vfprintf_r
                0x0000000008000fb8      0x238 /usr/lib/gcc/arm-none-eabi/10.2.0/../../../../arm-none-eabi/lib/thumb/v6-m/nofp/libc_nano.a(lib_a-nano-vfprintf.o)
                0x0000000008000fb8                _vfiprintf_r
                0x0000000008000fb8                _vfprintf_r
 .text._printf_common
                0x00000000080011f0       0xde /usr/lib/gcc/arm-none-eabi/10.2.0/../../../../arm-none-eabi/lib/thumb/v6-m/nofp/libc_nano.a(lib_a-nano-vfprintf_i.o)
                0x00000000080011f0                _printf_common
 *fill*         0x00000000080012ce        0x2 
 .text._printf_i
                0x00000000080012d0      0x224 /usr/lib/gcc/arm-none-eabi/10.2.0/../../../../arm-none-eabi/lib/thumb/v6-m/nofp/libc_nano.a(lib_a-nano-vfprintf_i.o)
                0x00000000080012d0                _printf_i
 .text.__sread  0x00000000080014f4       0x28 /usr/lib/gcc/arm-none-eabi/10.2.0/../../../../arm-none-eabi/lib/thumb/v6-m/nofp/libc_nano.a(lib_a-stdio.o)
                0x00000000080014f4                __sread
 .text.__swrite
                0x000000000800151c       0x38 /usr/lib/gcc/arm-none-eabi/10.2.0/../../../../arm-none-eabi/lib/thumb/v6-m/nofp/libc_nano.a(lib_a-stdio.o)
                0x000000000800151c                __swrite
 .text.__sseek  0x0000000008001554       0x2c /usr/lib/gcc/arm-none-eabi/10.2.0/../../../../arm-none-eabi/lib/thumb/v6-m/nofp/libc_nano.a(lib_a-stdio.o)
                0x0000000008001554                __sseek
 .text.__sclose
                0x0000000008001580        0xc /usr/lib/gcc/arm-none-eabi/10.2.0/../../../../arm-none-eabi/lib/thumb/v6-m/nofp/libc_nano.a(lib_a-stdio.o)
                0x0000000008001580                __sclose
 .text.__swbuf_r
                0x000000000800158c       0xac /usr/lib/gcc/arm-none-eabi/10.2.0/../../../../arm-none-eabi/lib/thumb/v6-m/nofp/libc_nano.a(lib_a-wbuf.o)
                0x000000000800158c                __swbuf_r
 .text.__swsetup_r
                0x0000000008001638       0xf0 /usr/lib/gcc/arm-none-eabi/10.2.0/../../../../arm-none-eabi/lib/thumb/v6-m/nofp/libc_nano.a(lib_a-wsetup.o)
                0x0000000008001638                __swsetup_r
 .text.__sflush_r
                0x0000000008001728      0x118 /usr/lib/gcc/arm-none-eabi/10.2.0/../../../../arm-none-eabi/lib/thumb/v6-m/nofp/libc_nano.a(lib_a-fflush.o)
                0x0000000008001728                __sflush_r
 .text._fflush_r
                0x0000000008001840       0x58 /usr/lib/gcc/arm-none-eabi/10.2.0/../../../../arm-none-eabi/lib/thumb/v6-m/nofp/libc_nano.a(lib_a-fflush.o)
                0x0000000008001840                _fflush_r
 .text.__swhatbuf_r
                0x0000000008001898       0x50 /usr/lib/gcc/arm-none-eabi/10.2.0/../../../../arm-none-eabi/lib/thumb/v6-m/nofp/libc_nano.a(lib_a-makebuf.o)
                0x0000000008001898                __swhatbuf_r
 .text.__smakebuf_r
                0x00000000080018e8       0x88 /usr/lib/gcc/arm-none-eabi/10.2.0/../../../../arm-none-eabi/lib/thumb/v6-m/nofp/libc_nano.a(lib_a-makebuf.o)
                0x00000000080018e8                __smakebuf_r
 .text.memchr   0x0000000008001970       0x16 /usr/lib/gcc/arm-none-eabi/10.2.0/../../../../arm-none-eabi/lib/thumb/v6-m/nofp/libc_nano.a(lib_a-memchr-stub.o)
                0x0000000008001970                memchr
 *fill*         0x0000000008001986        0x2 
 .text          0x0000000008001988       0x14 /usr/lib/gcc/arm-none-eabi/10.2.0/thumb/v6-m/nofp/libgcc.a(_thumb1_case_shi.o)
                0x0000000008001988                __gnu_thumb1_case_shi
 *(.glue_7t)
 .glue_7t       0x000000000800199c        0x0 linker stubs
 *(.glue_7)
 .glue_7        0x000000000800199c        0x0 linker stubs
 *(.rodata .rodata* .gnu.linkonce.r.*)
 .rodata.MultiplyDeBruijnBitPosition
                0x000000000800199c       0x20 /var/home/arteeh/git/activitytracker/bin/stm32f0discovery/core/bitarithm.o
                0x000000000800199c                MultiplyDeBruijnBitPosition
 .rodata.main_trampoline.str1.1
                0x00000000080019bc       0x3c /var/home/arteeh/git/activitytracker/bin/stm32f0discovery/core/init.o
 .rodata.kernel_init.str1.1
                0x00000000080019f8        0x5 /var/home/arteeh/git/activitytracker/bin/stm32f0discovery/core/init.o
 .rodata.core_panic.str1.1
                0x00000000080019fd       0x2f /var/home/arteeh/git/activitytracker/bin/stm32f0discovery/core/panic.o
 .rodata.nmi_default.str1.1
                0x0000000008001a2c        0xc /var/home/arteeh/git/activitytracker/bin/stm32f0discovery/cortexm_common/vectors_cortexm.o
 .rodata.hard_fault_default.str1.1
                0x0000000008001a38       0x13 /var/home/arteeh/git/activitytracker/bin/stm32f0discovery/cortexm_common/vectors_cortexm.o
 .rodata.dummy_handler_default.str1.1
                0x0000000008001a4b        0xe /var/home/arteeh/git/activitytracker/bin/stm32f0discovery/cortexm_common/vectors_cortexm.o
 *fill*         0x0000000008001a59        0x3 
 .rodata.uart_config
                0x0000000008001a5c       0x28 /var/home/arteeh/git/activitytracker/bin/stm32f0discovery/periph/uart.o
 .rodata._global_impure_ptr
                0x0000000008001a84        0x4 /usr/lib/gcc/arm-none-eabi/10.2.0/../../../../arm-none-eabi/lib/thumb/v6-m/nofp/libc_nano.a(lib_a-impure.o)
                0x0000000008001a84                _global_impure_ptr
 .rodata.__sf_fake_stderr
                0x0000000008001a88       0x20 /usr/lib/gcc/arm-none-eabi/10.2.0/../../../../arm-none-eabi/lib/thumb/v6-m/nofp/libc_nano.a(lib_a-findfp.o)
                0x0000000008001a88                __sf_fake_stderr
 .rodata.__sf_fake_stdin
                0x0000000008001aa8       0x20 /usr/lib/gcc/arm-none-eabi/10.2.0/../../../../arm-none-eabi/lib/thumb/v6-m/nofp/libc_nano.a(lib_a-findfp.o)
                0x0000000008001aa8                __sf_fake_stdin
 .rodata.__sf_fake_stdout
                0x0000000008001ac8       0x20 /usr/lib/gcc/arm-none-eabi/10.2.0/../../../../arm-none-eabi/lib/thumb/v6-m/nofp/libc_nano.a(lib_a-findfp.o)
                0x0000000008001ac8                __sf_fake_stdout
 .rodata._vfprintf_r.str1.1
                0x0000000008001ae8       0x11 /usr/lib/gcc/arm-none-eabi/10.2.0/../../../../arm-none-eabi/lib/thumb/v6-m/nofp/libc_nano.a(lib_a-nano-vfprintf.o)
 .rodata._printf_i.str1.1
                0x0000000008001af9       0x22 /usr/lib/gcc/arm-none-eabi/10.2.0/../../../../arm-none-eabi/lib/thumb/v6-m/nofp/libc_nano.a(lib_a-nano-vfprintf_i.o)
 *(SORT_BY_NAME(.roxfa.*))
 *(.ARM.extab* .gnu.linkonce.armextab.*)
                0x0000000008001b1c                . = ALIGN (0x4)
 *fill*         0x0000000008001b1b        0x1 
 *(.init)
                0x0000000008001b1c                . = ALIGN (0x4)
                0x0000000008001b1c                __preinit_array_start = .
 *(.preinit_array)
                0x0000000008001b1c                __preinit_array_end = .
                0x0000000008001b1c                . = ALIGN (0x4)
                0x0000000008001b1c                __init_array_start = .
 *(SORT_BY_NAME(.init_array.*))
 *(.init_array)
                0x0000000008001b1c                __init_array_end = .
                0x0000000008001b1c                . = ALIGN (0x4)
 *crtbegin.o(.ctors)
 *(EXCLUDE_FILE(*crtend.o) .ctors)
 *(SORT_BY_NAME(.ctors.*))
 *crtend.o(.ctors)
                0x0000000008001b1c                . = ALIGN (0x4)
 *(.fini)
                0x0000000008001b1c                . = ALIGN (0x4)
                0x0000000008001b1c                __fini_array_start = .
 *(.fini_array)
 *(SORT_BY_NAME(.fini_array.*))
                0x0000000008001b1c                __fini_array_end = .
 *crtbegin.o(.dtors)
 *(EXCLUDE_FILE(*crtend.o) .dtors)
 *(SORT_BY_NAME(.dtors.*))
 *crtend.o(.dtors)
                0x0000000008001b1c                . = ALIGN (0x4)
                0x0000000008001b1c                _efixed = .

.vfp11_veneer   0x0000000008001b1c        0x0
 .vfp11_veneer  0x0000000008001b1c        0x0 linker stubs

.v4_bx          0x0000000008001b1c        0x0
 .v4_bx         0x0000000008001b1c        0x0 linker stubs

.iplt           0x0000000008001b1c        0x0
 .iplt          0x0000000008001b1c        0x0 /var/home/arteeh/git/activitytracker/bin/stm32f0discovery/board/board.o

.igot.plt       0x0000000008001b1c        0x0
 .igot.plt      0x0000000008001b1c        0x0 /var/home/arteeh/git/activitytracker/bin/stm32f0discovery/board/board.o

.rel.dyn        0x0000000008001b1c        0x0
 .rel.iplt      0x0000000008001b1c        0x0 /var/home/arteeh/git/activitytracker/bin/stm32f0discovery/board/board.o

.tdata          0x0000000008001b1c        0x0
                0x0000000008001b1c                __tdata_start = .
 *(.tdata .tdata.* .gnu.linkonce.td.*)
                0x0000000008001b1c                __tdata_end = .
                0x0000000008001b1c                __tdata_source = LOADADDR (.tdata)
                0x0000000000000000                __tdata_size = SIZEOF (.tdata)

.tbss           0x0000000008001b1c        0x0
 *(.tbss .tbss.* .gnu.linkonce.tb.*)
 *(.tcommon)
                0x0000000008001b1c                __tbss_end = .
                0x0000000000000000                __tls_size = (__tbss_end - __tdata_start)
                0x0000000000000000                __tbss_size = (__tls_size - __tdata_size)
                [!provide]                        PROVIDE (__exidx_start = .)

.ARM.exidx
 *(.ARM.exidx* .gnu.linkonce.armexidx.*)
                [!provide]                        PROVIDE (__exidx_end = .)
                0x0000000008001b1c                . = ALIGN (0x4)

.eh_frame
 *(.eh_frame)
                0x0000000008001b1c                . = ALIGN (0x4)
                0x0000000008001b1c                _etext = .

.stack          0x0000000020000000      0x200
 *(.puf)
                0x0000000020000000                . = ALIGN (0x8)
                0x0000000020000000                _sstack = .
 *(.isr_stack)
 .isr_stack     0x0000000020000000      0x200 /var/home/arteeh/git/activitytracker/bin/stm32f0discovery/cortexm_common/vectors_cortexm.o
                0x0000000020000000                isr_stack
                0x0000000020000200                . = ALIGN (0x8)
                0x0000000020000200                _estack = .

.relocate       0x0000000020000200       0x70 load address 0x0000000008001b1c
                0x0000000020000200                . = ALIGN (0x4)
                0x0000000020000200                _srelocate = .
 *(.ramfunc .ramfunc.*)
 *(.data .data.*)
 .data.heap_top
                0x0000000020000200        0x4 /var/home/arteeh/git/activitytracker/bin/stm32f0discovery/newlib_syscalls_default/syscalls.o
 .data.pm_blocker
                0x0000000020000204        0x4 /var/home/arteeh/git/activitytracker/bin/stm32f0discovery/pm_layered/pm.o
 .data._impure_ptr
                0x0000000020000208        0x4 /usr/lib/gcc/arm-none-eabi/10.2.0/../../../../arm-none-eabi/lib/thumb/v6-m/nofp/libc_nano.a(lib_a-impure.o)
                0x0000000020000208                _impure_ptr
 .data.impure_data
                0x000000002000020c       0x60 /usr/lib/gcc/arm-none-eabi/10.2.0/../../../../arm-none-eabi/lib/thumb/v6-m/nofp/libc_nano.a(lib_a-impure.o)
 *(SORT_BY_NAME(.xfa.*))
 *(.openocd .openocd.*)
 .openocd       0x000000002000026c        0x1 /var/home/arteeh/git/activitytracker/bin/stm32f0discovery/core/sched.o
                0x000000002000026c                max_threads
                0x0000000020000270                . = ALIGN (0x4)
 *fill*         0x000000002000026d        0x3 
                0x0000000020000270                _erelocate = .

.bss            0x0000000020000270      0x6fc load address 0x0000000008001b8c
                0x0000000020000270                . = ALIGN (0x4)
                0x0000000020000270                _sbss = .
                0x0000000020000270                _szero = .
 *(.bss .bss.*)
 .bss.main_stack
                0x0000000020000270      0x600 /var/home/arteeh/git/activitytracker/bin/stm32f0discovery/core/init.o
 .bss.crashed   0x0000000020000870        0x4 /var/home/arteeh/git/activitytracker/bin/stm32f0discovery/core/panic.o
 .bss.runqueue_bitcache
                0x0000000020000874        0x4 /var/home/arteeh/git/activitytracker/bin/stm32f0discovery/core/sched.o
 .bss.sched_active_pid
                0x0000000020000878        0x2 /var/home/arteeh/git/activitytracker/bin/stm32f0discovery/core/sched.o
                0x0000000020000878                sched_active_pid
 *fill*         0x000000002000087a        0x2 
 .bss.sched_active_thread
                0x000000002000087c        0x4 /var/home/arteeh/git/activitytracker/bin/stm32f0discovery/core/sched.o
                0x000000002000087c                sched_active_thread
 .bss.sched_context_switch_request
                0x0000000020000880        0x4 /var/home/arteeh/git/activitytracker/bin/stm32f0discovery/core/sched.o
                0x0000000020000880                sched_context_switch_request
 .bss.sched_num_threads
                0x0000000020000884        0x4 /var/home/arteeh/git/activitytracker/bin/stm32f0discovery/core/sched.o
                0x0000000020000884                sched_num_threads
 .bss.sched_runqueues
                0x0000000020000888       0x40 /var/home/arteeh/git/activitytracker/bin/stm32f0discovery/core/sched.o
                0x0000000020000888                sched_runqueues
 .bss.sched_threads
                0x00000000200008c8       0x84 /var/home/arteeh/git/activitytracker/bin/stm32f0discovery/core/sched.o
                0x00000000200008c8                sched_threads
 .bss.isr_ctx   0x000000002000094c       0x18 /var/home/arteeh/git/activitytracker/bin/stm32f0discovery/periph/uart.o
 .bss.__malloc_free_list
                0x0000000020000964        0x4 /usr/lib/gcc/arm-none-eabi/10.2.0/../../../../arm-none-eabi/lib/thumb/v6-m/nofp/libc_nano.a(lib_a-nano-mallocr.o)
                0x0000000020000964                __malloc_free_list
 .bss.__malloc_sbrk_start
                0x0000000020000968        0x4 /usr/lib/gcc/arm-none-eabi/10.2.0/../../../../arm-none-eabi/lib/thumb/v6-m/nofp/libc_nano.a(lib_a-nano-mallocr.o)
                0x0000000020000968                __malloc_sbrk_start
 *(COMMON)
                0x000000002000096c                . = ALIGN (0x4)
                0x000000002000096c                _ebss = .
                0x000000002000096c                _ezero = .

.noinit         0x000000002000096c        0x0 load address 0x0000000008001b8c
                0x000000002000096c                __noinit_start = .
 *(.noinit)
                0x000000002000096c                . = ALIGN (0x4)
                0x000000002000096c                __noinit_end = .
                0x000000002000096c                . = ALIGN (0x4)
                0x000000002000096c                _sheap = .
                0x0000000020002000                _eheap = (ORIGIN (ram) + LENGTH (ram))
                0x0000000020000000                _sram = ORIGIN (ram)
                0x0000000020002000                _eram = (ORIGIN (ram) + LENGTH (ram))
                0x0000000008001b8c                _sbackup_data_load = LOADADDR (.backup.data)

.backup.data    0x0000000000000000        0x0 load address 0x0000000008001b8c
                0x0000000000000000                _sbackup_data = .
 *(.backup.data)
                0x0000000000000000                _ebackup_data = .
                0x0000000000000000                . = ALIGN (0x4)

.backup.bss     0x0000000000000000        0x0 load address 0x0000000008001b8c
                0x0000000000000000                _sbackup_bss = .
 *(.backup.bss)
                0x0000000000000000                _ebackup_bss = .
                0x0000000000000000                . = ALIGN (0x4)

.heap3          0x0000000000000000        0x0 load address 0x0000000008001b8c
                0x0000000000000000                _sheap1 = .
                0x0000000000000000                _eheap1 = (ORIGIN (bkup-ram) + LENGTH (bkup-ram))
OUTPUT(/var/home/arteeh/git/activitytracker/bin/stm32f0discovery/activity-tracker.elf elf32-littlearm)
LOAD linker stubs

.debug_info     0x0000000000000000    0x14eb7
 .debug_info    0x0000000000000000       0x47 /var/home/arteeh/git/activitytracker/bin/stm32f0discovery/application_activity-tracker/main.o
 .debug_info    0x0000000000000047      0x32c /var/home/arteeh/git/activitytracker/bin/stm32f0discovery/auto_init/auto_init.o
 .debug_info    0x0000000000000373      0x84a /var/home/arteeh/git/activitytracker/bin/stm32f0discovery/board/board.o
 .debug_info    0x0000000000000bbd      0x150 /var/home/arteeh/git/activitytracker/bin/stm32f0discovery/core/bitarithm.o
 .debug_info    0x0000000000000d0d      0x313 /var/home/arteeh/git/activitytracker/bin/stm32f0discovery/core/init.o
 .debug_info    0x0000000000001020      0x381 /var/home/arteeh/git/activitytracker/bin/stm32f0discovery/core/panic.o
 .debug_info    0x00000000000013a1      0xa90 /var/home/arteeh/git/activitytracker/bin/stm32f0discovery/core/sched.o
 .debug_info    0x0000000000001e31     0x12cc /var/home/arteeh/git/activitytracker/bin/stm32f0discovery/core/thread.o
 .debug_info    0x00000000000030fd      0x5c0 /var/home/arteeh/git/activitytracker/bin/stm32f0discovery/cortexm_common/cortexm_init.o
 .debug_info    0x00000000000036bd      0x13c /var/home/arteeh/git/activitytracker/bin/stm32f0discovery/cortexm_common/panic.o
 .debug_info    0x00000000000037f9      0x24c /var/home/arteeh/git/activitytracker/bin/stm32f0discovery/cortexm_common_periph/pm.o
 .debug_info    0x0000000000003a45      0x8be /var/home/arteeh/git/activitytracker/bin/stm32f0discovery/cortexm_common/thread_arch.o
 .debug_info    0x0000000000004303      0x3c1 /var/home/arteeh/git/activitytracker/bin/stm32f0discovery/cortexm_common/vectors_cortexm.o
 .debug_info    0x00000000000046c4      0x9a6 /var/home/arteeh/git/activitytracker/bin/stm32f0discovery/cpu/cpu_common.o
 .debug_info    0x000000000000506a      0x455 /var/home/arteeh/git/activitytracker/bin/stm32f0discovery/cpu/cpu_init.o
 .debug_info    0x00000000000054bf     0x1446 /var/home/arteeh/git/activitytracker/bin/stm32f0discovery/newlib_syscalls_default/syscalls.o
 .debug_info    0x0000000000006905      0x13c /var/home/arteeh/git/activitytracker/bin/stm32f0discovery/periph_common/init.o
 .debug_info    0x0000000000006a41      0xfb5 /var/home/arteeh/git/activitytracker/bin/stm32f0discovery/periph/gpio_all.o
 .debug_info    0x00000000000079f6      0x3e3 /var/home/arteeh/git/activitytracker/bin/stm32f0discovery/periph/pm.o
 .debug_info    0x0000000000007dd9     0x11de /var/home/arteeh/git/activitytracker/bin/stm32f0discovery/periph/uart.o
 .debug_info    0x0000000000008fb7      0x5d8 /var/home/arteeh/git/activitytracker/bin/stm32f0discovery/pm_layered/pm.o
 .debug_info    0x000000000000958f      0x8d2 /var/home/arteeh/git/activitytracker/bin/stm32f0discovery/stdio_uart/stdio_uart.o
 .debug_info    0x0000000000009e61      0x8f7 /var/home/arteeh/git/activitytracker/bin/stm32f0discovery/stm32_clk/stmclk_common.o
 .debug_info    0x000000000000a758      0xaae /var/home/arteeh/git/activitytracker/bin/stm32f0discovery/stm32_clk/stmclk_f0f1f3.o
 .debug_info    0x000000000000b206      0x1b6 /var/home/arteeh/git/activitytracker/bin/stm32f0discovery/stm32_vectors/STM32F051x8.o
 .debug_info    0x000000000000b3bc       0x26 /usr/lib/gcc/arm-none-eabi/10.2.0/thumb/v6-m/nofp/libgcc.a(_udivsi3.o)
 .debug_info    0x000000000000b3e2       0x26 /usr/lib/gcc/arm-none-eabi/10.2.0/thumb/v6-m/nofp/libgcc.a(_dvmd_tls.o)
 .debug_info    0x000000000000b408      0x863 /usr/lib/gcc/arm-none-eabi/10.2.0/../../../../arm-none-eabi/lib/thumb/v6-m/nofp/libc_nano.a(lib_a-impure.o)
 .debug_info    0x000000000000bc6b      0x11a /usr/lib/gcc/arm-none-eabi/10.2.0/../../../../arm-none-eabi/lib/thumb/v6-m/nofp/libc_nano.a(lib_a-init.o)
 .debug_info    0x000000000000bd85       0xe1 /usr/lib/gcc/arm-none-eabi/10.2.0/../../../../arm-none-eabi/lib/thumb/v6-m/nofp/libc_nano.a(lib_a-memset.o)
 .debug_info    0x000000000000be66      0x8fe /usr/lib/gcc/arm-none-eabi/10.2.0/../../../../arm-none-eabi/lib/thumb/v6-m/nofp/libc_nano.a(lib_a-nano-freer.o)
 .debug_info    0x000000000000c764      0xa3a /usr/lib/gcc/arm-none-eabi/10.2.0/../../../../arm-none-eabi/lib/thumb/v6-m/nofp/libc_nano.a(lib_a-nano-mallocr.o)
 .debug_info    0x000000000000d19e      0x904 /usr/lib/gcc/arm-none-eabi/10.2.0/../../../../arm-none-eabi/lib/thumb/v6-m/nofp/libc_nano.a(lib_a-printf.o)
 .debug_info    0x000000000000daa2      0xe62 /usr/lib/gcc/arm-none-eabi/10.2.0/../../../../arm-none-eabi/lib/thumb/v6-m/nofp/libc_nano.a(lib_a-findfp.o)
 .debug_info    0x000000000000e904      0x908 /usr/lib/gcc/arm-none-eabi/10.2.0/../../../../arm-none-eabi/lib/thumb/v6-m/nofp/libc_nano.a(lib_a-fwalk.o)
 .debug_info    0x000000000000f20c      0x7dc /usr/lib/gcc/arm-none-eabi/10.2.0/../../../../arm-none-eabi/lib/thumb/v6-m/nofp/libc_nano.a(lib_a-mlock.o)
 .debug_info    0x000000000000f9e8     0x111f /usr/lib/gcc/arm-none-eabi/10.2.0/../../../../arm-none-eabi/lib/thumb/v6-m/nofp/libc_nano.a(lib_a-nano-vfprintf.o)
 .debug_info    0x0000000000010b07      0xecc /usr/lib/gcc/arm-none-eabi/10.2.0/../../../../arm-none-eabi/lib/thumb/v6-m/nofp/libc_nano.a(lib_a-nano-vfprintf_i.o)
 .debug_info    0x00000000000119d3      0xac7 /usr/lib/gcc/arm-none-eabi/10.2.0/../../../../arm-none-eabi/lib/thumb/v6-m/nofp/libc_nano.a(lib_a-stdio.o)
 .debug_info    0x000000000001249a      0x99f /usr/lib/gcc/arm-none-eabi/10.2.0/../../../../arm-none-eabi/lib/thumb/v6-m/nofp/libc_nano.a(lib_a-wbuf.o)
 .debug_info    0x0000000000012e39      0x902 /usr/lib/gcc/arm-none-eabi/10.2.0/../../../../arm-none-eabi/lib/thumb/v6-m/nofp/libc_nano.a(lib_a-wsetup.o)
 .debug_info    0x000000000001373b      0xa9a /usr/lib/gcc/arm-none-eabi/10.2.0/../../../../arm-none-eabi/lib/thumb/v6-m/nofp/libc_nano.a(lib_a-fflush.o)
 .debug_info    0x00000000000141d5      0xba7 /usr/lib/gcc/arm-none-eabi/10.2.0/../../../../arm-none-eabi/lib/thumb/v6-m/nofp/libc_nano.a(lib_a-makebuf.o)
 .debug_info    0x0000000000014d7c      0x115 /usr/lib/gcc/arm-none-eabi/10.2.0/../../../../arm-none-eabi/lib/thumb/v6-m/nofp/libc_nano.a(lib_a-memchr-stub.o)
 .debug_info    0x0000000000014e91       0x26 /usr/lib/gcc/arm-none-eabi/10.2.0/thumb/v6-m/nofp/libgcc.a(_thumb1_case_shi.o)

.debug_abbrev   0x0000000000000000     0x5bbf
 .debug_abbrev  0x0000000000000000       0x3e /var/home/arteeh/git/activitytracker/bin/stm32f0discovery/application_activity-tracker/main.o
 .debug_abbrev  0x000000000000003e       0x95 /var/home/arteeh/git/activitytracker/bin/stm32f0discovery/auto_init/auto_init.o
 .debug_abbrev  0x00000000000000d3      0x1e2 /var/home/arteeh/git/activitytracker/bin/stm32f0discovery/board/board.o
 .debug_abbrev  0x00000000000002b5       0xde /var/home/arteeh/git/activitytracker/bin/stm32f0discovery/core/bitarithm.o
 .debug_abbrev  0x0000000000000393      0x1ec /var/home/arteeh/git/activitytracker/bin/stm32f0discovery/core/init.o
 .debug_abbrev  0x000000000000057f      0x229 /var/home/arteeh/git/activitytracker/bin/stm32f0discovery/core/panic.o
 .debug_abbrev  0x00000000000007a8      0x400 /var/home/arteeh/git/activitytracker/bin/stm32f0discovery/core/sched.o
 .debug_abbrev  0x0000000000000ba8      0x4f9 /var/home/arteeh/git/activitytracker/bin/stm32f0discovery/core/thread.o
 .debug_abbrev  0x00000000000010a1      0x29a /var/home/arteeh/git/activitytracker/bin/stm32f0discovery/cortexm_common/cortexm_init.o
 .debug_abbrev  0x000000000000133b       0xf5 /var/home/arteeh/git/activitytracker/bin/stm32f0discovery/cortexm_common/panic.o
 .debug_abbrev  0x0000000000001430      0x1a8 /var/home/arteeh/git/activitytracker/bin/stm32f0discovery/cortexm_common_periph/pm.o
 .debug_abbrev  0x00000000000015d8      0x436 /var/home/arteeh/git/activitytracker/bin/stm32f0discovery/cortexm_common/thread_arch.o
 .debug_abbrev  0x0000000000001a0e      0x260 /var/home/arteeh/git/activitytracker/bin/stm32f0discovery/cortexm_common/vectors_cortexm.o
 .debug_abbrev  0x0000000000001c6e      0x275 /var/home/arteeh/git/activitytracker/bin/stm32f0discovery/cpu/cpu_common.o
 .debug_abbrev  0x0000000000001ee3      0x21d /var/home/arteeh/git/activitytracker/bin/stm32f0discovery/cpu/cpu_init.o
 .debug_abbrev  0x0000000000002100      0x4d1 /var/home/arteeh/git/activitytracker/bin/stm32f0discovery/newlib_syscalls_default/syscalls.o
 .debug_abbrev  0x00000000000025d1       0xf5 /var/home/arteeh/git/activitytracker/bin/stm32f0discovery/periph_common/init.o
 .debug_abbrev  0x00000000000026c6      0x2fb /var/home/arteeh/git/activitytracker/bin/stm32f0discovery/periph/gpio_all.o
 .debug_abbrev  0x00000000000029c1      0x255 /var/home/arteeh/git/activitytracker/bin/stm32f0discovery/periph/pm.o
 .debug_abbrev  0x0000000000002c16      0x4aa /var/home/arteeh/git/activitytracker/bin/stm32f0discovery/periph/uart.o
 .debug_abbrev  0x00000000000030c0      0x284 /var/home/arteeh/git/activitytracker/bin/stm32f0discovery/pm_layered/pm.o
 .debug_abbrev  0x0000000000003344      0x24e /var/home/arteeh/git/activitytracker/bin/stm32f0discovery/stdio_uart/stdio_uart.o
 .debug_abbrev  0x0000000000003592      0x18b /var/home/arteeh/git/activitytracker/bin/stm32f0discovery/stm32_clk/stmclk_common.o
 .debug_abbrev  0x000000000000371d      0x28f /var/home/arteeh/git/activitytracker/bin/stm32f0discovery/stm32_clk/stmclk_f0f1f3.o
 .debug_abbrev  0x00000000000039ac       0xd7 /var/home/arteeh/git/activitytracker/bin/stm32f0discovery/stm32_vectors/STM32F051x8.o
 .debug_abbrev  0x0000000000003a83       0x14 /usr/lib/gcc/arm-none-eabi/10.2.0/thumb/v6-m/nofp/libgcc.a(_udivsi3.o)
 .debug_abbrev  0x0000000000003a97       0x14 /usr/lib/gcc/arm-none-eabi/10.2.0/thumb/v6-m/nofp/libgcc.a(_dvmd_tls.o)
 .debug_abbrev  0x0000000000003aab      0x151 /usr/lib/gcc/arm-none-eabi/10.2.0/../../../../arm-none-eabi/lib/thumb/v6-m/nofp/libc_nano.a(lib_a-impure.o)
 .debug_abbrev  0x0000000000003bfc       0xcc /usr/lib/gcc/arm-none-eabi/10.2.0/../../../../arm-none-eabi/lib/thumb/v6-m/nofp/libc_nano.a(lib_a-init.o)
 .debug_abbrev  0x0000000000003cc8       0x9e /usr/lib/gcc/arm-none-eabi/10.2.0/../../../../arm-none-eabi/lib/thumb/v6-m/nofp/libc_nano.a(lib_a-memset.o)
 .debug_abbrev  0x0000000000003d66      0x22d /usr/lib/gcc/arm-none-eabi/10.2.0/../../../../arm-none-eabi/lib/thumb/v6-m/nofp/libc_nano.a(lib_a-nano-freer.o)
 .debug_abbrev  0x0000000000003f93      0x297 /usr/lib/gcc/arm-none-eabi/10.2.0/../../../../arm-none-eabi/lib/thumb/v6-m/nofp/libc_nano.a(lib_a-nano-mallocr.o)
 .debug_abbrev  0x000000000000422a      0x233 /usr/lib/gcc/arm-none-eabi/10.2.0/../../../../arm-none-eabi/lib/thumb/v6-m/nofp/libc_nano.a(lib_a-printf.o)
 .debug_abbrev  0x000000000000445d      0x3a2 /usr/lib/gcc/arm-none-eabi/10.2.0/../../../../arm-none-eabi/lib/thumb/v6-m/nofp/libc_nano.a(lib_a-findfp.o)
 .debug_abbrev  0x00000000000047ff      0x19a /usr/lib/gcc/arm-none-eabi/10.2.0/../../../../arm-none-eabi/lib/thumb/v6-m/nofp/libc_nano.a(lib_a-fwalk.o)
 .debug_abbrev  0x0000000000004999      0x189 /usr/lib/gcc/arm-none-eabi/10.2.0/../../../../arm-none-eabi/lib/thumb/v6-m/nofp/libc_nano.a(lib_a-mlock.o)
 .debug_abbrev  0x0000000000004b22      0x2b9 /usr/lib/gcc/arm-none-eabi/10.2.0/../../../../arm-none-eabi/lib/thumb/v6-m/nofp/libc_nano.a(lib_a-nano-vfprintf.o)
 .debug_abbrev  0x0000000000004ddb      0x287 /usr/lib/gcc/arm-none-eabi/10.2.0/../../../../arm-none-eabi/lib/thumb/v6-m/nofp/libc_nano.a(lib_a-nano-vfprintf_i.o)
 .debug_abbrev  0x0000000000005062      0x1db /usr/lib/gcc/arm-none-eabi/10.2.0/../../../../arm-none-eabi/lib/thumb/v6-m/nofp/libc_nano.a(lib_a-stdio.o)
 .debug_abbrev  0x000000000000523d      0x206 /usr/lib/gcc/arm-none-eabi/10.2.0/../../../../arm-none-eabi/lib/thumb/v6-m/nofp/libc_nano.a(lib_a-wbuf.o)
 .debug_abbrev  0x0000000000005443      0x1d4 /usr/lib/gcc/arm-none-eabi/10.2.0/../../../../arm-none-eabi/lib/thumb/v6-m/nofp/libc_nano.a(lib_a-wsetup.o)
 .debug_abbrev  0x0000000000005617      0x25c /usr/lib/gcc/arm-none-eabi/10.2.0/../../../../arm-none-eabi/lib/thumb/v6-m/nofp/libc_nano.a(lib_a-fflush.o)
 .debug_abbrev  0x0000000000005873      0x289 /usr/lib/gcc/arm-none-eabi/10.2.0/../../../../arm-none-eabi/lib/thumb/v6-m/nofp/libc_nano.a(lib_a-makebuf.o)
 .debug_abbrev  0x0000000000005afc       0xaf /usr/lib/gcc/arm-none-eabi/10.2.0/../../../../arm-none-eabi/lib/thumb/v6-m/nofp/libc_nano.a(lib_a-memchr-stub.o)
 .debug_abbrev  0x0000000000005bab       0x14 /usr/lib/gcc/arm-none-eabi/10.2.0/thumb/v6-m/nofp/libgcc.a(_thumb1_case_shi.o)

.debug_aranges  0x0000000000000000      0x970
 .debug_aranges
                0x0000000000000000       0x20 /var/home/arteeh/git/activitytracker/bin/stm32f0discovery/application_activity-tracker/main.o
 .debug_aranges
                0x0000000000000020       0x20 /var/home/arteeh/git/activitytracker/bin/stm32f0discovery/auto_init/auto_init.o
 .debug_aranges
                0x0000000000000040       0x28 /var/home/arteeh/git/activitytracker/bin/stm32f0discovery/board/board.o
 .debug_aranges
                0x0000000000000068       0x28 /var/home/arteeh/git/activitytracker/bin/stm32f0discovery/core/bitarithm.o
 .debug_aranges
                0x0000000000000090       0x30 /var/home/arteeh/git/activitytracker/bin/stm32f0discovery/core/init.o
 .debug_aranges
                0x00000000000000c0       0x38 /var/home/arteeh/git/activitytracker/bin/stm32f0discovery/core/panic.o
 .debug_aranges
                0x00000000000000f8       0x40 /var/home/arteeh/git/activitytracker/bin/stm32f0discovery/core/sched.o
 .debug_aranges
                0x0000000000000138       0x70 /var/home/arteeh/git/activitytracker/bin/stm32f0discovery/core/thread.o
 .debug_aranges
                0x00000000000001a8       0x30 /var/home/arteeh/git/activitytracker/bin/stm32f0discovery/cortexm_common/cortexm_init.o
 .debug_aranges
                0x00000000000001d8       0x28 /var/home/arteeh/git/activitytracker/bin/stm32f0discovery/cortexm_common/panic.o
 .debug_aranges
                0x0000000000000200       0x28 /var/home/arteeh/git/activitytracker/bin/stm32f0discovery/cortexm_common_periph/pm.o
 .debug_aranges
                0x0000000000000228       0x68 /var/home/arteeh/git/activitytracker/bin/stm32f0discovery/cortexm_common/thread_arch.o
 .debug_aranges
                0x0000000000000290       0x48 /var/home/arteeh/git/activitytracker/bin/stm32f0discovery/cortexm_common/vectors_cortexm.o
 .debug_aranges
                0x00000000000002d8       0x40 /var/home/arteeh/git/activitytracker/bin/stm32f0discovery/cpu/cpu_common.o
 .debug_aranges
                0x0000000000000318       0x28 /var/home/arteeh/git/activitytracker/bin/stm32f0discovery/cpu/cpu_init.o
 .debug_aranges
                0x0000000000000340       0xc0 /var/home/arteeh/git/activitytracker/bin/stm32f0discovery/newlib_syscalls_default/syscalls.o
 .debug_aranges
                0x0000000000000400       0x28 /var/home/arteeh/git/activitytracker/bin/stm32f0discovery/periph_common/init.o
 .debug_aranges
                0x0000000000000428       0x70 /var/home/arteeh/git/activitytracker/bin/stm32f0discovery/periph/gpio_all.o
 .debug_aranges
                0x0000000000000498       0x28 /var/home/arteeh/git/activitytracker/bin/stm32f0discovery/periph/pm.o
 .debug_aranges
                0x00000000000004c0       0x60 /var/home/arteeh/git/activitytracker/bin/stm32f0discovery/periph/uart.o
 .debug_aranges
                0x0000000000000520       0x48 /var/home/arteeh/git/activitytracker/bin/stm32f0discovery/pm_layered/pm.o
 .debug_aranges
                0x0000000000000568       0x38 /var/home/arteeh/git/activitytracker/bin/stm32f0discovery/stdio_uart/stdio_uart.o
 .debug_aranges
                0x00000000000005a0       0x50 /var/home/arteeh/git/activitytracker/bin/stm32f0discovery/stm32_clk/stmclk_common.o
 .debug_aranges
                0x00000000000005f0       0x28 /var/home/arteeh/git/activitytracker/bin/stm32f0discovery/stm32_clk/stmclk_f0f1f3.o
 .debug_aranges
                0x0000000000000618       0x20 /var/home/arteeh/git/activitytracker/bin/stm32f0discovery/stm32_vectors/STM32F051x8.o
 .debug_aranges
                0x0000000000000638       0x20 /usr/lib/gcc/arm-none-eabi/10.2.0/thumb/v6-m/nofp/libgcc.a(_udivsi3.o)
 .debug_aranges
                0x0000000000000658       0x20 /usr/lib/gcc/arm-none-eabi/10.2.0/thumb/v6-m/nofp/libgcc.a(_dvmd_tls.o)
 .debug_aranges
                0x0000000000000678       0x18 /usr/lib/gcc/arm-none-eabi/10.2.0/../../../../arm-none-eabi/lib/thumb/v6-m/nofp/libc_nano.a(lib_a-impure.o)
 .debug_aranges
                0x0000000000000690       0x20 /usr/lib/gcc/arm-none-eabi/10.2.0/../../../../arm-none-eabi/lib/thumb/v6-m/nofp/libc_nano.a(lib_a-init.o)
 .debug_aranges
                0x00000000000006b0       0x20 /usr/lib/gcc/arm-none-eabi/10.2.0/../../../../arm-none-eabi/lib/thumb/v6-m/nofp/libc_nano.a(lib_a-memset.o)
 .debug_aranges
                0x00000000000006d0       0x20 /usr/lib/gcc/arm-none-eabi/10.2.0/../../../../arm-none-eabi/lib/thumb/v6-m/nofp/libc_nano.a(lib_a-nano-freer.o)
 .debug_aranges
                0x00000000000006f0       0x20 /usr/lib/gcc/arm-none-eabi/10.2.0/../../../../arm-none-eabi/lib/thumb/v6-m/nofp/libc_nano.a(lib_a-nano-mallocr.o)
 .debug_aranges
                0x0000000000000710       0x28 /usr/lib/gcc/arm-none-eabi/10.2.0/../../../../arm-none-eabi/lib/thumb/v6-m/nofp/libc_nano.a(lib_a-printf.o)
 .debug_aranges
                0x0000000000000738       0x68 /usr/lib/gcc/arm-none-eabi/10.2.0/../../../../arm-none-eabi/lib/thumb/v6-m/nofp/libc_nano.a(lib_a-findfp.o)
 .debug_aranges
                0x00000000000007a0       0x28 /usr/lib/gcc/arm-none-eabi/10.2.0/../../../../arm-none-eabi/lib/thumb/v6-m/nofp/libc_nano.a(lib_a-fwalk.o)
 .debug_aranges
                0x00000000000007c8       0x20 /usr/lib/gcc/arm-none-eabi/10.2.0/../../../../arm-none-eabi/lib/thumb/v6-m/nofp/libc_nano.a(lib_a-mlock.o)
 .debug_aranges
                0x00000000000007e8       0x40 /usr/lib/gcc/arm-none-eabi/10.2.0/../../../../arm-none-eabi/lib/thumb/v6-m/nofp/libc_nano.a(lib_a-nano-vfprintf.o)
 .debug_aranges
                0x0000000000000828       0x28 /usr/lib/gcc/arm-none-eabi/10.2.0/../../../../arm-none-eabi/lib/thumb/v6-m/nofp/libc_nano.a(lib_a-nano-vfprintf_i.o)
 .debug_aranges
                0x0000000000000850       0x40 /usr/lib/gcc/arm-none-eabi/10.2.0/../../../../arm-none-eabi/lib/thumb/v6-m/nofp/libc_nano.a(lib_a-stdio.o)
 .debug_aranges
                0x0000000000000890       0x28 /usr/lib/gcc/arm-none-eabi/10.2.0/../../../../arm-none-eabi/lib/thumb/v6-m/nofp/libc_nano.a(lib_a-wbuf.o)
 .debug_aranges
                0x00000000000008b8       0x20 /usr/lib/gcc/arm-none-eabi/10.2.0/../../../../arm-none-eabi/lib/thumb/v6-m/nofp/libc_nano.a(lib_a-wsetup.o)
 .debug_aranges
                0x00000000000008d8       0x30 /usr/lib/gcc/arm-none-eabi/10.2.0/../../../../arm-none-eabi/lib/thumb/v6-m/nofp/libc_nano.a(lib_a-fflush.o)
 .debug_aranges
                0x0000000000000908       0x28 /usr/lib/gcc/arm-none-eabi/10.2.0/../../../../arm-none-eabi/lib/thumb/v6-m/nofp/libc_nano.a(lib_a-makebuf.o)
 .debug_aranges
                0x0000000000000930       0x20 /usr/lib/gcc/arm-none-eabi/10.2.0/../../../../arm-none-eabi/lib/thumb/v6-m/nofp/libc_nano.a(lib_a-memchr-stub.o)
 .debug_aranges
                0x0000000000000950       0x20 /usr/lib/gcc/arm-none-eabi/10.2.0/thumb/v6-m/nofp/libgcc.a(_thumb1_case_shi.o)

.debug_ranges   0x0000000000000000     0x1290
 .debug_ranges  0x0000000000000000       0x10 /var/home/arteeh/git/activitytracker/bin/stm32f0discovery/application_activity-tracker/main.o
 .debug_ranges  0x0000000000000010       0x10 /var/home/arteeh/git/activitytracker/bin/stm32f0discovery/auto_init/auto_init.o
 .debug_ranges  0x0000000000000020       0x18 /var/home/arteeh/git/activitytracker/bin/stm32f0discovery/board/board.o
 .debug_ranges  0x0000000000000038       0x18 /var/home/arteeh/git/activitytracker/bin/stm32f0discovery/core/bitarithm.o
 .debug_ranges  0x0000000000000050       0x50 /var/home/arteeh/git/activitytracker/bin/stm32f0discovery/core/init.o
 .debug_ranges  0x00000000000000a0       0x28 /var/home/arteeh/git/activitytracker/bin/stm32f0discovery/core/panic.o
 .debug_ranges  0x00000000000000c8      0x160 /var/home/arteeh/git/activitytracker/bin/stm32f0discovery/core/sched.o
 .debug_ranges  0x0000000000000228      0x278 /var/home/arteeh/git/activitytracker/bin/stm32f0discovery/core/thread.o
 .debug_ranges  0x00000000000004a0       0xf8 /var/home/arteeh/git/activitytracker/bin/stm32f0discovery/cortexm_common/cortexm_init.o
 .debug_ranges  0x0000000000000598       0x18 /var/home/arteeh/git/activitytracker/bin/stm32f0discovery/cortexm_common/panic.o
 .debug_ranges  0x00000000000005b0       0x18 /var/home/arteeh/git/activitytracker/bin/stm32f0discovery/cortexm_common_periph/pm.o
 .debug_ranges  0x00000000000005c8       0x88 /var/home/arteeh/git/activitytracker/bin/stm32f0discovery/cortexm_common/thread_arch.o
 .debug_ranges  0x0000000000000650       0x38 /var/home/arteeh/git/activitytracker/bin/stm32f0discovery/cortexm_common/vectors_cortexm.o
 .debug_ranges  0x0000000000000688       0x30 /var/home/arteeh/git/activitytracker/bin/stm32f0discovery/cpu/cpu_common.o
 .debug_ranges  0x00000000000006b8       0xc0 /var/home/arteeh/git/activitytracker/bin/stm32f0discovery/cpu/cpu_init.o
 .debug_ranges  0x0000000000000778      0x158 /var/home/arteeh/git/activitytracker/bin/stm32f0discovery/newlib_syscalls_default/syscalls.o
 .debug_ranges  0x00000000000008d0       0x18 /var/home/arteeh/git/activitytracker/bin/stm32f0discovery/periph_common/init.o
 .debug_ranges  0x00000000000008e8      0x2b8 /var/home/arteeh/git/activitytracker/bin/stm32f0discovery/periph/gpio_all.o
 .debug_ranges  0x0000000000000ba0       0x60 /var/home/arteeh/git/activitytracker/bin/stm32f0discovery/periph/pm.o
 .debug_ranges  0x0000000000000c00      0x198 /var/home/arteeh/git/activitytracker/bin/stm32f0discovery/periph/uart.o
 .debug_ranges  0x0000000000000d98       0xe8 /var/home/arteeh/git/activitytracker/bin/stm32f0discovery/pm_layered/pm.o
 .debug_ranges  0x0000000000000e80       0x28 /var/home/arteeh/git/activitytracker/bin/stm32f0discovery/stdio_uart/stdio_uart.o
 .debug_ranges  0x0000000000000ea8       0x40 /var/home/arteeh/git/activitytracker/bin/stm32f0discovery/stm32_clk/stmclk_common.o
 .debug_ranges  0x0000000000000ee8       0x60 /var/home/arteeh/git/activitytracker/bin/stm32f0discovery/stm32_clk/stmclk_f0f1f3.o
 .debug_ranges  0x0000000000000f48       0x10 /var/home/arteeh/git/activitytracker/bin/stm32f0discovery/stm32_vectors/STM32F051x8.o
 .debug_ranges  0x0000000000000f58       0x10 /usr/lib/gcc/arm-none-eabi/10.2.0/../../../../arm-none-eabi/lib/thumb/v6-m/nofp/libc_nano.a(lib_a-init.o)
 .debug_ranges  0x0000000000000f68       0x10 /usr/lib/gcc/arm-none-eabi/10.2.0/../../../../arm-none-eabi/lib/thumb/v6-m/nofp/libc_nano.a(lib_a-memset.o)
 .debug_ranges  0x0000000000000f78       0x10 /usr/lib/gcc/arm-none-eabi/10.2.0/../../../../arm-none-eabi/lib/thumb/v6-m/nofp/libc_nano.a(lib_a-nano-freer.o)
 .debug_ranges  0x0000000000000f88       0x48 /usr/lib/gcc/arm-none-eabi/10.2.0/../../../../arm-none-eabi/lib/thumb/v6-m/nofp/libc_nano.a(lib_a-nano-mallocr.o)
 .debug_ranges  0x0000000000000fd0       0x18 /usr/lib/gcc/arm-none-eabi/10.2.0/../../../../arm-none-eabi/lib/thumb/v6-m/nofp/libc_nano.a(lib_a-printf.o)
 .debug_ranges  0x0000000000000fe8       0x70 /usr/lib/gcc/arm-none-eabi/10.2.0/../../../../arm-none-eabi/lib/thumb/v6-m/nofp/libc_nano.a(lib_a-findfp.o)
 .debug_ranges  0x0000000000001058       0x18 /usr/lib/gcc/arm-none-eabi/10.2.0/../../../../arm-none-eabi/lib/thumb/v6-m/nofp/libc_nano.a(lib_a-fwalk.o)
 .debug_ranges  0x0000000000001070       0x10 /usr/lib/gcc/arm-none-eabi/10.2.0/../../../../arm-none-eabi/lib/thumb/v6-m/nofp/libc_nano.a(lib_a-mlock.o)
 .debug_ranges  0x0000000000001080       0x50 /usr/lib/gcc/arm-none-eabi/10.2.0/../../../../arm-none-eabi/lib/thumb/v6-m/nofp/libc_nano.a(lib_a-nano-vfprintf.o)
 .debug_ranges  0x00000000000010d0       0x78 /usr/lib/gcc/arm-none-eabi/10.2.0/../../../../arm-none-eabi/lib/thumb/v6-m/nofp/libc_nano.a(lib_a-nano-vfprintf_i.o)
 .debug_ranges  0x0000000000001148       0x30 /usr/lib/gcc/arm-none-eabi/10.2.0/../../../../arm-none-eabi/lib/thumb/v6-m/nofp/libc_nano.a(lib_a-stdio.o)
 .debug_ranges  0x0000000000001178       0x38 /usr/lib/gcc/arm-none-eabi/10.2.0/../../../../arm-none-eabi/lib/thumb/v6-m/nofp/libc_nano.a(lib_a-wbuf.o)
 .debug_ranges  0x00000000000011b0       0x38 /usr/lib/gcc/arm-none-eabi/10.2.0/../../../../arm-none-eabi/lib/thumb/v6-m/nofp/libc_nano.a(lib_a-wsetup.o)
 .debug_ranges  0x00000000000011e8       0x68 /usr/lib/gcc/arm-none-eabi/10.2.0/../../../../arm-none-eabi/lib/thumb/v6-m/nofp/libc_nano.a(lib_a-fflush.o)
 .debug_ranges  0x0000000000001250       0x30 /usr/lib/gcc/arm-none-eabi/10.2.0/../../../../arm-none-eabi/lib/thumb/v6-m/nofp/libc_nano.a(lib_a-makebuf.o)
 .debug_ranges  0x0000000000001280       0x10 /usr/lib/gcc/arm-none-eabi/10.2.0/../../../../arm-none-eabi/lib/thumb/v6-m/nofp/libc_nano.a(lib_a-memchr-stub.o)

.debug_macro    0x0000000000000000    0x21154
 .debug_macro   0x0000000000000000       0x1a /var/home/arteeh/git/activitytracker/bin/stm32f0discovery/application_activity-tracker/main.o
 .debug_macro   0x000000000000001a      0xaa8 /var/home/arteeh/git/activitytracker/bin/stm32f0discovery/application_activity-tracker/main.o
 .debug_macro   0x0000000000000ac2      0x106 /var/home/arteeh/git/activitytracker/bin/stm32f0discovery/application_activity-tracker/main.o
 .debug_macro   0x0000000000000bc8      0x19e /var/home/arteeh/git/activitytracker/bin/stm32f0discovery/auto_init/auto_init.o
 .debug_macro   0x0000000000000d66      0xaa8 /var/home/arteeh/git/activitytracker/bin/stm32f0discovery/auto_init/auto_init.o
 .debug_macro   0x000000000000180e       0x22 /var/home/arteeh/git/activitytracker/bin/stm32f0discovery/auto_init/auto_init.o
 .debug_macro   0x0000000000001830       0x56 /var/home/arteeh/git/activitytracker/bin/stm32f0discovery/auto_init/auto_init.o
 .debug_macro   0x0000000000001886       0x51 /var/home/arteeh/git/activitytracker/bin/stm32f0discovery/auto_init/auto_init.o
 .debug_macro   0x00000000000018d7      0x103 /var/home/arteeh/git/activitytracker/bin/stm32f0discovery/auto_init/auto_init.o
 .debug_macro   0x00000000000019da       0x6a /var/home/arteeh/git/activitytracker/bin/stm32f0discovery/auto_init/auto_init.o
 .debug_macro   0x0000000000001a44      0x1df /var/home/arteeh/git/activitytracker/bin/stm32f0discovery/auto_init/auto_init.o
 .debug_macro   0x0000000000001c23       0x4c /var/home/arteeh/git/activitytracker/bin/stm32f0discovery/auto_init/auto_init.o
 .debug_macro   0x0000000000001c6f       0x18 /var/home/arteeh/git/activitytracker/bin/stm32f0discovery/auto_init/auto_init.o
 .debug_macro   0x0000000000001c87       0x3c /var/home/arteeh/git/activitytracker/bin/stm32f0discovery/auto_init/auto_init.o
 .debug_macro   0x0000000000001cc3       0x34 /var/home/arteeh/git/activitytracker/bin/stm32f0discovery/auto_init/auto_init.o
 .debug_macro   0x0000000000001cf7       0x16 /var/home/arteeh/git/activitytracker/bin/stm32f0discovery/auto_init/auto_init.o
 .debug_macro   0x0000000000001d0d       0x97 /var/home/arteeh/git/activitytracker/bin/stm32f0discovery/auto_init/auto_init.o
 .debug_macro   0x0000000000001da4      0x341 /var/home/arteeh/git/activitytracker/bin/stm32f0discovery/auto_init/auto_init.o
 .debug_macro   0x00000000000020e5       0xfd /var/home/arteeh/git/activitytracker/bin/stm32f0discovery/auto_init/auto_init.o
 .debug_macro   0x00000000000021e2       0x10 /var/home/arteeh/git/activitytracker/bin/stm32f0discovery/auto_init/auto_init.o
 .debug_macro   0x00000000000021f2       0x16 /var/home/arteeh/git/activitytracker/bin/stm32f0discovery/auto_init/auto_init.o
 .debug_macro   0x0000000000002208       0x43 /var/home/arteeh/git/activitytracker/bin/stm32f0discovery/auto_init/auto_init.o
 .debug_macro   0x000000000000224b       0x34 /var/home/arteeh/git/activitytracker/bin/stm32f0discovery/auto_init/auto_init.o
 .debug_macro   0x000000000000227f       0x10 /var/home/arteeh/git/activitytracker/bin/stm32f0discovery/auto_init/auto_init.o
 .debug_macro   0x000000000000228f       0x52 /var/home/arteeh/git/activitytracker/bin/stm32f0discovery/auto_init/auto_init.o
 .debug_macro   0x00000000000022e1       0x71 /var/home/arteeh/git/activitytracker/bin/stm32f0discovery/auto_init/auto_init.o
 .debug_macro   0x0000000000002352       0x60 /var/home/arteeh/git/activitytracker/bin/stm32f0discovery/auto_init/auto_init.o
 .debug_macro   0x00000000000023b2       0x10 /var/home/arteeh/git/activitytracker/bin/stm32f0discovery/auto_init/auto_init.o
 .debug_macro   0x00000000000023c2      0x12a /var/home/arteeh/git/activitytracker/bin/stm32f0discovery/auto_init/auto_init.o
 .debug_macro   0x00000000000024ec       0xbe /var/home/arteeh/git/activitytracker/bin/stm32f0discovery/auto_init/auto_init.o
 .debug_macro   0x00000000000025aa       0x16 /var/home/arteeh/git/activitytracker/bin/stm32f0discovery/auto_init/auto_init.o
 .debug_macro   0x00000000000025c0      0x114 /var/home/arteeh/git/activitytracker/bin/stm32f0discovery/auto_init/auto_init.o
 .debug_macro   0x00000000000026d4       0x34 /var/home/arteeh/git/activitytracker/bin/stm32f0discovery/auto_init/auto_init.o
 .debug_macro   0x0000000000002708      0x32f /var/home/arteeh/git/activitytracker/bin/stm32f0discovery/board/board.o
 .debug_macro   0x0000000000002a37      0xaa8 /var/home/arteeh/git/activitytracker/bin/stm32f0discovery/board/board.o
 .debug_macro   0x00000000000034df       0x46 /var/home/arteeh/git/activitytracker/bin/stm32f0discovery/board/board.o
 .debug_macro   0x0000000000003525       0x5c /var/home/arteeh/git/activitytracker/bin/stm32f0discovery/board/board.o
 .debug_macro   0x0000000000003581       0x57 /var/home/arteeh/git/activitytracker/bin/stm32f0discovery/board/board.o
 .debug_macro   0x00000000000035d8       0x22 /var/home/arteeh/git/activitytracker/bin/stm32f0discovery/board/board.o
 .debug_macro   0x00000000000035fa       0x43 /var/home/arteeh/git/activitytracker/bin/stm32f0discovery/board/board.o
 .debug_macro   0x000000000000363d       0x2e /var/home/arteeh/git/activitytracker/bin/stm32f0discovery/board/board.o
 .debug_macro   0x000000000000366b       0x22 /var/home/arteeh/git/activitytracker/bin/stm32f0discovery/board/board.o
 .debug_macro   0x000000000000368d       0x1c /var/home/arteeh/git/activitytracker/bin/stm32f0discovery/board/board.o
 .debug_macro   0x00000000000036a9       0x22 /var/home/arteeh/git/activitytracker/bin/stm32f0discovery/board/board.o
 .debug_macro   0x00000000000036cb       0xaf /var/home/arteeh/git/activitytracker/bin/stm32f0discovery/board/board.o
 .debug_macro   0x000000000000377a      0x391 /var/home/arteeh/git/activitytracker/bin/stm32f0discovery/board/board.o
 .debug_macro   0x0000000000003b0b     0x8cdd /var/home/arteeh/git/activitytracker/bin/stm32f0discovery/board/board.o
 .debug_macro   0x000000000000c7e8       0x3c /var/home/arteeh/git/activitytracker/bin/stm32f0discovery/board/board.o
 .debug_macro   0x000000000000c824       0x10 /var/home/arteeh/git/activitytracker/bin/stm32f0discovery/board/board.o
 .debug_macro   0x000000000000c834       0x2a /var/home/arteeh/git/activitytracker/bin/stm32f0discovery/board/board.o
 .debug_macro   0x000000000000c85e       0x10 /var/home/arteeh/git/activitytracker/bin/stm32f0discovery/board/board.o
 .debug_macro   0x000000000000c86e       0x35 /var/home/arteeh/git/activitytracker/bin/stm32f0discovery/board/board.o
 .debug_macro   0x000000000000c8a3      0x460 /var/home/arteeh/git/activitytracker/bin/stm32f0discovery/board/board.o
 .debug_macro   0x000000000000cd03       0x37 /var/home/arteeh/git/activitytracker/bin/stm32f0discovery/board/board.o
 .debug_macro   0x000000000000cd3a       0x42 /var/home/arteeh/git/activitytracker/bin/stm32f0discovery/board/board.o
 .debug_macro   0x000000000000cd7c       0x10 /var/home/arteeh/git/activitytracker/bin/stm32f0discovery/board/board.o
 .debug_macro   0x000000000000cd8c       0x27 /var/home/arteeh/git/activitytracker/bin/stm32f0discovery/board/board.o
 .debug_macro   0x000000000000cdb3       0x16 /var/home/arteeh/git/activitytracker/bin/stm32f0discovery/board/board.o
 .debug_macro   0x000000000000cdc9       0x52 /var/home/arteeh/git/activitytracker/bin/stm32f0discovery/board/board.o
 .debug_macro   0x000000000000ce1b       0xe8 /var/home/arteeh/git/activitytracker/bin/stm32f0discovery/board/board.o
 .debug_macro   0x000000000000cf03       0x2e /var/home/arteeh/git/activitytracker/bin/stm32f0discovery/board/board.o
 .debug_macro   0x000000000000cf31       0x16 /var/home/arteeh/git/activitytracker/bin/stm32f0discovery/board/board.o
 .debug_macro   0x000000000000cf47      0x1d0 /var/home/arteeh/git/activitytracker/bin/stm32f0discovery/board/board.o
 .debug_macro   0x000000000000d117       0x10 /var/home/arteeh/git/activitytracker/bin/stm32f0discovery/board/board.o
 .debug_macro   0x000000000000d127       0x1c /var/home/arteeh/git/activitytracker/bin/stm32f0discovery/board/board.o
 .debug_macro   0x000000000000d143       0x3b /var/home/arteeh/git/activitytracker/bin/stm32f0discovery/board/board.o
 .debug_macro   0x000000000000d17e       0x2f /var/home/arteeh/git/activitytracker/bin/stm32f0discovery/board/board.o
 .debug_macro   0x000000000000d1ad      0x202 /var/home/arteeh/git/activitytracker/bin/stm32f0discovery/core/bitarithm.o
 .debug_macro   0x000000000000d3af      0xaa8 /var/home/arteeh/git/activitytracker/bin/stm32f0discovery/core/bitarithm.o
 .debug_macro   0x000000000000de57       0xd6 /var/home/arteeh/git/activitytracker/bin/stm32f0discovery/core/bitarithm.o
 .debug_macro   0x000000000000df2d      0x355 /var/home/arteeh/git/activitytracker/bin/stm32f0discovery/core/init.o
 .debug_macro   0x000000000000e282      0xaa8 /var/home/arteeh/git/activitytracker/bin/stm32f0discovery/core/init.o
 .debug_macro   0x000000000000ed2a       0x10 /var/home/arteeh/git/activitytracker/bin/stm32f0discovery/core/init.o
 .debug_macro   0x000000000000ed3a      0x23b /var/home/arteeh/git/activitytracker/bin/stm32f0discovery/core/init.o
 .debug_macro   0x000000000000ef75       0x2e /var/home/arteeh/git/activitytracker/bin/stm32f0discovery/core/init.o
 .debug_macro   0x000000000000efa3       0x10 /var/home/arteeh/git/activitytracker/bin/stm32f0discovery/core/init.o
 .debug_macro   0x000000000000efb3      0x323 /var/home/arteeh/git/activitytracker/bin/stm32f0discovery/core/panic.o
 .debug_macro   0x000000000000f2d6      0xaa8 /var/home/arteeh/git/activitytracker/bin/stm32f0discovery/core/panic.o
 .debug_macro   0x000000000000fd7e       0x10 /var/home/arteeh/git/activitytracker/bin/stm32f0discovery/core/panic.o
 .debug_macro   0x000000000000fd8e      0x2ea /var/home/arteeh/git/activitytracker/bin/stm32f0discovery/core/sched.o
 .debug_macro   0x0000000000010078      0xaa8 /var/home/arteeh/git/activitytracker/bin/stm32f0discovery/core/sched.o
 .debug_macro   0x0000000000010b20      0x2e9 /var/home/arteeh/git/activitytracker/bin/stm32f0discovery/core/thread.o
 .debug_macro   0x0000000000010e09      0xaa8 /var/home/arteeh/git/activitytracker/bin/stm32f0discovery/core/thread.o
 .debug_macro   0x00000000000118b1       0xdc /var/home/arteeh/git/activitytracker/bin/stm32f0discovery/core/thread.o
 .debug_macro   0x000000000001198d      0x2c4 /var/home/arteeh/git/activitytracker/bin/stm32f0discovery/cortexm_common/cortexm_init.o
 .debug_macro   0x0000000000011c51      0xaa8 /var/home/arteeh/git/activitytracker/bin/stm32f0discovery/cortexm_common/cortexm_init.o
 .debug_macro   0x00000000000126f9      0x2c7 /var/home/arteeh/git/activitytracker/bin/stm32f0discovery/cortexm_common/panic.o
 .debug_macro   0x00000000000129c0      0xaa8 /var/home/arteeh/git/activitytracker/bin/stm32f0discovery/cortexm_common/panic.o
 .debug_macro   0x0000000000013468      0x2fb /var/home/arteeh/git/activitytracker/bin/stm32f0discovery/cortexm_common_periph/pm.o
 .debug_macro   0x0000000000013763      0xaa8 /var/home/arteeh/git/activitytracker/bin/stm32f0discovery/cortexm_common_periph/pm.o
 .debug_macro   0x000000000001420b      0x2e4 /var/home/arteeh/git/activitytracker/bin/stm32f0discovery/cortexm_common/thread_arch.o
 .debug_macro   0x00000000000144ef      0xaa8 /var/home/arteeh/git/activitytracker/bin/stm32f0discovery/cortexm_common/thread_arch.o
 .debug_macro   0x0000000000014f97       0x1c /var/home/arteeh/git/activitytracker/bin/stm32f0discovery/cortexm_common/thread_arch.o
 .debug_macro   0x0000000000014fb3      0x31d /var/home/arteeh/git/activitytracker/bin/stm32f0discovery/cortexm_common/vectors_cortexm.o
 .debug_macro   0x00000000000152d0      0xaa8 /var/home/arteeh/git/activitytracker/bin/stm32f0discovery/cortexm_common/vectors_cortexm.o
 .debug_macro   0x0000000000015d78       0x58 /var/home/arteeh/git/activitytracker/bin/stm32f0discovery/cortexm_common/vectors_cortexm.o
 .debug_macro   0x0000000000015dd0       0x1c /var/home/arteeh/git/activitytracker/bin/stm32f0discovery/cortexm_common/vectors_cortexm.o
 .debug_macro   0x0000000000015dec      0x32f /var/home/arteeh/git/activitytracker/bin/stm32f0discovery/cpu/cpu_common.o
 .debug_macro   0x000000000001611b      0xaa8 /var/home/arteeh/git/activitytracker/bin/stm32f0discovery/cpu/cpu_common.o
 .debug_macro   0x0000000000016bc3      0x354 /var/home/arteeh/git/activitytracker/bin/stm32f0discovery/cpu/cpu_init.o
 .debug_macro   0x0000000000016f17      0xaa8 /var/home/arteeh/git/activitytracker/bin/stm32f0discovery/cpu/cpu_init.o
 .debug_macro   0x00000000000179bf       0x16 /var/home/arteeh/git/activitytracker/bin/stm32f0discovery/cpu/cpu_init.o
 .debug_macro   0x00000000000179d5      0x4fe /var/home/arteeh/git/activitytracker/bin/stm32f0discovery/cpu/cpu_init.o
 .debug_macro   0x0000000000017ed3      0x42e /var/home/arteeh/git/activitytracker/bin/stm32f0discovery/newlib_syscalls_default/syscalls.o
 .debug_macro   0x0000000000018301      0xaa8 /var/home/arteeh/git/activitytracker/bin/stm32f0discovery/newlib_syscalls_default/syscalls.o
 .debug_macro   0x0000000000018da9       0x10 /var/home/arteeh/git/activitytracker/bin/stm32f0discovery/newlib_syscalls_default/syscalls.o
 .debug_macro   0x0000000000018db9       0xcf /var/home/arteeh/git/activitytracker/bin/stm32f0discovery/newlib_syscalls_default/syscalls.o
 .debug_macro   0x0000000000018e88       0x10 /var/home/arteeh/git/activitytracker/bin/stm32f0discovery/newlib_syscalls_default/syscalls.o
 .debug_macro   0x0000000000018e98       0x20 /var/home/arteeh/git/activitytracker/bin/stm32f0discovery/newlib_syscalls_default/syscalls.o
 .debug_macro   0x0000000000018eb8       0xb2 /var/home/arteeh/git/activitytracker/bin/stm32f0discovery/newlib_syscalls_default/syscalls.o
 .debug_macro   0x0000000000018f6a       0xbe /var/home/arteeh/git/activitytracker/bin/stm32f0discovery/newlib_syscalls_default/syscalls.o
 .debug_macro   0x0000000000019028       0x10 /var/home/arteeh/git/activitytracker/bin/stm32f0discovery/newlib_syscalls_default/syscalls.o
 .debug_macro   0x0000000000019038      0x241 /var/home/arteeh/git/activitytracker/bin/stm32f0discovery/newlib_syscalls_default/syscalls.o
 .debug_macro   0x0000000000019279       0x10 /var/home/arteeh/git/activitytracker/bin/stm32f0discovery/newlib_syscalls_default/syscalls.o
 .debug_macro   0x0000000000019289       0x3c /var/home/arteeh/git/activitytracker/bin/stm32f0discovery/newlib_syscalls_default/syscalls.o
 .debug_macro   0x00000000000192c5       0xff /var/home/arteeh/git/activitytracker/bin/stm32f0discovery/newlib_syscalls_default/syscalls.o
 .debug_macro   0x00000000000193c4       0x16 /var/home/arteeh/git/activitytracker/bin/stm32f0discovery/newlib_syscalls_default/syscalls.o
 .debug_macro   0x00000000000193da       0x10 /var/home/arteeh/git/activitytracker/bin/stm32f0discovery/newlib_syscalls_default/syscalls.o
 .debug_macro   0x00000000000193ea       0x10 /var/home/arteeh/git/activitytracker/bin/stm32f0discovery/newlib_syscalls_default/syscalls.o
 .debug_macro   0x00000000000193fa       0x2e /var/home/arteeh/git/activitytracker/bin/stm32f0discovery/newlib_syscalls_default/syscalls.o
 .debug_macro   0x0000000000019428      0x102 /var/home/arteeh/git/activitytracker/bin/stm32f0discovery/newlib_syscalls_default/syscalls.o
 .debug_macro   0x000000000001952a      0x2ee /var/home/arteeh/git/activitytracker/bin/stm32f0discovery/periph_common/init.o
 .debug_macro   0x0000000000019818      0xaa8 /var/home/arteeh/git/activitytracker/bin/stm32f0discovery/periph_common/init.o
 .debug_macro   0x000000000001a2c0      0x341 /var/home/arteeh/git/activitytracker/bin/stm32f0discovery/periph/gpio_all.o
 .debug_macro   0x000000000001a601      0xaa8 /var/home/arteeh/git/activitytracker/bin/stm32f0discovery/periph/gpio_all.o
 .debug_macro   0x000000000001b0a9      0x33c /var/home/arteeh/git/activitytracker/bin/stm32f0discovery/periph/pm.o
 .debug_macro   0x000000000001b3e5      0xaa8 /var/home/arteeh/git/activitytracker/bin/stm32f0discovery/periph/pm.o
 .debug_macro   0x000000000001be8d      0x366 /var/home/arteeh/git/activitytracker/bin/stm32f0discovery/periph/uart.o
 .debug_macro   0x000000000001c1f3      0xaa8 /var/home/arteeh/git/activitytracker/bin/stm32f0discovery/periph/uart.o
 .debug_macro   0x000000000001cc9b       0x10 /var/home/arteeh/git/activitytracker/bin/stm32f0discovery/periph/uart.o
 .debug_macro   0x000000000001ccab      0x345 /var/home/arteeh/git/activitytracker/bin/stm32f0discovery/pm_layered/pm.o
 .debug_macro   0x000000000001cff0      0xaa8 /var/home/arteeh/git/activitytracker/bin/stm32f0discovery/pm_layered/pm.o
 .debug_macro   0x000000000001da98       0x28 /var/home/arteeh/git/activitytracker/bin/stm32f0discovery/pm_layered/pm.o
 .debug_macro   0x000000000001dac0       0x27 /var/home/arteeh/git/activitytracker/bin/stm32f0discovery/pm_layered/pm.o
 .debug_macro   0x000000000001dae7      0x3d8 /var/home/arteeh/git/activitytracker/bin/stm32f0discovery/stdio_uart/stdio_uart.o
 .debug_macro   0x000000000001debf      0xaa8 /var/home/arteeh/git/activitytracker/bin/stm32f0discovery/stdio_uart/stdio_uart.o
 .debug_macro   0x000000000001e967       0x16 /var/home/arteeh/git/activitytracker/bin/stm32f0discovery/stdio_uart/stdio_uart.o
 .debug_macro   0x000000000001e97d      0x33e /var/home/arteeh/git/activitytracker/bin/stm32f0discovery/stm32_clk/stmclk_common.o
 .debug_macro   0x000000000001ecbb      0xaa8 /var/home/arteeh/git/activitytracker/bin/stm32f0discovery/stm32_clk/stmclk_common.o
 .debug_macro   0x000000000001f763      0x39e /var/home/arteeh/git/activitytracker/bin/stm32f0discovery/stm32_clk/stmclk_f0f1f3.o
 .debug_macro   0x000000000001fb01      0xaa8 /var/home/arteeh/git/activitytracker/bin/stm32f0discovery/stm32_clk/stmclk_f0f1f3.o
 .debug_macro   0x00000000000205a9       0xed /var/home/arteeh/git/activitytracker/bin/stm32f0discovery/stm32_vectors/STM32F051x8.o
 .debug_macro   0x0000000000020696      0xaa8 /var/home/arteeh/git/activitytracker/bin/stm32f0discovery/stm32_vectors/STM32F051x8.o
 .debug_macro   0x000000000002113e       0x16 /var/home/arteeh/git/activitytracker/bin/stm32f0discovery/stm32_vectors/STM32F051x8.o

.debug_line     0x0000000000000000    0x104f7
 .debug_line    0x0000000000000000       0xb5 /var/home/arteeh/git/activitytracker/bin/stm32f0discovery/application_activity-tracker/main.o
 .debug_line    0x00000000000000b5      0x379 /var/home/arteeh/git/activitytracker/bin/stm32f0discovery/auto_init/auto_init.o
 .debug_line    0x000000000000042e      0x856 /var/home/arteeh/git/activitytracker/bin/stm32f0discovery/board/board.o
 .debug_line    0x0000000000000c84      0x5cc /var/home/arteeh/git/activitytracker/bin/stm32f0discovery/core/bitarithm.o
 .debug_line    0x0000000000001250      0x815 /var/home/arteeh/git/activitytracker/bin/stm32f0discovery/core/init.o
 .debug_line    0x0000000000001a65      0x841 /var/home/arteeh/git/activitytracker/bin/stm32f0discovery/core/panic.o
 .debug_line    0x00000000000022a6      0xa0c /var/home/arteeh/git/activitytracker/bin/stm32f0discovery/core/sched.o
 .debug_line    0x0000000000002cb2      0xedb /var/home/arteeh/git/activitytracker/bin/stm32f0discovery/core/thread.o
 .debug_line    0x0000000000003b8d      0x74c /var/home/arteeh/git/activitytracker/bin/stm32f0discovery/cortexm_common/cortexm_init.o
 .debug_line    0x00000000000042d9      0x5f2 /var/home/arteeh/git/activitytracker/bin/stm32f0discovery/cortexm_common/panic.o
 .debug_line    0x00000000000048cb      0x790 /var/home/arteeh/git/activitytracker/bin/stm32f0discovery/cortexm_common_periph/pm.o
 .debug_line    0x000000000000505b      0x9b4 /var/home/arteeh/git/activitytracker/bin/stm32f0discovery/cortexm_common/thread_arch.o
 .debug_line    0x0000000000005a0f      0x824 /var/home/arteeh/git/activitytracker/bin/stm32f0discovery/cortexm_common/vectors_cortexm.o
 .debug_line    0x0000000000006233      0x8c3 /var/home/arteeh/git/activitytracker/bin/stm32f0discovery/cpu/cpu_common.o
 .debug_line    0x0000000000006af6      0x91e /var/home/arteeh/git/activitytracker/bin/stm32f0discovery/cpu/cpu_init.o
 .debug_line    0x0000000000007414      0xcc0 /var/home/arteeh/git/activitytracker/bin/stm32f0discovery/newlib_syscalls_default/syscalls.o
 .debug_line    0x00000000000080d4      0x6d0 /var/home/arteeh/git/activitytracker/bin/stm32f0discovery/periph_common/init.o
 .debug_line    0x00000000000087a4      0xc93 /var/home/arteeh/git/activitytracker/bin/stm32f0discovery/periph/gpio_all.o
 .debug_line    0x0000000000009437      0x872 /var/home/arteeh/git/activitytracker/bin/stm32f0discovery/periph/pm.o
 .debug_line    0x0000000000009ca9      0xc5d /var/home/arteeh/git/activitytracker/bin/stm32f0discovery/periph/uart.o
 .debug_line    0x000000000000a906      0xa1b /var/home/arteeh/git/activitytracker/bin/stm32f0discovery/pm_layered/pm.o
 .debug_line    0x000000000000b321      0x94c /var/home/arteeh/git/activitytracker/bin/stm32f0discovery/stdio_uart/stdio_uart.o
 .debug_line    0x000000000000bc6d      0x901 /var/home/arteeh/git/activitytracker/bin/stm32f0discovery/stm32_clk/stmclk_common.o
 .debug_line    0x000000000000c56e      0x9b6 /var/home/arteeh/git/activitytracker/bin/stm32f0discovery/stm32_clk/stmclk_f0f1f3.o
 .debug_line    0x000000000000cf24      0x3d8 /var/home/arteeh/git/activitytracker/bin/stm32f0discovery/stm32_vectors/STM32F051x8.o
 .debug_line    0x000000000000d2fc       0x77 /usr/lib/gcc/arm-none-eabi/10.2.0/thumb/v6-m/nofp/libgcc.a(_udivsi3.o)
 .debug_line    0x000000000000d373       0x6b /usr/lib/gcc/arm-none-eabi/10.2.0/thumb/v6-m/nofp/libgcc.a(_dvmd_tls.o)
 .debug_line    0x000000000000d3de       0xe5 /usr/lib/gcc/arm-none-eabi/10.2.0/../../../../arm-none-eabi/lib/thumb/v6-m/nofp/libc_nano.a(lib_a-impure.o)
 .debug_line    0x000000000000d4c3      0x13c /usr/lib/gcc/arm-none-eabi/10.2.0/../../../../arm-none-eabi/lib/thumb/v6-m/nofp/libc_nano.a(lib_a-init.o)
 .debug_line    0x000000000000d5ff       0xfa /usr/lib/gcc/arm-none-eabi/10.2.0/../../../../arm-none-eabi/lib/thumb/v6-m/nofp/libc_nano.a(lib_a-memset.o)
 .debug_line    0x000000000000d6f9      0x283 /usr/lib/gcc/arm-none-eabi/10.2.0/../../../../arm-none-eabi/lib/thumb/v6-m/nofp/libc_nano.a(lib_a-nano-freer.o)
 .debug_line    0x000000000000d97c      0x326 /usr/lib/gcc/arm-none-eabi/10.2.0/../../../../arm-none-eabi/lib/thumb/v6-m/nofp/libc_nano.a(lib_a-nano-mallocr.o)
 .debug_line    0x000000000000dca2      0x233 /usr/lib/gcc/arm-none-eabi/10.2.0/../../../../arm-none-eabi/lib/thumb/v6-m/nofp/libc_nano.a(lib_a-printf.o)
 .debug_line    0x000000000000ded5      0x536 /usr/lib/gcc/arm-none-eabi/10.2.0/../../../../arm-none-eabi/lib/thumb/v6-m/nofp/libc_nano.a(lib_a-findfp.o)
 .debug_line    0x000000000000e40b      0x276 /usr/lib/gcc/arm-none-eabi/10.2.0/../../../../arm-none-eabi/lib/thumb/v6-m/nofp/libc_nano.a(lib_a-fwalk.o)
 .debug_line    0x000000000000e681      0x140 /usr/lib/gcc/arm-none-eabi/10.2.0/../../../../arm-none-eabi/lib/thumb/v6-m/nofp/libc_nano.a(lib_a-mlock.o)
 .debug_line    0x000000000000e7c1      0x6af /usr/lib/gcc/arm-none-eabi/10.2.0/../../../../arm-none-eabi/lib/thumb/v6-m/nofp/libc_nano.a(lib_a-nano-vfprintf.o)
 .debug_line    0x000000000000ee70      0x63e /usr/lib/gcc/arm-none-eabi/10.2.0/../../../../arm-none-eabi/lib/thumb/v6-m/nofp/libc_nano.a(lib_a-nano-vfprintf_i.o)
 .debug_line    0x000000000000f4ae      0x263 /usr/lib/gcc/arm-none-eabi/10.2.0/../../../../arm-none-eabi/lib/thumb/v6-m/nofp/libc_nano.a(lib_a-stdio.o)
 .debug_line    0x000000000000f711      0x271 /usr/lib/gcc/arm-none-eabi/10.2.0/../../../../arm-none-eabi/lib/thumb/v6-m/nofp/libc_nano.a(lib_a-wbuf.o)
 .debug_line    0x000000000000f982      0x2ca /usr/lib/gcc/arm-none-eabi/10.2.0/../../../../arm-none-eabi/lib/thumb/v6-m/nofp/libc_nano.a(lib_a-wsetup.o)
 .debug_line    0x000000000000fc4c      0x3fd /usr/lib/gcc/arm-none-eabi/10.2.0/../../../../arm-none-eabi/lib/thumb/v6-m/nofp/libc_nano.a(lib_a-fflush.o)
 .debug_line    0x0000000000010049      0x31a /usr/lib/gcc/arm-none-eabi/10.2.0/../../../../arm-none-eabi/lib/thumb/v6-m/nofp/libc_nano.a(lib_a-makebuf.o)
 .debug_line    0x0000000000010363      0x120 /usr/lib/gcc/arm-none-eabi/10.2.0/../../../../arm-none-eabi/lib/thumb/v6-m/nofp/libc_nano.a(lib_a-memchr-stub.o)
 .debug_line    0x0000000000010483       0x74 /usr/lib/gcc/arm-none-eabi/10.2.0/thumb/v6-m/nofp/libgcc.a(_thumb1_case_shi.o)

.debug_str      0x0000000000000000    0x42e92
 .debug_str     0x0000000000000000     0x3019 /var/home/arteeh/git/activitytracker/bin/stm32f0discovery/application_activity-tracker/main.o
                                       0x3027 (size before relaxing)
 .debug_str     0x0000000000003019     0x4b46 /var/home/arteeh/git/activitytracker/bin/stm32f0discovery/auto_init/auto_init.o
                                       0x7cbb (size before relaxing)
 .debug_str     0x0000000000007b5f    0x35510 /var/home/arteeh/git/activitytracker/bin/stm32f0discovery/board/board.o
                                      0x3cd55 (size before relaxing)
 .debug_str     0x000000000003d06f      0x3b7 /var/home/arteeh/git/activitytracker/bin/stm32f0discovery/core/bitarithm.o
                                      0x3a919 (size before relaxing)
 .debug_str     0x000000000003d426      0x6b7 /var/home/arteeh/git/activitytracker/bin/stm32f0discovery/core/init.o
                                      0x3ce52 (size before relaxing)
 .debug_str     0x000000000003dadd      0x1b6 /var/home/arteeh/git/activitytracker/bin/stm32f0discovery/core/panic.o
                                      0x3c969 (size before relaxing)
 .debug_str     0x000000000003dc93      0x4d1 /var/home/arteeh/git/activitytracker/bin/stm32f0discovery/core/sched.o
                                      0x3c535 (size before relaxing)
 .debug_str     0x000000000003e164      0x232 /var/home/arteeh/git/activitytracker/bin/stm32f0discovery/core/thread.o
                                      0x3c843 (size before relaxing)
 .debug_str     0x000000000003e396      0x324 /var/home/arteeh/git/activitytracker/bin/stm32f0discovery/cortexm_common/cortexm_init.o
                                      0x3bf1f (size before relaxing)
 .debug_str     0x000000000003e6ba       0x9f /var/home/arteeh/git/activitytracker/bin/stm32f0discovery/cortexm_common/panic.o
                                      0x3bd69 (size before relaxing)
 .debug_str     0x000000000003e759      0x109 /var/home/arteeh/git/activitytracker/bin/stm32f0discovery/cortexm_common_periph/pm.o
                                      0x3c729 (size before relaxing)
 .debug_str     0x000000000003e862      0x1f9 /var/home/arteeh/git/activitytracker/bin/stm32f0discovery/cortexm_common/thread_arch.o
                                      0x3c16a (size before relaxing)
 .debug_str     0x000000000003ea5b      0x2fd /var/home/arteeh/git/activitytracker/bin/stm32f0discovery/cortexm_common/vectors_cortexm.o
                                      0x3cb6a (size before relaxing)
 .debug_str     0x000000000003ed58      0x188 /var/home/arteeh/git/activitytracker/bin/stm32f0discovery/cpu/cpu_common.o
                                      0x3ccac (size before relaxing)
 .debug_str     0x000000000003eee0     0x1164 /var/home/arteeh/git/activitytracker/bin/stm32f0discovery/cpu/cpu_init.o
                                      0x3d960 (size before relaxing)
 .debug_str     0x0000000000040044      0xc3f /var/home/arteeh/git/activitytracker/bin/stm32f0discovery/newlib_syscalls_default/syscalls.o
                                      0x3eaf0 (size before relaxing)
 .debug_str     0x0000000000040c83      0x100 /var/home/arteeh/git/activitytracker/bin/stm32f0discovery/periph_common/init.o
                                      0x3c6c9 (size before relaxing)
 .debug_str     0x0000000000040d83      0x22f /var/home/arteeh/git/activitytracker/bin/stm32f0discovery/periph/gpio_all.o
                                      0x3cfa4 (size before relaxing)
 .debug_str     0x0000000000040fb2      0x13c /var/home/arteeh/git/activitytracker/bin/stm32f0discovery/periph/pm.o
                                      0x3c8d8 (size before relaxing)
 .debug_str     0x00000000000410ee      0x2de /var/home/arteeh/git/activitytracker/bin/stm32f0discovery/periph/uart.o
                                      0x3d0c7 (size before relaxing)
 .debug_str     0x00000000000413cc      0x47c /var/home/arteeh/git/activitytracker/bin/stm32f0discovery/pm_layered/pm.o
                                      0x3cbd0 (size before relaxing)
 .debug_str     0x0000000000041848      0x250 /var/home/arteeh/git/activitytracker/bin/stm32f0discovery/stdio_uart/stdio_uart.o
                                      0x3e37e (size before relaxing)
 .debug_str     0x0000000000041a98      0x1de /var/home/arteeh/git/activitytracker/bin/stm32f0discovery/stm32_clk/stmclk_common.o
                                      0x3cc7f (size before relaxing)
 .debug_str     0x0000000000041c76      0x36a /var/home/arteeh/git/activitytracker/bin/stm32f0discovery/stm32_clk/stmclk_f0f1f3.o
                                      0x3cf2a (size before relaxing)
 .debug_str     0x0000000000041fe0      0x11f /var/home/arteeh/git/activitytracker/bin/stm32f0discovery/stm32_vectors/STM32F051x8.o
                                      0x36fbf (size before relaxing)
 .debug_str     0x00000000000420ff       0xb0 /usr/lib/gcc/arm-none-eabi/10.2.0/thumb/v6-m/nofp/libgcc.a(_udivsi3.o)
 .debug_str     0x00000000000421af       0xb0 /usr/lib/gcc/arm-none-eabi/10.2.0/thumb/v6-m/nofp/libgcc.a(_dvmd_tls.o)
 .debug_str     0x00000000000421af      0x15d /usr/lib/gcc/arm-none-eabi/10.2.0/../../../../arm-none-eabi/lib/thumb/v6-m/nofp/libc_nano.a(lib_a-impure.o)