Component: ARM Compiler 5.06 update 6 (build 750) Tool: armlink [4d35ed]

==============================================================================

Section Cross References

    mainf0.o(.text) refers to tasks.o(.text) for xTaskGetTickCount
    mainf0.o(.text) refers to stm32f0xx_misc.o(.text) for NVIC_Init
    mainf0.o(.text) refers to stm32f0xx_tim.o(.text) for TIM_ITConfig
    mainf0.o(.text) refers to stm32f0xx_rcc.o(.text) for RCC_APB1PeriphClockCmd
    mainf0.o(.text) refers to uidiv.o(.text) for __aeabi_uidivmod
    mainf0.o(.text) refers to stm32f0xx_gpio.o(.text) for GPIO_StructInit
    mainf0.o(.text) refers to usart_main.o(.text) for USART_Setup
    mainf0.o(.text) refers to i2c_main.o(.text) for I2C_Setup
    mainf0.o(.text) refers to system_stm32f0xx.o(.data) for SystemCoreClock
    stm32f0xx_it.o(.text) refers to stm32f0xx_tim.o(.text) for TIM_GetITStatus
    stm32f0xx_it.o(.text) refers to stm32f0xx_i2c.o(.text) for I2C_GetITStatus
    stm32f0xx_it.o(.text) refers to stm32f0xx_gpio.o(.text) for GPIO_WriteBit
    stm32f0xx_it.o(.text) refers to stm32f0xx_it.o(.data) for .data
    i2c_main.o(.text) refers to stm32f0xx_misc.o(.text) for NVIC_Init
    i2c_main.o(.text) refers to stm32f0xx_i2c.o(.text) for I2C_ITConfig
    i2c_main.o(.text) refers to stm32f0xx_rcc.o(.text) for RCC_I2CCLKConfig
    i2c_main.o(.text) refers to stm32f0xx_gpio.o(.text) for GPIO_PinAFConfig
    i2c_main.o(.text) refers to i2c_main.o(.data) for .data
    mpu_6050_main.o(.text) refers to i2c_main.o(.text) for I2C_WriteData
    mpu_6050_main.o(.text) refers to stm32f0xx_gpio.o(.text) for GPIO_WriteBit
    usart_main.o(.text) refers to stm32f0xx_rcc.o(.text) for RCC_AHBPeriphClockCmd
    usart_main.o(.text) refers to stm32f0xx_gpio.o(.text) for GPIO_PinAFConfig
    usart_main.o(.text) refers to stm32f0xx_usart.o(.text) for USART_StructInit
    usart_main.o(.text) refers to idiv.o(.text) for __aeabi_idivmod
    usart_main.o(.text) refers to printf1.o(i.__0sprintf$1) for __2sprintf
    max30102_main.o(.text) refers to i2c_main.o(.text) for I2C_WriteData
    max30102_main.o(.text) refers to ffltui.o(.text) for __aeabi_ui2f
    max30102_main.o(.text) refers to fdiv.o(.text) for __aeabi_fdiv
    max30102_main.o(.text) refers to fmul.o(.text) for __aeabi_fmul
    max30102_main.o(.text) refers to fadd.o(.text) for __aeabi_frsub
    max30102_main.o(.text) refers to ffixui.o(.text) for __aeabi_f2uiz
    max30102_main.o(.text) refers to f2d.o(.text) for __aeabi_f2d
    max30102_main.o(.text) refers to dadd.o(.text) for __aeabi_drsub
    max30102_main.o(.text) refers to dfixui.o(.text) for __aeabi_d2uiz
    max30102_main.o(.text) refers to ddiv.o(.text) for __aeabi_ddiv
    max30102_main.o(.text) refers to max30102_main.o(.bss) for .bss
    max30102_main.o(.text) refers to max30102_main.o(.data) for .data
    stm32f0_discovery.o(.text) refers to stm32f0xx_rcc.o(.text) for RCC_AHBPeriphClockCmd
    stm32f0_discovery.o(.text) refers to stm32f0xx_gpio.o(.text) for GPIO_Init
    stm32f0_discovery.o(.text) refers to stm32f0xx_syscfg.o(.text) for SYSCFG_EXTILineConfig
    stm32f0_discovery.o(.text) refers to stm32f0xx_exti.o(.text) for EXTI_Init
    stm32f0_discovery.o(.text) refers to stm32f0xx_misc.o(.text) for NVIC_Init
    stm32f0_discovery.o(.text) refers to stm32f0_discovery.o(.constdata) for .constdata
    stm32f0_discovery.o(.text) refers to stm32f0_discovery.o(.data) for .data
    stm32f0xx_gpio.o(.text) refers to stm32f0xx_rcc.o(.text) for RCC_AHBPeriphResetCmd
    stm32f0xx_rcc.o(.text) refers to uidiv.o(.text) for __aeabi_uidivmod
    stm32f0xx_rcc.o(.text) refers to stm32f0xx_rcc.o(.data) for .data
    stm32f0xx_tim.o(.text) refers to stm32f0xx_rcc.o(.text) for RCC_APB1PeriphResetCmd
    stm32f0xx_usart.o(.text) refers to stm32f0xx_rcc.o(.text) for RCC_APB2PeriphResetCmd
    stm32f0xx_usart.o(.text) refers to uidiv.o(.text) for __aeabi_uidivmod
    stm32f0xx_spi.o(.text) refers to stm32f0xx_rcc.o(.text) for RCC_APB2PeriphResetCmd
    stm32f0xx_spi.o(.text) refers to uidiv.o(.text) for __aeabi_uidivmod
    stm32f0xx_i2c.o(.text) refers to stm32f0xx_rcc.o(.text) for RCC_APB1PeriphResetCmd
    startup_stm32f030x8.o(RESET) refers to startup_stm32f030x8.o(STACK) for __initial_sp
    startup_stm32f030x8.o(RESET) refers to startup_stm32f030x8.o(.text) for Reset_Handler
    startup_stm32f030x8.o(RESET) refers to stm32f0xx_it.o(.text) for NMI_Handler
    startup_stm32f030x8.o(RESET) refers to port.o(.text) for SVC_Handler
    startup_stm32f030x8.o(RESET) refers to port.o(.emb_text) for PendSV_Handler
    startup_stm32f030x8.o(.text) refers to system_stm32f0xx.o(.text) for SystemInit
    startup_stm32f030x8.o(.text) refers to entry.o(.ARM.Collect$$$$00000000) for __main
    system_stm32f0xx.o(.text) refers to uidiv.o(.text) for __aeabi_uidivmod
    system_stm32f0xx.o(.text) refers to system_stm32f0xx.o(.data) for .data
    system_stm32f0xx.o(.text) refers to system_stm32f0xx.o(.constdata) for .constdata
[...]
    printf2.o(i.__0printf$2) refers to printf2.o(i._printf_core) for _printf_core
    printf2.o(i.__0printf$2) refers to fputc.o(i.fputc) for fputc
    printf2.o(i.__0printf$2) refers to stdout.o(.data) for __stdout
    printf2.o(i.__0snprintf$2) refers to printf2.o(i._printf_core) for _printf_core
    printf2.o(i.__0snprintf$2) refers to printf2.o(i._snputc) for _snputc
    printf2.o(i.__0sprintf$2) refers to printf2.o(i._printf_core) for _printf_core
    printf2.o(i.__0sprintf$2) refers to printf2.o(i._sputc) for _sputc
    printf2.o(i.__0vfprintf$2) refers to printf2.o(i._printf_core) for _printf_core
    printf2.o(i.__0vfprintf$2) refers to fputc.o(i.fputc) for fputc
    printf2.o(i.__0vprintf$2) refers to printf2.o(i._printf_core) for _printf_core
    printf2.o(i.__0vprintf$2) refers to fputc.o(i.fputc) for fputc
    printf2.o(i.__0vprintf$2) refers to stdout.o(.data) for __stdout
    printf2.o(i.__0vsnprintf$2) refers to printf2.o(i._printf_core) for _printf_core
    printf2.o(i.__0vsnprintf$2) refers to printf2.o(i._snputc) for _snputc
    printf2.o(i.__0vsprintf$2) refers to printf2.o(i._printf_core) for _printf_core
    printf2.o(i.__0vsprintf$2) refers to printf2.o(i._sputc) for _sputc
    printf3.o(i.__0fprintf$3) refers to printf3.o(i._printf_core) for _printf_core
    printf3.o(i.__0fprintf$3) refers to fputc.o(i.fputc) for fputc
    printf3.o(i.__0printf$3) refers to printf3.o(i._printf_core) for _printf_core
    printf3.o(i.__0printf$3) refers to fputc.o(i.fputc) for fputc
    printf3.o(i.__0printf$3) refers to stdout.o(.data) for __stdout
    printf3.o(i.__0snprintf$3) refers to printf3.o(i._printf_core) for _printf_core
    printf3.o(i.__0snprintf$3) refers to printf3.o(i._snputc) for _snputc
    printf3.o(i.__0sprintf$3) refers to printf3.o(i._printf_core) for _printf_core
    printf3.o(i.__0sprintf$3) refers to printf3.o(i._sputc) for _sputc
    printf3.o(i.__0vfprintf$3) refers to printf3.o(i._printf_core) for _printf_core
    printf3.o(i.__0vfprintf$3) refers to fputc.o(i.fputc) for fputc
    printf3.o(i.__0vprintf$3) refers to printf3.o(i._printf_core) for _printf_core
    printf3.o(i.__0vprintf$3) refers to fputc.o(i.fputc) for fputc
    printf3.o(i.__0vprintf$3) refers to stdout.o(.data) for __stdout
    printf3.o(i.__0vsnprintf$3) refers to printf3.o(i._printf_core) for _printf_core
    printf3.o(i.__0vsnprintf$3) refers to printf3.o(i._snputc) for _snputc
    printf3.o(i.__0vsprintf$3) refers to printf3.o(i._printf_core) for _printf_core
    printf3.o(i.__0vsprintf$3) refers to printf3.o(i._sputc) for _sputc
    printf3.o(i._printf_core) refers to uidiv.o(.text) for __aeabi_uidivmod
    printf4.o(i.__0fprintf$4) refers to printf4.o(i._printf_core) for _printf_core
    printf4.o(i.__0fprintf$4) refers to fputc.o(i.fputc) for fputc
    printf4.o(i.__0printf$4) refers to printf4.o(i._printf_core) for _printf_core
    printf4.o(i.__0printf$4) refers to fputc.o(i.fputc) for fputc
    printf4.o(i.__0printf$4) refers to stdout.o(.data) for __stdout
    printf4.o(i.__0snprintf$4) refers to printf4.o(i._printf_core) for _printf_core
    printf4.o(i.__0snprintf$4) refers to printf4.o(i._snputc) for _snputc
    printf4.o(i.__0sprintf$4) refers to printf4.o(i._printf_core) for _printf_core
    printf4.o(i.__0sprintf$4) refers to printf4.o(i._sputc) for _sputc
    printf4.o(i.__0vfprintf$4) refers to printf4.o(i._printf_core) for _printf_core
    printf4.o(i.__0vfprintf$4) refers to fputc.o(i.fputc) for fputc
    printf4.o(i.__0vprintf$4) refers to printf4.o(i._printf_core) for _printf_core
    printf4.o(i.__0vprintf$4) refers to fputc.o(i.fputc) for fputc
    printf4.o(i.__0vprintf$4) refers to stdout.o(.data) for __stdout
    printf4.o(i.__0vsnprintf$4) refers to printf4.o(i._printf_core) for _printf_core
    printf4.o(i.__0vsnprintf$4) refers to printf4.o(i._snputc) for _snputc
    printf4.o(i.__0vsprintf$4) refers to printf4.o(i._printf_core) for _printf_core
    printf4.o(i.__0vsprintf$4) refers to printf4.o(i._sputc) for _sputc
    printf4.o(i._printf_core) refers to uldiv.o(.text) for __aeabi_uldivmod
    printf5.o(i.__0fprintf$5) refers to printf5.o(i._printf_core) for _printf_core
    printf5.o(i.__0fprintf$5) refers to fputc.o(i.fputc) for fputc
    printf5.o(i.__0printf$5) refers to printf5.o(i._printf_core) for _printf_core
    printf5.o(i.__0printf$5) refers to fputc.o(i.fputc) for fputc
    printf5.o(i.__0printf$5) refers to stdout.o(.data) for __stdout
    printf5.o(i.__0snprintf$5) refers to printf5.o(i._printf_core) for _printf_core
    printf5.o(i.__0snprintf$5) refers to printf5.o(i._snputc) for _snputc
    printf5.o(i.__0sprintf$5) refers to printf5.o(i._printf_core) for _printf_core
    printf5.o(i.__0sprintf$5) refers to printf5.o(i._sputc) for _sputc
    printf5.o(i.__0vfprintf$5) refers to printf5.o(i._printf_core) for _printf_core
    printf5.o(i.__0vfprintf$5) refers to fputc.o(i.fputc) for fputc
    printf5.o(i.__0vprintf$5) refers to printf5.o(i._printf_core) for _printf_core
    printf5.o(i.__0vprintf$5) refers to fputc.o(i.fputc) for fputc
    printf5.o(i.__0vprintf$5) refers to stdout.o(.data) for __stdout
    printf5.o(i.__0vsnprintf$5) refers to printf5.o(i._printf_core) for _printf_core
    printf5.o(i.__0vsnprintf$5) refers to printf5.o(i._snputc) for _snputc
    printf5.o(i.__0vsprintf$5) refers to printf5.o(i._printf_core) for _printf_core
    printf5.o(i.__0vsprintf$5) refers to printf5.o(i._sputc) for _sputc
    printf5.o(i._printf_core) refers to uldiv.o(.text) for __aeabi_uldivmod
    printf6.o(i.__0fprintf$6) refers to printf6.o(i._printf_core) for _printf_core
    printf6.o(i.__0fprintf$6) refers to fputc.o(i.fputc) for fputc
    printf6.o(i.__0printf$6) refers to printf6.o(i._printf_core) for _printf_core
    printf6.o(i.__0printf$6) refers to fputc.o(i.fputc) for fputc
    printf6.o(i.__0printf$6) refers to stdout.o(.data) for __stdout
    printf6.o(i.__0snprintf$6) refers to printf6.o(i._printf_core) for _printf_core
    printf6.o(i.__0snprintf$6) refers to printf6.o(i._snputc) for _snputc
    printf6.o(i.__0sprintf$6) refers to printf6.o(i._printf_core) for _printf_core
    printf6.o(i.__0sprintf$6) refers to printf6.o(i._sputc) for _sputc
    printf6.o(i.__0vfprintf$6) refers to printf6.o(i._printf_core) for _printf_core
    printf6.o(i.__0vfprintf$6) refers to fputc.o(i.fputc) for fputc
    printf6.o(i.__0vprintf$6) refers to printf6.o(i._printf_core) for _printf_core
    printf6.o(i.__0vprintf$6) refers to fputc.o(i.fputc) for fputc
    printf6.o(i.__0vprintf$6) refers to stdout.o(.data) for __stdout
    printf6.o(i.__0vsnprintf$6) refers to printf6.o(i._printf_core) for _printf_core
    printf6.o(i.__0vsnprintf$6) refers to printf6.o(i._snputc) for _snputc
    printf6.o(i.__0vsprintf$6) refers to printf6.o(i._printf_core) for _printf_core
    printf6.o(i.__0vsprintf$6) refers to printf6.o(i._sputc) for _sputc
    printf6.o(i._printf_core) refers to printf6.o(i._printf_pre_padding) for _printf_pre_padding
    printf6.o(i._printf_core) refers to printf6.o(i._printf_post_padding) for _printf_post_padding
    printf6.o(i._printf_core) refers to uidiv.o(.text) for __aeabi_uidivmod
    printf7.o(i.__0fprintf$7) refers to printf7.o(i._printf_core) for _printf_core
    printf7.o(i.__0fprintf$7) refers to fputc.o(i.fputc) for fputc
    printf7.o(i.__0printf$7) refers to printf7.o(i._printf_core) for _printf_core
    printf7.o(i.__0printf$7) refers to fputc.o(i.fputc) for fputc
    printf7.o(i.__0printf$7) refers to stdout.o(.data) for __stdout
    printf7.o(i.__0snprintf$7) refers to printf7.o(i._printf_core) for _printf_core
    printf7.o(i.__0snprintf$7) refers to printf7.o(i._snputc) for _snputc
    printf7.o(i.__0sprintf$7) refers to printf7.o(i._printf_core) for _printf_core
    printf7.o(i.__0sprintf$7) refers to printf7.o(i._sputc) for _sputc
    printf7.o(i.__0vfprintf$7) refers to printf7.o(i._printf_core) for _printf_core
    printf7.o(i.__0vfprintf$7) refers to fputc.o(i.fputc) for fputc
    printf7.o(i.__0vprintf$7) refers to printf7.o(i._printf_core) for _printf_core
    printf7.o(i.__0vprintf$7) refers to fputc.o(i.fputc) for fputc
    printf7.o(i.__0vprintf$7) refers to stdout.o(.data) for __stdout
    printf7.o(i.__0vsnprintf$7) refers to printf7.o(i._printf_core) for _printf_core
    printf7.o(i.__0vsnprintf$7) refers to printf7.o(i._snputc) for _snputc
    printf7.o(i.__0vsprintf$7) refers to printf7.o(i._printf_core) for _printf_core
    printf7.o(i.__0vsprintf$7) refers to printf7.o(i._sputc) for _sputc
    printf7.o(i._printf_core) refers to printf7.o(i._printf_pre_padding) for _printf_pre_padding
    printf7.o(i._printf_core) refers to printf7.o(i._printf_post_padding) for _printf_post_padding
    printf7.o(i._printf_core) refers to uldiv.o(.text) for __aeabi_uldivmod
    printf8.o(i.__0fprintf$8) refers to printf8.o(i._printf_core) for _printf_core
    printf8.o(i.__0fprintf$8) refers to fputc.o(i.fputc) for fputc
    printf8.o(i.__0printf$8) refers to printf8.o(i._printf_core) for _printf_core
    printf8.o(i.__0printf$8) refers to fputc.o(i.fputc) for fputc
    printf8.o(i.__0printf$8) refers to stdout.o(.data) for __stdout
    printf8.o(i.__0snprintf$8) refers to printf8.o(i._printf_core) for _printf_core
    printf8.o(i.__0snprintf$8) refers to printf8.o(i._snputc) for _snputc
    printf8.o(i.__0sprintf$8) refers to printf8.o(i._printf_core) for _printf_core
    printf8.o(i.__0sprintf$8) refers to printf8.o(i._sputc) for _sputc
    printf8.o(i.__0vfprintf$8) refers to printf8.o(i._printf_core) for _printf_core
    printf8.o(i.__0vfprintf$8) refers to fputc.o(i.fputc) for fputc
    printf8.o(i.__0vprintf$8) refers to printf8.o(i._printf_core) for _printf_core
    printf8.o(i.__0vprintf$8) refers to fputc.o(i.fputc) for fputc
    printf8.o(i.__0vprintf$8) refers to stdout.o(.data) for __stdout
    printf8.o(i.__0vsnprintf$8) refers to printf8.o(i._printf_core) for _printf_core
    printf8.o(i.__0vsnprintf$8) refers to printf8.o(i._snputc) for _snputc
    printf8.o(i.__0vsprintf$8) refers to printf8.o(i._printf_core) for _printf_core
    printf8.o(i.__0vsprintf$8) refers to printf8.o(i._sputc) for _sputc
    printf8.o(i._printf_core) refers to printf8.o(i._printf_pre_padding) for _printf_pre_padding
    printf8.o(i._printf_core) refers to printf8.o(i._printf_post_padding) for _printf_post_padding
    printf8.o(i._printf_core) refers to uldiv.o(.text) for __aeabi_uldivmod
    printfa.o(i.__0fprintf) refers (Special) to iusefp.o(.text) for __I$use$fp
    printfa.o(i.__0fprintf) refers to printfa.o(i._printf_core) for _printf_core
    printfa.o(i.__0fprintf) refers to fputc.o(i.fputc) for fputc
    printfa.o(i.__0printf) refers (Special) to iusefp.o(.text) for __I$use$fp
    printfa.o(i.__0printf) refers to printfa.o(i._printf_core) for _printf_core
    printfa.o(i.__0printf) refers to fputc.o(i.fputc) for fputc
    printfa.o(i.__0printf) refers to stdout.o(.data) for __stdout
    printfa.o(i.__0snprintf) refers (Special) to iusefp.o(.text) for __I$use$fp
    printfa.o(i.__0snprintf) refers to printfa.o(i._printf_core) for _printf_core
    printfa.o(i.__0snprintf) refers to printfa.o(i._snputc) for _snputc
    printfa.o(i.__0sprintf) refers (Special) to iusefp.o(.text) for __I$use$fp
    printfa.o(i.__0sprintf) refers to printfa.o(i._printf_core) for _printf_core
    printfa.o(i.__0sprintf) refers to printfa.o(i._sputc) for _sputc
    printfa.o(i.__0vfprintf) refers (Special) to iusefp.o(.text) for __I$use$fp
    printfa.o(i.__0vfprintf) refers to printfa.o(i._printf_core) for _printf_core
    printfa.o(i.__0vfprintf) refers to fputc.o(i.fputc) for fputc
    printfa.o(i.__0vprintf) refers (Special) to iusefp.o(.text) for __I$use$fp
    printfa.o(i.__0vprintf) refers to printfa.o(i._printf_core) for _printf_core
    printfa.o(i.__0vprintf) refers to fputc.o(i.fputc) for fputc
    printfa.o(i.__0vprintf) refers to stdout.o(.data) for __stdout
    printfa.o(i.__0vsnprintf) refers (Special) to iusefp.o(.text) for __I$use$fp
    printfa.o(i.__0vsnprintf) refers to printfa.o(i._printf_core) for _printf_core
    printfa.o(i.__0vsnprintf) refers to printfa.o(i._snputc) for _snputc
    printfa.o(i.__0vsprintf) refers (Special) to iusefp.o(.text) for __I$use$fp
    printfa.o(i.__0vsprintf) refers to printfa.o(i._printf_core) for _printf_core
    printfa.o(i.__0vsprintf) refers to printfa.o(i._sputc) for _sputc
    printfa.o(i._fp_digits) refers (Special) to iusefp.o(.text) for __I$use$fp
    printfa.o(i._fp_digits) refers to dmul.o(.text) for __aeabi_dmul
    printfa.o(i._fp_digits) refers to ddiv.o(.text) for __aeabi_ddiv
    printfa.o(i._fp_digits) refers to cdrcmple.o(.text) for __aeabi_cdrcmple
    printfa.o(i._fp_digits) refers to dadd.o(.text) for __aeabi_dadd
    printfa.o(i._fp_digits) refers to dfixul.o(.text) for __aeabi_d2ulz
    printfa.o(i._fp_digits) refers to uldiv.o(.text) for __aeabi_uldivmod
    printfa.o(i._printf_core) refers (Special) to iusefp.o(.text) for __I$use$fp
    printfa.o(i._printf_core) refers to printfa.o(i._printf_pre_padding) for _printf_pre_padding
    printfa.o(i._printf_core) refers to uldiv.o(.text) for __aeabi_uldivmod
    printfa.o(i._printf_core) refers to printfa.o(i._printf_post_padding) for _printf_post_padding
    printfa.o(i._printf_core) refers to printfa.o(i._fp_digits) for _fp_digits
    printfa.o(i._printf_core) refers to uidiv.o(.text) for __aeabi_uidivmod
    printfa.o(i._printf_post_padding) refers (Special) to iusefp.o(.text) for __I$use$fp
    printfa.o(i._printf_pre_padding) refers (Special) to iusefp.o(.text) for __I$use$fp
    printfa.o(i._snputc) refers (Special) to iusefp.o(.text) for __I$use$fp
    printfa.o(i._sputc) refers (Special) to iusefp.o(.text) for __I$use$fp
    fadd.o(.text) refers (Special) to iusefp.o(.text) for __I$use$fp
    fadd.o(.text) refers to fepilogue.o(.text) for _float_epilogue
    fmul.o(.text) refers (Special) to iusefp.o(.text) for __I$use$fp
    fdiv.o(.text) refers (Special) to iusefp.o(.text) for __I$use$fp
    fdiv.o(.text) refers to fepilogue.o(.text) for _float_round
    dadd.o(.text) refers (Special) to iusefp.o(.text) for __I$use$fp
    dadd.o(.text) refers to llshl.o(.text) for __aeabi_llsl
    dadd.o(.text) refers to llsshr.o(.text) for __aeabi_lasr
    dadd.o(.text) refers to depilogue.o(.text) for _double_epilogue
    ddiv.o(.text) refers (Special) to iusefp.o(.text) for __I$use$fp
    ddiv.o(.text) refers to depilogue.o(.text) for _double_round
    ffltui.o(.text) refers (Special) to iusefp.o(.text) for __I$use$fp
    ffltui.o(.text) refers to fepilogue.o(.text) for _float_epilogue
    ffixui.o(.text) refers (Special) to iusefp.o(.text) for __I$use$fp
    dfixui.o(.text) refers (Special) to iusefp.o(.text) for __I$use$fp
    dfixui.o(.text) refers to llushr.o(.text) for __aeabi_llsr
    f2d.o(.text) refers (Special) to iusefp.o(.text) for __I$use$fp
    entry2.o(.ARM.Collect$$$$00000001) refers to entry2.o(.ARM.Collect$$$$00002712) for __lit__00000000
    entry2.o(.ARM.Collect$$$$00002712) refers to startup_stm32f030x8.o(STACK) for __initial_sp
    entry2.o(__vectab_stack_and_reset_area) refers to startup_stm32f030x8.o(STACK) for __initial_sp
    entry2.o(__vectab_stack_and_reset_area) refers to entry.o(.ARM.Collect$$$$00000000) for __main
    entry5.o(.ARM.Collect$$$$00000004) refers to init.o(.text) for __scatterload
    entry9a.o(.ARM.Collect$$$$0000000B) refers to mainf0.o(.text) for main
    entry9b.o(.ARM.Collect$$$$0000000C) refers to mainf0.o(.text) for main
    fputc.o(i.fputc) refers (Special) to iusesemip.o(.text) for __I$use$semihosting$fputc
    fputc.o(i.fputc) refers (Special) to semi.o(.text) for __semihosting_library_function
    uldiv.o(.text) refers to llushr.o(.text) for __aeabi_llsr
    uldiv.o(.text) refers to llshl.o(.text) for __aeabi_llsl
    depilogue.o(.text) refers to depilogue.o(i.__ARM_clz) for __ARM_clz
    depilogue.o(.text) refers to llshl.o(.text) for __aeabi_llsl
    depilogue.o(.text) refers to llushr.o(.text) for __aeabi_llsr
    dmul.o(.text) refers to depilogue.o(.text) for _double_epilogue
    dfixul.o(.text) refers to llushr.o(.text) for __aeabi_llsr
    dfixul.o(.text) refers to llshl.o(.text) for __aeabi_llsl
    init.o(.text) refers to entry5.o(.ARM.Collect$$$$00000004) for __main_after_scatterload


==============================================================================

Removing Unused input sections from the image.

    Removing mainf0.o(.emb_text), (8 bytes).
    Removing mainf0.o(.bss), (32 bytes).
    Removing mainf0.o(.data), (2 bytes).
    Removing mainf0.o(.data), (2 bytes).
    Removing mainf0.o(.data), (2 bytes).
    Removing mainf0.o(.data), (2 bytes).
    Removing mainf0.o(.data), (2 bytes).
    Removing mainf0.o(.data), (2 bytes).
    Removing mainf0.o(.data), (2 bytes).
    Removing stm32f0xx_it.o(.emb_text), (8 bytes).
    Removing i2c_main.o(.emb_text), (8 bytes).
    Removing mpu_6050_main.o(.emb_text), (8 bytes).
    Removing mpu_6050_main.o(.text), (448 bytes).
    Removing usart_main.o(.emb_text), (8 bytes).
    Removing max30102_main.o(.emb_text), (8 bytes).
    Removing max30102_main.o(.text), (924 bytes).
    Removing max30102_main.o(.bss), (412 bytes).
    Removing max30102_main.o(.data), (24 bytes).
    Removing stm32f0_discovery.o(.emb_text), (8 bytes).
    Removing stm32f0_discovery.o(.text), (284 bytes).
    Removing stm32f0_discovery.o(.constdata), (28 bytes).
    Removing stm32f0_discovery.o(.data), (12 bytes).
    Removing stm32f0xx_exti.o(.emb_text), (8 bytes).
    Removing stm32f0xx_exti.o(.text), (212 bytes).
    Removing stm32f0xx_gpio.o(.emb_text), (8 bytes).
    Removing stm32f0xx_misc.o(.emb_text), (8 bytes).
    Removing stm32f0xx_rcc.o(.emb_text), (8 bytes).
    Removing stm32f0xx_syscfg.o(.emb_text), (8 bytes).
    Removing stm32f0xx_syscfg.o(.text), (152 bytes).
    Removing stm32f0xx_tim.o(.emb_text), (8 bytes).
    Removing stm32f0xx_usart.o(.emb_text), (8 bytes).
    Removing stm32f0xx_spi.o(.emb_text), (8 bytes).
    Removing stm32f0xx_spi.o(.text), (756 bytes).
    Removing stm32f0xx_i2c.o(.emb_text), (8 bytes).
    Removing startup_stm32f030x8.o(HEAP), (512 bytes).
    Removing system_stm32f0xx.o(.emb_text), (8 bytes).
    Removing system_stm32f0xx.o(.constdata), (8 bytes).
    Removing queue.o(.text), (2678 bytes).
    Removing fadd.o(.text), (178 bytes).
    Removing fmul.o(.text), (122 bytes).
    Removing fdiv.o(.text), (124 bytes).
    Removing dadd.o(.text), (356 bytes).
    Removing ddiv.o(.text), (240 bytes).
    Removing ffltui.o(.text), (14 bytes).
    Removing ffixui.o(.text), (40 bytes).
    Removing dfixui.o(.text), (60 bytes).
    Removing f2d.o(.text), (40 bytes).
    Removing fepilogue.o(.text), (130 bytes).
    Removing depilogue.o(.text), (190 bytes).
    Removing dmul.o(.text), (208 bytes).
    Removing dfixul.o(.text), (64 bytes).
    Removing cdrcmple.o(.text), (40 bytes).
    Removing depilogue.o(i.__ARM_clz), (46 bytes).

53 unused section(s) (total 8484 bytes) removed from the image.

==============================================================================

Image Symbol Table

    Local Symbols

    Symbol Name                              Value     Ov Type        Size  Object(Section)

    ../clib/microlib/division.c              0x00000000   Number         0  uldiv.o ABSOLUTE
    ../clib/microlib/division.c              0x00000000   Number         0  uidiv.o ABSOLUTE
    ../clib/microlib/division.c              0x00000000   Number         0  idiv.o ABSOLUTE
    ../clib/microlib/init/entry.s            0x00000000   Number         0  entry11b.o ABSOLUTE
    ../clib/microlib/init/entry.s            0x00000000   Number         0  entry7a.o ABSOLUTE
    ../clib/microlib/init/entry.s            0x00000000   Number         0  entry9a.o ABSOLUTE
    ../clib/microlib/init/entry.s            0x00000000   Number         0  entry5.o ABSOLUTE
    ../clib/microlib/init/entry.s            0x00000000   Number         0  entry9b.o ABSOLUTE
    ../clib/microlib/init/entry.s            0x00000000   Number         0  entry10b.o ABSOLUTE
    ../clib/microlib/init/entry.s            0x00000000   Number         0  entry8b.o ABSOLUTE
    ../clib/microlib/init/entry.s            0x00000000   Number         0  entry10a.o ABSOLUTE
    ../clib/microlib/init/entry.s            0x00000000   Number         0  entry.o ABSOLUTE
    ../clib/microlib/init/entry.s            0x00000000   Number         0  entry11a.o ABSOLUTE
    ../clib/microlib/init/entry.s            0x00000000   Number         0  entry2.o ABSOLUTE
    ../clib/microlib/init/entry.s            0x00000000   Number         0  entry8a.o ABSOLUTE
    ../clib/microlib/init/entry.s            0x00000000   Number         0  entry7b.o ABSOLUTE
    ../clib/microlib/longlong.c              0x00000000   Number         0  llushr.o ABSOLUTE
    ../clib/microlib/longlong.c              0x00000000   Number         0  llsshr.o ABSOLUTE
    ../clib/microlib/longlong.c              0x00000000   Number         0  llshl.o ABSOLUTE
    ../clib/microlib/printf/printf.c         0x00000000   Number         0  printfa.o ABSOLUTE
    ../clib/microlib/printf/printf.c         0x00000000   Number         0  printf8.o ABSOLUTE
    ../clib/microlib/printf/printf.c         0x00000000   Number         0  printfb.o ABSOLUTE
    ../clib/microlib/printf/printf.c         0x00000000   Number         0  printf2.o ABSOLUTE
    ../clib/microlib/printf/printf.c         0x00000000   Number         0  printf4.o ABSOLUTE
    ../clib/microlib/printf/printf.c         0x00000000   Number         0  printf5.o ABSOLUTE
    ../clib/microlib/printf/printf.c         0x00000000   Number         0  printf1.o ABSOLUTE
    ../clib/microlib/printf/printf.c         0x00000000   Number         0  printf6.o ABSOLUTE
    ../clib/microlib/printf/printf.c         0x00000000   Number         0  printf7.o ABSOLUTE
    ../clib/microlib/printf/printf.c         0x00000000   Number         0  printf0.o ABSOLUTE
    ../clib/microlib/printf/printf.c         0x00000000   Number         0  printf3.o ABSOLUTE
    ../clib/microlib/printf/stubs.s          0x00000000   Number         0  stubs.o ABSOLUTE
    ../clib/microlib/stdio/fputc.c           0x00000000   Number         0  fputc.o ABSOLUTE
    ../clib/microlib/stdio/semi.s            0x00000000   Number         0  semi.o ABSOLUTE
    ../clib/microlib/stdio/streams.c         0x00000000   Number         0  stdout.o ABSOLUTE
    ../clib/microlib/string/memcpy.c         0x00000000   Number         0  memcpya.o ABSOLUTE
    ../clib/microlib/string/memcpy.c         0x00000000   Number         0  memcpyb.o ABSOLUTE
    ../clib/microlib/string/memset.c         0x00000000   Number         0  memseta.o ABSOLUTE
    ../clib/microlib/string/strlen.c         0x00000000   Number         0  strlen.o ABSOLUTE
    ../clib/microlib/stubs.s                 0x00000000   Number         0  iusesemip.o ABSOLUTE
    ../clib/microlib/stubs.s                 0x00000000   Number         0  iusefp.o ABSOLUTE
    ../fplib/microlib/f2d.c                  0x00000000   Number         0  f2d.o ABSOLUTE
    ../fplib/microlib/fpadd.c                0x00000000   Number         0  fadd.o ABSOLUTE
    ../fplib/microlib/fpadd.c                0x00000000   Number         0  dadd.o ABSOLUTE
    ../fplib/microlib/fpdiv.c                0x00000000   Number         0  ddiv.o ABSOLUTE
    ../fplib/microlib/fpdiv.c                0x00000000   Number         0  fdiv.o ABSOLUTE
    ../fplib/microlib/fpepilogue.c           0x00000000   Number         0  fepilogue.o ABSOLUTE
    ../fplib/microlib/fpepilogue.c           0x00000000   Number         0  depilogue.o ABSOLUTE
    ../fplib/microlib/fpfix.c                0x00000000   Number         0  dfixui.o ABSOLUTE
    ../fplib/microlib/fpfix.c                0x00000000   Number         0  ffixui.o ABSOLUTE
    ../fplib/microlib/fpfix.c                0x00000000   Number         0  dfixul.o ABSOLUTE
    ../fplib/microlib/fpflt.c                0x00000000   Number         0  ffltui.o ABSOLUTE
    ../fplib/microlib/fpmul.c                0x00000000   Number         0  dmul.o ABSOLUTE
    ../fplib/microlib/fpmul.c                0x00000000   Number         0  fmul.o ABSOLUTE
    ..\..\libraries\STM32F0xx_StdPeriph_Driver\src\stm32f0xx_exti.c 0x00000000   Number         0  stm32f0xx_exti.o ABSOLUTE
    ..\..\libraries\STM32F0xx_StdPeriph_Driver\src\stm32f0xx_gpio.c 0x00000000   Number         0  stm32f0xx_gpio.o ABSOLUTE
    ..\..\libraries\STM32F0xx_StdPeriph_Driver\src\stm32f0xx_i2c.c 0x00000000   Number         0  stm32f0xx_i2c.o ABSOLUTE
    ..\..\libraries\STM32F0xx_StdPeriph_Driver\src\stm32f0xx_misc.c 0x00000000   Number         0  stm32f0xx_misc.o ABSOLUTE
    ..\..\libraries\STM32F0xx_StdPeriph_Driver\src\stm32f0xx_rcc.c 0x00000000   Number         0  stm32f0xx_rcc.o ABSOLUTE
    ..\..\libraries\STM32F0xx_StdPeriph_Driver\src\stm32f0xx_spi.c 0x00000000   Number         0  stm32f0xx_spi.o ABSOLUTE
    ..\..\libraries\STM32F0xx_StdPeriph_Driver\src\stm32f0xx_syscfg.c 0x00000000   Number         0  stm32f0xx_syscfg.o ABSOLUTE
    ..\..\libraries\STM32F0xx_StdPeriph_Driver\src\stm32f0xx_tim.c 0x00000000   Number         0  stm32f0xx_tim.o ABSOLUTE
    ..\..\libraries\STM32F0xx_StdPeriph_Driver\src\stm32f0xx_usart.c 0x00000000   Number         0  stm32f0xx_usart.o ABSOLUTE
    ..\..\utilities\STM32F0-Discovery\stm32f0_discovery.c 0x00000000   Number         0  stm32f0_discovery.o ABSOLUTE
    ..\\..\\libraries\\STM32F0xx_StdPeriph_Driver\\src\\stm32f0xx_exti.c 0x00000000   Number         0  stm32f0xx_exti.o ABSOLUTE
    ..\\..\\libraries\\STM32F0xx_StdPeriph_Driver\\src\\stm32f0xx_gpio.c 0x00000000   Number         0  stm32f0xx_gpio.o ABSOLUTE
    ..\\..\\libraries\\STM32F0xx_StdPeriph_Driver\\src\\stm32f0xx_i2c.c 0x00000000   Number         0  stm32f0xx_i2c.o ABSOLUTE
    ..\\..\\libraries\\STM32F0xx_StdPeriph_Driver\\src\\stm32f0xx_misc.c 0x00000000   Number         0  stm32f0xx_misc.o ABSOLUTE
    ..\\..\\libraries\\STM32F0xx_StdPeriph_Driver\\src\\stm32f0xx_rcc.c 0x00000000   Number         0  stm32f0xx_rcc.o ABSOLUTE
    ..\\..\\libraries\\STM32F0xx_StdPeriph_Driver\\src\\stm32f0xx_spi.c 0x00000000   Number         0  stm32f0xx_spi.o ABSOLUTE
    ..\\..\\libraries\\STM32F0xx_StdPeriph_Driver\\src\\stm32f0xx_syscfg.c 0x00000000   Number         0  stm32f0xx_syscfg.o ABSOLUTE
    ..\\..\\libraries\\STM32F0xx_StdPeriph_Driver\\src\\stm32f0xx_tim.c 0x00000000   Number         0  stm32f0xx_tim.o ABSOLUTE
    ..\\..\\libraries\\STM32F0xx_StdPeriph_Driver\\src\\stm32f0xx_usart.c 0x00000000   Number         0  stm32f0xx_usart.o ABSOLUTE
    ..\\..\\utilities\\STM32F0-Discovery\\stm32f0_discovery.c 0x00000000   Number         0  stm32f0_discovery.o ABSOLUTE
    C:\Keil_v5\ARM\PACK\ARM\CMSIS-FreeRTOS\10.3.1\CMSIS\RTOS2\FreeRTOS\Source\freertos_evr.c 0x00000000   Number         0  freertos_evr.o ABSOLUTE
    C:\Keil_v5\ARM\PACK\ARM\CMSIS-FreeRTOS\10.3.1\Source\list.c 0x00000000   Number         0  list.o ABSOLUTE
    C:\Keil_v5\ARM\PACK\ARM\CMSIS-FreeRTOS\10.3.1\Source\portable\MemMang\heap_4.c 0x00000000   Number         0  heap_4.o ABSOLUTE
    C:\Keil_v5\ARM\PACK\ARM\CMSIS-FreeRTOS\10.3.1\Source\portable\RVDS\ARM_CM0\port.c 0x00000000   Number         0  port.o ABSOLUTE
    C:\Keil_v5\ARM\PACK\ARM\CMSIS-FreeRTOS\10.3.1\Source\queue.c 0x00000000   Number         0  queue.o ABSOLUTE
    C:\Keil_v5\ARM\PACK\ARM\CMSIS-FreeRTOS\10.3.1\Source\tasks.c 0x00000000   Number         0  tasks.o ABSOLUTE
    C:\\Keil_v5\\ARM\\PACK\\ARM\\CMSIS-FreeRTOS\\10.3.1\\Source\\portable\\RVDS\\ARM_CM0\\port.c 0x00000000   Number         0  port.o ABSOLUTE
    RTE\Device\STM32F030C8Tx\startup_stm32f030x8.s 0x00000000   Number         0  startup_stm32f030x8.o ABSOLUTE
    RTE\Device\STM32F030C8Tx\system_stm32f0xx.c 0x00000000   Number         0  system_stm32f0xx.o ABSOLUTE
    RTE\\Device\\STM32F030C8Tx\\system_stm32f0xx.c 0x00000000   Number         0  system_stm32f0xx.o ABSOLUTE
    cdrcmple.s                               0x00000000   Number         0  cdrcmple.o ABSOLUTE
    dc.s                                     0x00000000   Number         0  dc.o ABSOLUTE
    handlers.s                               0x00000000   Number         0  handlers.o ABSOLUTE
    init.s                                   0x00000000   Number         0  init.o ABSOLUTE
    src\I2C_main.c                           0x00000000   Number         0  i2c_main.o ABSOLUTE
    src\MAX30102_main.c                      0x00000000   Number         0  max30102_main.o ABSOLUTE
    src\MPU_6050_main.c                      0x00000000   Number         0  mpu_6050_main.o ABSOLUTE
    src\USART_main.c                         0x00000000   Number         0  usart_main.o ABSOLUTE
    src\\I2C_main.c                          0x00000000   Number         0  i2c_main.o ABSOLUTE
    src\\MAX30102_main.c                     0x00000000   Number         0  max30102_main.o ABSOLUTE
    src\\MPU_6050_main.c                     0x00000000   Number         0  mpu_6050_main.o ABSOLUTE
    src\\USART_main.c                        0x00000000   Number         0  usart_main.o ABSOLUTE
    src\\mainF0.c                            0x00000000   Number         0  mainf0.o ABSOLUTE
    src\\stm32f0xx_it.c                      0x00000000   Number         0  stm32f0xx_it.o ABSOLUTE
    src\mainF0.c                             0x00000000   Number         0  mainf0.o ABSOLUTE
    src\stm32f0xx_it.c                       0x00000000   Number         0  stm32f0xx_it.o ABSOLUTE
    RESET                                    0x08000000   Section      180  startup_stm32f030x8.o(RESET)
    .ARM.Collect$$$$00000000                 0x080000b4   Section        0  entry.o(.ARM.Collect$$$$00000000)
    .ARM.Collect$$$$00000001                 0x080000b4   Section        4  entry2.o(.ARM.Collect$$$$00000001)
    .ARM.Collect$$$$00000004                 0x080000b8   Section        4  entry5.o(.ARM.Collect$$$$00000004)
    .ARM.Collect$$$$00000008                 0x080000bc   Section        0  entry7b.o(.ARM.Collect$$$$00000008)
    .ARM.Collect$$$$0000000A                 0x080000bc   Section        0  entry8b.o(.ARM.Collect$$$$0000000A)
    .ARM.Collect$$$$0000000B                 0x080000bc   Section        8  entry9a.o(.ARM.Collect$$$$0000000B)
    .ARM.Collect$$$$0000000D                 0x080000c4   Section        0  entry10a.o(.ARM.Collect$$$$0000000D)
    .ARM.Collect$$$$0000000F                 0x080000c4   Section        0  entry11a.o(.ARM.Collect$$$$0000000F)
    .ARM.Collect$$$$00002712                 0x080000c4   Section        4  entry2.o(.ARM.Collect$$$$00002712)
    __lit__00000000                          0x080000c4   Data           4  entry2.o(.ARM.Collect$$$$00002712)
    .emb_text                                0x080000c8   Section      120  port.o(.emb_text)
    .text                                    0x08000140   Section        0  mainf0.o(.text)
    .text                                    0x08000284   Section        0  stm32f0xx_it.o(.text)
    .text                                    0x0800035c   Section        0  i2c_main.o(.text)
    .text                                    0x080005ac   Section        0  usart_main.o(.text)
    .text                                    0x08000750   Section        0  stm32f0xx_gpio.o(.text)
    .text                                    0x080008ac   Section        0  stm32f0xx_misc.o(.text)
    .text                                    0x08000928   Section        0  stm32f0xx_rcc.o(.text)
    .text                                    0x08000d34   Section        0  stm32f0xx_tim.o(.text)
    TI2_Config                               0x08001319   Thumb Code    42  stm32f0xx_tim.o(.text)
    TI1_Config                               0x08001353   Thumb Code    40  stm32f0xx_tim.o(.text)
    .text                                    0x08001650   Section        0  stm32f0xx_usart.o(.text)
    .text                                    0x08001ab4   Section        0  stm32f0xx_i2c.o(.text)
    .text                                    0x08001df4   Section       28  startup_stm32f030x8.o(.text)
    .text                                    0x08001e10   Section        0  system_stm32f0xx.o(.text)
    .text                                    0x08001e80   Section        0  list.o(.text)
    .text                                    0x08001f0c   Section        0  heap_4.o(.text)
    prvInsertBlockIntoFreeList               0x08001f0d   Thumb Code    72  heap_4.o(.text)
    prvHeapInit                              0x080020b9   Thumb Code    60  heap_4.o(.text)
    .text                                    0x080020fc   Section        0  port.o(.text)
    prvTaskExitError                         0x080020fd   Thumb Code    14  port.o(.text)
    .text                                    0x080022e0   Section        0  tasks.o(.text)
    prvAddNewTaskToReadyList                 0x080022e1   Thumb Code   178  tasks.o(.text)
    prvAddCurrentTaskToDelayedList           0x080025ab   Thumb Code    88  tasks.o(.text)
    prvGetExpectedIdleTime                   0x08002943   Thumb Code    46  tasks.o(.text)
    prvIdleTask                              0x08002971   Thumb Code   104  tasks.o(.text)
    prvSearchForNameWithinSingleList         0x08002a4b   Thumb Code    94  tasks.o(.text)
    prvListTasksWithinSingleList             0x08002b99   Thumb Code    88  tasks.o(.text)
    prvInitialiseNewTask                     0x080033df   Thumb Code   150  tasks.o(.text)
    prvResetNextTaskUnblockTime              0x08003475   Thumb Code    28  tasks.o(.text)
    prvDeleteTCB                             0x08003491   Thumb Code    18  tasks.o(.text)
    prvTaskIsTaskSuspended                   0x080034a3   Thumb Code    40  tasks.o(.text)
    prvTaskCheckFreeStackSpace               0x080034cb   Thumb Code    20  tasks.o(.text)
    .text                                    0x080034e8   Section        0  uidiv.o(.text)
    .text                                    0x08003514   Section        0  idiv.o(.text)
    .text                                    0x0800353c   Section        0  memseta.o(.text)
    .text                                    0x08003560   Section        0  strlen.o(.text)
    .text                                    0x08003570   Section       36  init.o(.text)
    i.__0sprintf$1                           0x08003594   Section        0  printf1.o(i.__0sprintf$1)
    i.__ARM_common_switch8                   0x080035bc   Section        0  tasks.o(i.__ARM_common_switch8)
    i.__scatterload_copy                     0x080035d6   Section       14  handlers.o(i.__scatterload_copy)
    i.__scatterload_null                     0x080035e4   Section        2  handlers.o(i.__scatterload_null)
    i.__scatterload_zeroinit                 0x080035e6   Section       14  handlers.o(i.__scatterload_zeroinit)
    i._printf_core                           0x080035f4   Section        0  printf1.o(i._printf_core)
    _printf_core                             0x080035f5   Thumb Code   332  printf1.o(i._printf_core)
    i._sputc                                 0x08003744   Section        0  printf1.o(i._sputc)
    _sputc                                   0x08003745   Thumb Code    10  printf1.o(i._sputc)
    .constdata                               0x0800374e   Section       16  system_stm32f0xx.o(.constdata)
    .data                                    0x20000000   Section        8  stm32f0xx_it.o(.data)
    outputOn                                 0x20000000   Data           1  stm32f0xx_it.o(.data)
    .data                                    0x20000008   Section        4  i2c_main.o(.data)
    .data                                    0x2000000c   Section       16  stm32f0xx_rcc.o(.data)
    APBAHBPrescTable                         0x2000000c   Data          16  stm32f0xx_rcc.o(.data)
    .data                                    0x2000001c   Section        4  system_stm32f0xx.o(.data)
    .data                                    0x20000020   Section       32  heap_4.o(.data)
    pxEnd                                    0x20000020   Data           4  heap_4.o(.data)
    xFreeBytesRemaining                      0x20000024   Data           4  heap_4.o(.data)
    xMinimumEverFreeBytesRemaining           0x20000028   Data           4  heap_4.o(.data)
    xNumberOfSuccessfulAllocations           0x2000002c   Data           4  heap_4.o(.data)
    xNumberOfSuccessfulFrees                 0x20000030   Data           4  heap_4.o(.data)
    xBlockAllocatedBit                       0x20000034   Data           4  heap_4.o(.data)
    xStart                                   0x20000038   Data           8  heap_4.o(.data)
    .data                                    0x20000040   Section       16  port.o(.data)
    uxCriticalNesting                        0x20000040   Data           4  port.o(.data)
    ulTimerCountsForOneTick                  0x20000044   Data           4  port.o(.data)
    xMaximumPossibleSuppressedTicks          0x20000048   Data           4  port.o(.data)
    ulStoppedTimerCompensation               0x2000004c   Data           4  port.o(.data)
    .data                                    0x20000050   Section       60  tasks.o(.data)
    uxDeletedTasksWaitingCleanUp             0x20000054   Data           4  tasks.o(.data)
    uxCurrentNumberOfTasks                   0x20000058   Data           4  tasks.o(.data)
    xTickCount                               0x2000005c   Data           4  tasks.o(.data)
    uxTopReadyPriority                       0x20000060   Data           4  tasks.o(.data)
    xSchedulerRunning                        0x20000064   Data           4  tasks.o(.data)
    xPendedTicks                             0x20000068   Data           4  tasks.o(.data)
    xYieldPending                            0x2000006c   Data           4  tasks.o(.data)
    xNumOfOverflows                          0x20000070   Data           4  tasks.o(.data)
    uxTaskNumber                             0x20000074   Data           4  tasks.o(.data)
    xNextTaskUnblockTime                     0x20000078   Data           4  tasks.o(.data)
    xIdleTaskHandle                          0x2000007c   Data           4  tasks.o(.data)
    uxSchedulerSuspended                     0x20000080   Data           4  tasks.o(.data)
    pxDelayedTaskList                        0x20000084   Data           4  tasks.o(.data)
    pxOverflowDelayedTaskList                0x20000088   Data           4  tasks.o(.data)
    .bss                                     0x2000008c   Section     4096  heap_4.o(.bss)
    ucHeap                                   0x2000008c   Data        4096  heap_4.o(.bss)
    .bss                                     0x2000108c   Section      200  tasks.o(.bss)
    pxReadyTasksLists                        0x2000108c   Data         100  tasks.o(.bss)
    xDelayedTaskList1                        0x200010f0   Data          20  tasks.o(.bss)
    xDelayedTaskList2                        0x20001104   Data          20  tasks.o(.bss)
    xPendingReadyList                        0x20001118   Data          20  tasks.o(.bss)
    xTasksWaitingTermination                 0x2000112c   Data          20  tasks.o(.bss)
    xSuspendedTaskList                       0x20001140   Data          20  tasks.o(.bss)
    STACK                                    0x20001158   Section     1024  startup_stm32f030x8.o(STACK)

    Global Symbols

    Symbol Name                              Value     Ov Type        Size  Object(Section)

    BuildAttributes$$THM_ISAv3M$S$PE$A:L22$X:L11$S22$IEEE1$IW$USESV6$~STKCKD$USESV7$~SHL$OTIME$ROPI$EBA8$MICROLIB$REQ8$PRES8$EABIv2 0x00000000   Number         0  anon$$obj.o ABSOLUTE
    __ARM_use_no_argv                        0x00000000   Number         0  mainf0.o ABSOLUTE
    _printf_a                                0x00000000   Number         0  stubs.o ABSOLUTE
    _printf_c                                0x00000000   Number         0  stubs.o ABSOLUTE
    _printf_charcount                        0x00000000   Number         0  stubs.o ABSOLUTE
    _printf_d                                0x00000000   Number         0  stubs.o ABSOLUTE
    _printf_e                                0x00000000   Number         0  stubs.o ABSOLUTE
    _printf_f                                0x00000000   Number         0  stubs.o ABSOLUTE
    _printf_flags                            0x00000000   Number         0  stubs.o ABSOLUTE
    _printf_fp_dec                           0x00000000   Number         0  stubs.o ABSOLUTE
    _printf_fp_hex                           0x00000000   Number         0  stubs.o ABSOLUTE
    _printf_g                                0x00000000   Number         0  stubs.o ABSOLUTE
    _printf_i                                0x00000000   Number         0  stubs.o ABSOLUTE
    _printf_int_dec                          0x00000000   Number         0  stubs.o ABSOLUTE
    _printf_l                                0x00000000   Number         0  stubs.o ABSOLUTE
    _printf_lc                               0x00000000   Number         0  stubs.o ABSOLUTE
    _printf_ll                               0x00000000   Number         0  stubs.o ABSOLUTE
    _printf_lld                              0x00000000   Number         0  stubs.o ABSOLUTE
    _printf_lli                              0x00000000   Number         0  stubs.o ABSOLUTE
    _printf_llo                              0x00000000   Number         0  stubs.o ABSOLUTE
    _printf_llu                              0x00000000   Number         0  stubs.o ABSOLUTE
    _printf_llx                              0x00000000   Number         0  stubs.o ABSOLUTE
    _printf_longlong_dec                     0x00000000   Number         0  stubs.o ABSOLUTE
    _printf_longlong_hex                     0x00000000   Number         0  stubs.o ABSOLUTE
    _printf_longlong_oct                     0x00000000   Number         0  stubs.o ABSOLUTE
    _printf_ls                               0x00000000   Number         0  stubs.o ABSOLUTE
    _printf_mbtowc                           0x00000000   Number         0  stubs.o ABSOLUTE
    _printf_n                                0x00000000   Number         0  stubs.o ABSOLUTE
    _printf_o                                0x00000000   Number         0  stubs.o ABSOLUTE
    _printf_p                                0x00000000   Number         0  stubs.o ABSOLUTE
    _printf_percent                          0x00000000   Number         0  stubs.o ABSOLUTE
    _printf_pre_padding                      0x00000000   Number         0  stubs.o ABSOLUTE
    _printf_return_value                     0x00000000   Number         0  stubs.o ABSOLUTE
    _printf_s                                0x00000000   Number         0  stubs.o ABSOLUTE
    _printf_sizespec                         0x00000000   Number         0  stubs.o ABSOLUTE
    _printf_str                              0x00000000   Number         0  stubs.o ABSOLUTE
    _printf_truncate_signed                  0x00000000   Number         0  stubs.o ABSOLUTE
    _printf_truncate_unsigned                0x00000000   Number         0  stubs.o ABSOLUTE
    _printf_u                                0x00000000   Number         0  stubs.o ABSOLUTE
    _printf_wc                               0x00000000   Number         0  stubs.o ABSOLUTE
    _printf_wctomb                           0x00000000   Number         0  stubs.o ABSOLUTE
    _printf_widthprec                        0x00000000   Number         0  stubs.o ABSOLUTE
    _printf_x                                0x00000000   Number         0  stubs.o ABSOLUTE
    __cpp_initialize__aeabi_                  - Undefined Weak Reference
    __cxa_finalize                            - Undefined Weak Reference
    __decompress                              - Undefined Weak Reference
    _clock_init                               - Undefined Weak Reference
    _microlib_exit                            - Undefined Weak Reference
    __Vectors_Size                           0x000000b4   Number         0  startup_stm32f030x8.o ABSOLUTE
    __Vectors                                0x08000000   Data           4  startup_stm32f030x8.o(RESET)
    __Vectors_End                            0x080000b4   Data           0  startup_stm32f030x8.o(RESET)
    __main                                   0x080000b5   Thumb Code     0  entry.o(.ARM.Collect$$$$00000000)
    _main_stk                                0x080000b5   Thumb Code     0  entry2.o(.ARM.Collect$$$$00000001)
    _main_scatterload                        0x080000b9   Thumb Code     0  entry5.o(.ARM.Collect$$$$00000004)
    __main_after_scatterload                 0x080000bd   Thumb Code     0  entry5.o(.ARM.Collect$$$$00000004)
    _main_clock                              0x080000bd   Thumb Code     0  entry7b.o(.ARM.Collect$$$$00000008)
    _main_cpp_init                           0x080000bd   Thumb Code     0  entry8b.o(.ARM.Collect$$$$0000000A)
    _main_init                               0x080000bd   Thumb Code     0  entry9a.o(.ARM.Collect$$$$0000000B)
    __rt_final_cpp                           0x080000c5   Thumb Code     0  entry10a.o(.ARM.Collect$$$$0000000D)
    __rt_final_exit                          0x080000c5   Thumb Code     0  entry11a.o(.ARM.Collect$$$$0000000F)
    __asm___6_port_c_39a90d8d__prvPortStartFirstTask 0x080000c9   Thumb Code    36  port.o(.emb_text)
    ulSetInterruptMaskFromISR                0x080000f1   Thumb Code     8  port.o(.emb_text)
    vClearInterruptMaskFromISR               0x080000f9   Thumb Code     6  port.o(.emb_text)
    PendSV_Handler                           0x080000ff   Thumb Code    62  port.o(.emb_text)
    vPeriodicTask                            0x08000141   Thumb Code    22  mainf0.o(.text)
    initTimer14Interrupt                     0x08000157   Thumb Code    42  mainf0.o(.text)
    initTimer14                              0x08000181   Thumb Code    82  mainf0.o(.text)
    init_LED                                 0x080001d3   Thumb Code    80  mainf0.o(.text)
    main                                     0x08000223   Thumb Code    54  mainf0.o(.text)
    delay                                    0x08000259   Thumb Code    14  mainf0.o(.text)
    NMI_Handler                              0x08000285   Thumb Code     2  stm32f0xx_it.o(.text)
    HardFault_Handler                        0x08000287   Thumb Code     2  stm32f0xx_it.o(.text)
    TIM3_IRQHandler                          0x08000289   Thumb Code    26  stm32f0xx_it.o(.text)
    I2C1_IRQnHandler                         0x080002a3   Thumb Code   106  stm32f0xx_it.o(.text)
    TIM14_IRQHandler                         0x0800030d   Thumb Code    60  stm32f0xx_it.o(.text)
    I2C_int_setup                            0x0800035d   Thumb Code    32  i2c_main.o(.text)
    I2C_Setup                                0x0800037d   Thumb Code   136  i2c_main.o(.text)
    I2C_WaitForI2CFlag                       0x08000405   Thumb Code    60  i2c_main.o(.text)
    I2C_WriteData                            0x08000441   Thumb Code    78  i2c_main.o(.text)
    I2C_ReadData                             0x0800048f   Thumb Code    98  i2c_main.o(.text)
    I2C_readData_array                       0x080004f1   Thumb Code   112  i2c_main.o(.text)
    check_comm                               0x08000561   Thumb Code    60  i2c_main.o(.text)
    USART_Setup                              0x080005ad   Thumb Code   102  usart_main.o(.text)
    USART_int_Setup                          0x08000613   Thumb Code    32  usart_main.o(.text)
    USART_Putstr                             0x08000633   Thumb Code    62  usart_main.o(.text)
    USART_putc                               0x08000671   Thumb Code    16  usart_main.o(.text)
    USART_Clearscreen                        0x08000681   Thumb Code    30  usart_main.o(.text)
    USART_itoa                               0x0800069f   Thumb Code   100  usart_main.o(.text)
    USART_print_number                       0x08000703   Thumb Code    46  usart_main.o(.text)
    GPIO_DeInit                              0x08000751   Thumb Code    78  stm32f0xx_gpio.o(.text)
    GPIO_Init                                0x0800079f   Thumb Code   112  stm32f0xx_gpio.o(.text)
    GPIO_StructInit                          0x0800080f   Thumb Code    18  stm32f0xx_gpio.o(.text)
    GPIO_PinLockConfig                       0x08000821   Thumb Code    26  stm32f0xx_gpio.o(.text)
    GPIO_ReadInputDataBit                    0x0800083b   Thumb Code    14  stm32f0xx_gpio.o(.text)
    GPIO_ReadInputData                       0x08000849   Thumb Code     4  stm32f0xx_gpio.o(.text)
    GPIO_ReadOutputDataBit                   0x0800084d   Thumb Code    14  stm32f0xx_gpio.o(.text)
    GPIO_ReadOutputData                      0x0800085b   Thumb Code     4  stm32f0xx_gpio.o(.text)
    GPIO_SetBits                             0x0800085f   Thumb Code     4  stm32f0xx_gpio.o(.text)
    GPIO_ResetBits                           0x08000863   Thumb Code     4  stm32f0xx_gpio.o(.text)
    GPIO_WriteBit                            0x08000867   Thumb Code    12  stm32f0xx_gpio.o(.text)
    GPIO_Write                               0x08000873   Thumb Code     4  stm32f0xx_gpio.o(.text)
    GPIO_PinAFConfig                         0x08000877   Thumb Code    32  stm32f0xx_gpio.o(.text)
    NVIC_Init                                0x080008ad   Thumb Code    70  stm32f0xx_misc.o(.text)
    NVIC_SystemLPConfig                      0x080008f3   Thumb Code    18  stm32f0xx_misc.o(.text)
    SysTick_CLKSourceConfig                  0x08000905   Thumb Code    20  stm32f0xx_misc.o(.text)
    RCC_DeInit                               0x08000929   Thumb Code    78  stm32f0xx_rcc.o(.text)
    RCC_HSEConfig                            0x08000977   Thumb Code    10  stm32f0xx_rcc.o(.text)
    RCC_GetFlagStatus                        0x08000981   Thumb Code    48  stm32f0xx_rcc.o(.text)
    RCC_WaitForHSEStartUp                    0x080009b1   Thumb Code    44  stm32f0xx_rcc.o(.text)
    RCC_AdjustHSICalibrationValue            0x080009dd   Thumb Code    16  stm32f0xx_rcc.o(.text)
    RCC_HSICmd                               0x080009ed   Thumb Code    22  stm32f0xx_rcc.o(.text)
    RCC_AdjustHSI14CalibrationValue          0x08000a03   Thumb Code    16  stm32f0xx_rcc.o(.text)
    RCC_HSI14Cmd                             0x08000a13   Thumb Code    22  stm32f0xx_rcc.o(.text)
    RCC_HSI14ADCRequestCmd                   0x08000a29   Thumb Code    20  stm32f0xx_rcc.o(.text)
    RCC_LSEConfig                            0x08000a3d   Thumb Code    26  stm32f0xx_rcc.o(.text)
    RCC_LSEDriveConfig                       0x08000a57   Thumb Code    18  stm32f0xx_rcc.o(.text)
    RCC_LSICmd                               0x08000a69   Thumb Code    22  stm32f0xx_rcc.o(.text)
    RCC_PLLConfig                            0x08000a7f   Thumb Code    24  stm32f0xx_rcc.o(.text)
    RCC_PLLCmd                               0x08000a97   Thumb Code    22  stm32f0xx_rcc.o(.text)
    RCC_PREDIV1Config                        0x08000aad   Thumb Code    14  stm32f0xx_rcc.o(.text)
    RCC_ClockSecuritySystemCmd               0x08000abb   Thumb Code    22  stm32f0xx_rcc.o(.text)
    RCC_MCOConfig                            0x08000ad1   Thumb Code     6  stm32f0xx_rcc.o(.text)
    RCC_SYSCLKConfig                         0x08000ad7   Thumb Code    14  stm32f0xx_rcc.o(.text)
    RCC_GetSYSCLKSource                      0x08000ae5   Thumb Code    10  stm32f0xx_rcc.o(.text)
    RCC_HCLKConfig                           0x08000aef   Thumb Code    14  stm32f0xx_rcc.o(.text)
    RCC_PCLKConfig                           0x08000afd   Thumb Code    16  stm32f0xx_rcc.o(.text)
    RCC_ADCCLKConfig                         0x08000b0d   Thumb Code    38  stm32f0xx_rcc.o(.text)
    RCC_CECCLKConfig                         0x08000b33   Thumb Code    18  stm32f0xx_rcc.o(.text)
    RCC_I2CCLKConfig                         0x08000b45   Thumb Code    18  stm32f0xx_rcc.o(.text)
    RCC_USARTCLKConfig                       0x08000b57   Thumb Code    18  stm32f0xx_rcc.o(.text)
    RCC_GetClocksFreq                        0x08000b69   Thumb Code   208  stm32f0xx_rcc.o(.text)
    RCC_RTCCLKConfig                         0x08000c39   Thumb Code    10  stm32f0xx_rcc.o(.text)
    RCC_RTCCLKCmd                            0x08000c43   Thumb Code    20  stm32f0xx_rcc.o(.text)
    RCC_BackupResetCmd                       0x08000c57   Thumb Code    22  stm32f0xx_rcc.o(.text)
    RCC_AHBPeriphClockCmd                    0x08000c6d   Thumb Code    18  stm32f0xx_rcc.o(.text)
    RCC_APB2PeriphClockCmd                   0x08000c7f   Thumb Code    18  stm32f0xx_rcc.o(.text)
    RCC_APB1PeriphClockCmd                   0x08000c91   Thumb Code    18  stm32f0xx_rcc.o(.text)
    RCC_AHBPeriphResetCmd                    0x08000ca3   Thumb Code    18  stm32f0xx_rcc.o(.text)
    RCC_APB2PeriphResetCmd                   0x08000cb5   Thumb Code    18  stm32f0xx_rcc.o(.text)
    RCC_APB1PeriphResetCmd                   0x08000cc7   Thumb Code    18  stm32f0xx_rcc.o(.text)
    RCC_ITConfig                             0x08000cd9   Thumb Code    18  stm32f0xx_rcc.o(.text)
    RCC_ClearFlag                            0x08000ceb   Thumb Code    14  stm32f0xx_rcc.o(.text)
    RCC_GetITStatus                          0x08000cf9   Thumb Code    48  stm32f0xx_rcc.o(.text)
    RCC_ClearITPendingBit                    0x08000d29   Thumb Code     6  stm32f0xx_rcc.o(.text)
    TIM_DeInit                               0x08000d35   Thumb Code   152  stm32f0xx_tim.o(.text)
    TIM_TimeBaseInit                         0x08000dcd   Thumb Code    88  stm32f0xx_tim.o(.text)
    TIM_TimeBaseStructInit                   0x08000e25   Thumb Code    18  stm32f0xx_tim.o(.text)
    TIM_PrescalerConfig                      0x08000e37   Thumb Code     6  stm32f0xx_tim.o(.text)
    TIM_CounterModeConfig                    0x08000e3d   Thumb Code    12  stm32f0xx_tim.o(.text)
    TIM_SetCounter                           0x08000e49   Thumb Code     4  stm32f0xx_tim.o(.text)
    TIM_SetAutoreload                        0x08000e4d   Thumb Code     4  stm32f0xx_tim.o(.text)
    TIM_GetCounter                           0x08000e51   Thumb Code     4  stm32f0xx_tim.o(.text)
    TIM_GetPrescaler                         0x08000e55   Thumb Code     4  stm32f0xx_tim.o(.text)
    TIM_UpdateDisableConfig                  0x08000e59   Thumb Code    18  stm32f0xx_tim.o(.text)
    TIM_UpdateRequestConfig                  0x08000e6b   Thumb Code    18  stm32f0xx_tim.o(.text)
    TIM_ARRPreloadConfig                     0x08000e7d   Thumb Code    18  stm32f0xx_tim.o(.text)
    TIM_SelectOnePulseMode                   0x08000e8f   Thumb Code    16  stm32f0xx_tim.o(.text)
    TIM_SetClockDivision                     0x08000e9f   Thumb Code    16  stm32f0xx_tim.o(.text)
    TIM_Cmd                                  0x08000eaf   Thumb Code    20  stm32f0xx_tim.o(.text)
    TIM_BDTRConfig                           0x08000ec3   Thumb Code    34  stm32f0xx_tim.o(.text)
    TIM_BDTRStructInit                       0x08000ee5   Thumb Code    18  stm32f0xx_tim.o(.text)
    TIM_CtrlPWMOutputs                       0x08000ef7   Thumb Code    24  stm32f0xx_tim.o(.text)
    TIM_OC1Init                              0x08000f0f   Thumb Code   104  stm32f0xx_tim.o(.text)
    TIM_OC2Init                              0x08000f77   Thumb Code   110  stm32f0xx_tim.o(.text)
    TIM_OC3Init                              0x08000fe5   Thumb Code   110  stm32f0xx_tim.o(.text)
    TIM_OC4Init                              0x08001053   Thumb Code    78  stm32f0xx_tim.o(.text)
    TIM_OCStructInit                         0x080010a1   Thumb Code    20  stm32f0xx_tim.o(.text)
    TIM_SelectOCxM                           0x080010b5   Thumb Code    70  stm32f0xx_tim.o(.text)
    TIM_SetCompare1                          0x080010fb   Thumb Code     4  stm32f0xx_tim.o(.text)
    TIM_SetCompare2                          0x080010ff   Thumb Code     4  stm32f0xx_tim.o(.text)
    TIM_SetCompare3                          0x08001103   Thumb Code     4  stm32f0xx_tim.o(.text)
    TIM_SetCompare4                          0x08001107   Thumb Code     4  stm32f0xx_tim.o(.text)
    TIM_ForcedOC1Config                      0x0800110b   Thumb Code    86  stm32f0xx_tim.o(.text)
    TIM_ForcedOC2Config                      0x08001161   Thumb Code    14  stm32f0xx_tim.o(.text)
    TIM_ForcedOC3Config                      0x0800116f   Thumb Code    12  stm32f0xx_tim.o(.text)
    TIM_ForcedOC4Config                      0x0800117b   Thumb Code    14  stm32f0xx_tim.o(.text)
    TIM_CCPreloadControl                     0x08001189   Thumb Code    20  stm32f0xx_tim.o(.text)
    TIM_OC1PreloadConfig                     0x0800119d   Thumb Code    12  stm32f0xx_tim.o(.text)
    TIM_OC2PreloadConfig                     0x080011a9   Thumb Code    14  stm32f0xx_tim.o(.text)
    TIM_OC3PreloadConfig                     0x080011b7   Thumb Code    12  stm32f0xx_tim.o(.text)
    TIM_OC4PreloadConfig                     0x080011c3   Thumb Code    14  stm32f0xx_tim.o(.text)
    TIM_OC1FastConfig                        0x080011d1   Thumb Code    12  stm32f0xx_tim.o(.text)
    TIM_OC2FastConfig                        0x080011dd   Thumb Code    14  stm32f0xx_tim.o(.text)
    TIM_OC3FastConfig                        0x080011eb   Thumb Code    12  stm32f0xx_tim.o(.text)
    TIM_OC4FastConfig                        0x080011f7   Thumb Code    14  stm32f0xx_tim.o(.text)
    TIM_ClearOC1Ref                          0x08001205   Thumb Code    12  stm32f0xx_tim.o(.text)
    TIM_ClearOC2Ref                          0x08001211   Thumb Code    14  stm32f0xx_tim.o(.text)
    TIM_ClearOC3Ref                          0x0800121f   Thumb Code    12  stm32f0xx_tim.o(.text)
    TIM_ClearOC4Ref                          0x0800122b   Thumb Code    14  stm32f0xx_tim.o(.text)
    TIM_OC1PolarityConfig                    0x08001239   Thumb Code    12  stm32f0xx_tim.o(.text)
    TIM_OC1NPolarityConfig                   0x08001245   Thumb Code    12  stm32f0xx_tim.o(.text)
    TIM_OC2PolarityConfig                    0x08001251   Thumb Code    14  stm32f0xx_tim.o(.text)
    TIM_OC2NPolarityConfig                   0x0800125f   Thumb Code    14  stm32f0xx_tim.o(.text)
    TIM_OC3PolarityConfig                    0x0800126d   Thumb Code    14  stm32f0xx_tim.o(.text)
    TIM_OC3NPolarityConfig                   0x0800127b   Thumb Code    14  stm32f0xx_tim.o(.text)
    TIM_OC4PolarityConfig                    0x08001289   Thumb Code    14  stm32f0xx_tim.o(.text)
    TIM_SelectOCREFClear                     0x08001297   Thumb Code    16  stm32f0xx_tim.o(.text)
    TIM_CCxCmd                               0x080012a7   Thumb Code    22  stm32f0xx_tim.o(.text)
    TIM_CCxNCmd                              0x080012bd   Thumb Code    22  stm32f0xx_tim.o(.text)
    TIM_SelectCOM                            0x080012d3   Thumb Code    18  stm32f0xx_tim.o(.text)
    TIM_SetIC4Prescaler                      0x080012e5   Thumb Code    18  stm32f0xx_tim.o(.text)
    TIM_SetIC3Prescaler                      0x080012f7   Thumb Code    16  stm32f0xx_tim.o(.text)
    TIM_SetIC2Prescaler                      0x08001307   Thumb Code    18  stm32f0xx_tim.o(.text)
    TIM_SetIC1Prescaler                      0x08001343   Thumb Code    16  stm32f0xx_tim.o(.text)
    TIM_ICInit                               0x0800137b   Thumb Code   162  stm32f0xx_tim.o(.text)
    TIM_ICStructInit                         0x0800141d   Thumb Code    16  stm32f0xx_tim.o(.text)
    TIM_PWMIConfig                           0x0800142d   Thumb Code   104  stm32f0xx_tim.o(.text)
    TIM_GetCapture1                          0x08001495   Thumb Code     4  stm32f0xx_tim.o(.text)
    TIM_GetCapture2                          0x08001499   Thumb Code     4  stm32f0xx_tim.o(.text)
    TIM_GetCapture3                          0x0800149d   Thumb Code     4  stm32f0xx_tim.o(.text)
    TIM_GetCapture4                          0x080014a1   Thumb Code     4  stm32f0xx_tim.o(.text)
    TIM_ITConfig                             0x080014a5   Thumb Code    16  stm32f0xx_tim.o(.text)
    TIM_GenerateEvent                        0x080014b5   Thumb Code     4  stm32f0xx_tim.o(.text)
    TIM_GetFlagStatus                        0x080014b9   Thumb Code    14  stm32f0xx_tim.o(.text)
    TIM_ClearFlag                            0x080014c7   Thumb Code     6  stm32f0xx_tim.o(.text)
    TIM_GetITStatus                          0x080014cd   Thumb Code    24  stm32f0xx_tim.o(.text)
    TIM_ClearITPendingBit                    0x080014e5   Thumb Code     6  stm32f0xx_tim.o(.text)
    TIM_DMAConfig                            0x080014eb   Thumb Code     8  stm32f0xx_tim.o(.text)
    TIM_DMACmd                               0x080014f3   Thumb Code    16  stm32f0xx_tim.o(.text)
    TIM_SelectCCDMA                          0x08001503   Thumb Code    18  stm32f0xx_tim.o(.text)
    TIM_InternalClockConfig                  0x08001515   Thumb Code    10  stm32f0xx_tim.o(.text)
    TIM_SelectInputTrigger                   0x0800151f   Thumb Code    12  stm32f0xx_tim.o(.text)
    TIM_ITRxExternalClockConfig              0x0800152b   Thumb Code    62  stm32f0xx_tim.o(.text)
    TIM_TIxExternalClockConfig               0x08001569   Thumb Code    48  stm32f0xx_tim.o(.text)
    TIM_ETRConfig                            0x08001599   Thumb Code    18  stm32f0xx_tim.o(.text)
    TIM_ETRClockMode1Config                  0x080015ab   Thumb Code    28  stm32f0xx_tim.o(.text)
    TIM_ETRClockMode2Config                  0x080015c7   Thumb Code    20  stm32f0xx_tim.o(.text)
    TIM_SelectOutputTrigger                  0x080015db   Thumb Code    16  stm32f0xx_tim.o(.text)
    TIM_SelectSlaveMode                      0x080015eb   Thumb Code    16  stm32f0xx_tim.o(.text)
    TIM_SelectMasterSlaveMode                0x080015fb   Thumb Code    16  stm32f0xx_tim.o(.text)
    TIM_EncoderInterfaceConfig               0x0800160b   Thumb Code    42  stm32f0xx_tim.o(.text)
    TIM_SelectHallSensor                     0x08001635   Thumb Code    18  stm32f0xx_tim.o(.text)
    TIM_RemapConfig                          0x08001647   Thumb Code     6  stm32f0xx_tim.o(.text)
    USART_DeInit                             0x08001651   Thumb Code    54  stm32f0xx_usart.o(.text)
    USART_Init                               0x08001687   Thumb Code   166  stm32f0xx_usart.o(.text)
    USART_StructInit                         0x0800172d   Thumb Code    22  stm32f0xx_usart.o(.text)
    USART_ClockInit                          0x08001743   Thumb Code    28  stm32f0xx_usart.o(.text)
    USART_ClockStructInit                    0x0800175f   Thumb Code    12  stm32f0xx_usart.o(.text)
    USART_Cmd                                0x0800176b   Thumb Code    20  stm32f0xx_usart.o(.text)
    USART_DirectionModeCmd                   0x0800177f   Thumb Code    16  stm32f0xx_usart.o(.text)
    USART_OverSampling8Cmd                   0x0800178f   Thumb Code    20  stm32f0xx_usart.o(.text)
    USART_OneBitMethodCmd                    0x080017a3   Thumb Code    20  stm32f0xx_usart.o(.text)
    USART_MSBFirstCmd                        0x080017b7   Thumb Code    20  stm32f0xx_usart.o(.text)
    USART_DataInvCmd                         0x080017cb   Thumb Code    20  stm32f0xx_usart.o(.text)
    USART_InvPinCmd                          0x080017df   Thumb Code    16  stm32f0xx_usart.o(.text)
    USART_SWAPPinCmd                         0x080017ef   Thumb Code    20  stm32f0xx_usart.o(.text)
    USART_ReceiverTimeOutCmd                 0x08001803   Thumb Code    20  stm32f0xx_usart.o(.text)
    USART_SetReceiverTimeOut                 0x08001817   Thumb Code    16  stm32f0xx_usart.o(.text)
    USART_SetPrescaler                       0x08001827   Thumb Code    16  stm32f0xx_usart.o(.text)
    USART_STOPModeCmd                        0x08001837   Thumb Code    18  stm32f0xx_usart.o(.text)
    USART_StopModeWakeUpSourceConfig         0x08001849   Thumb Code    18  stm32f0xx_usart.o(.text)
    USART_AutoBaudRateCmd                    0x0800185b   Thumb Code    20  stm32f0xx_usart.o(.text)
    USART_AutoBaudRateConfig                 0x0800186f   Thumb Code    18  stm32f0xx_usart.o(.text)
    USART_AutoBaudRateNewRequest             0x08001881   Thumb Code    12  stm32f0xx_usart.o(.text)
    USART_SendData                           0x0800188d   Thumb Code     8  stm32f0xx_usart.o(.text)
    USART_ReceiveData                        0x08001895   Thumb Code     8  stm32f0xx_usart.o(.text)
    USART_SetAddress                         0x0800189d   Thumb Code    18  stm32f0xx_usart.o(.text)
    USART_MuteModeCmd                        0x080018af   Thumb Code    20  stm32f0xx_usart.o(.text)
    USART_MuteModeWakeUpConfig               0x080018c3   Thumb Code    18  stm32f0xx_usart.o(.text)
    USART_AddressDetectionConfig             0x080018d5   Thumb Code    16  stm32f0xx_usart.o(.text)
    USART_LINBreakDetectLengthConfig         0x080018e5   Thumb Code    16  stm32f0xx_usart.o(.text)
    USART_LINCmd                             0x080018f5   Thumb Code    20  stm32f0xx_usart.o(.text)
    USART_HalfDuplexCmd                      0x08001909   Thumb Code    18  stm32f0xx_usart.o(.text)
    USART_SetGuardTime                       0x0800191b   Thumb Code    16  stm32f0xx_usart.o(.text)
    USART_SmartCardCmd                       0x0800192b   Thumb Code    18  stm32f0xx_usart.o(.text)
    USART_SmartCardNACKCmd                   0x0800193d   Thumb Code    18  stm32f0xx_usart.o(.text)
    USART_SetAutoRetryCount                  0x0800194f   Thumb Code    20  stm32f0xx_usart.o(.text)
    USART_SetBlockLength                     0x08001963   Thumb Code    18  stm32f0xx_usart.o(.text)
    USART_IrDAConfig                         0x08001975   Thumb Code    16  stm32f0xx_usart.o(.text)
    USART_IrDACmd                            0x08001985   Thumb Code    18  stm32f0xx_usart.o(.text)
    USART_DECmd                              0x08001997   Thumb Code    20  stm32f0xx_usart.o(.text)
    USART_DEPolarityConfig                   0x080019ab   Thumb Code    18  stm32f0xx_usart.o(.text)
    USART_SetDEAssertionTime                 0x080019bd   Thumb Code    20  stm32f0xx_usart.o(.text)
    USART_SetDEDeassertionTime               0x080019d1   Thumb Code    20  stm32f0xx_usart.o(.text)
    USART_DMACmd                             0x080019e5   Thumb Code    16  stm32f0xx_usart.o(.text)
    USART_DMAReceptionErrorConfig            0x080019f5   Thumb Code    18  stm32f0xx_usart.o(.text)
    USART_ITConfig                           0x08001a07   Thumb Code    54  stm32f0xx_usart.o(.text)
    USART_RequestCmd                         0x08001a3d   Thumb Code    16  stm32f0xx_usart.o(.text)
    USART_OverrunDetectionConfig             0x08001a4d   Thumb Code    18  stm32f0xx_usart.o(.text)
    USART_GetFlagStatus                      0x08001a5f   Thumb Code    14  stm32f0xx_usart.o(.text)
    USART_ClearFlag                          0x08001a6d   Thumb Code     4  stm32f0xx_usart.o(.text)
    USART_GetITStatus                        0x08001a71   Thumb Code    56  stm32f0xx_usart.o(.text)
    USART_ClearITPendingBit                  0x08001aa9   Thumb Code    10  stm32f0xx_usart.o(.text)
    I2C_DeInit                               0x08001ab5   Thumb Code    34  stm32f0xx_i2c.o(.text)
    I2C_Init                                 0x08001ad7   Thumb Code    92  stm32f0xx_i2c.o(.text)
    I2C_StructInit                           0x08001b33   Thumb Code    22  stm32f0xx_i2c.o(.text)
    I2C_Cmd                                  0x08001b49   Thumb Code    20  stm32f0xx_i2c.o(.text)
    I2C_SoftwareResetCmd                     0x08001b5d   Thumb Code    20  stm32f0xx_i2c.o(.text)
    I2C_ITConfig                             0x08001b71   Thumb Code    16  stm32f0xx_i2c.o(.text)
    I2C_StretchClockCmd                      0x08001b81   Thumb Code    20  stm32f0xx_i2c.o(.text)
    I2C_StopModeCmd                          0x08001b95   Thumb Code    20  stm32f0xx_i2c.o(.text)
    I2C_DualAddressCmd                       0x08001ba9   Thumb Code    20  stm32f0xx_i2c.o(.text)
    I2C_OwnAddress2Config                    0x08001bbd   Thumb Code    24  stm32f0xx_i2c.o(.text)
    I2C_GeneralCallCmd                       0x08001bd5   Thumb Code    20  stm32f0xx_i2c.o(.text)
    I2C_SlaveByteControlCmd                  0x08001be9   Thumb Code    20  stm32f0xx_i2c.o(.text)
    I2C_SlaveAddressConfig                   0x08001bfd   Thumb Code    16  stm32f0xx_i2c.o(.text)
    I2C_10BitAddressingModeCmd               0x08001c0d   Thumb Code    20  stm32f0xx_i2c.o(.text)
    I2C_AutoEndCmd                           0x08001c21   Thumb Code    20  stm32f0xx_i2c.o(.text)
    I2C_ReloadCmd                            0x08001c35   Thumb Code    20  stm32f0xx_i2c.o(.text)
    I2C_NumberOfBytesConfig                  0x08001c49   Thumb Code    16  stm32f0xx_i2c.o(.text)
    I2C_MasterRequestConfig                  0x08001c59   Thumb Code    20  stm32f0xx_i2c.o(.text)
    I2C_GenerateSTART                        0x08001c6d   Thumb Code    20  stm32f0xx_i2c.o(.text)
    I2C_GenerateSTOP                         0x08001c81   Thumb Code    20  stm32f0xx_i2c.o(.text)
    I2C_10BitAddressHeaderCmd                0x08001c95   Thumb Code    20  stm32f0xx_i2c.o(.text)
    I2C_AcknowledgeConfig                    0x08001ca9   Thumb Code    20  stm32f0xx_i2c.o(.text)
    I2C_GetAddressMatched                    0x08001cbd   Thumb Code    10  stm32f0xx_i2c.o(.text)
    I2C_GetTransferDirection                 0x08001cc7   Thumb Code    18  stm32f0xx_i2c.o(.text)
    I2C_TransferHandling                     0x08001cd9   Thumb Code    28  stm32f0xx_i2c.o(.text)
    I2C_SMBusAlertCmd                        0x08001cf5   Thumb Code    20  stm32f0xx_i2c.o(.text)
    I2C_ClockTimeoutCmd                      0x08001d09   Thumb Code    20  stm32f0xx_i2c.o(.text)
    I2C_ExtendedClockTimeoutCmd              0x08001d1d   Thumb Code    22  stm32f0xx_i2c.o(.text)
    I2C_IdleClockTimeoutCmd                  0x08001d33   Thumb Code    20  stm32f0xx_i2c.o(.text)
    I2C_TimeoutAConfig                       0x08001d47   Thumb Code    16  stm32f0xx_i2c.o(.text)
    I2C_TimeoutBConfig                       0x08001d57   Thumb Code    16  stm32f0xx_i2c.o(.text)
    I2C_CalculatePEC                         0x08001d67   Thumb Code    20  stm32f0xx_i2c.o(.text)
    I2C_PECRequestCmd                        0x08001d7b   Thumb Code    20  stm32f0xx_i2c.o(.text)
    I2C_GetPEC                               0x08001d8f   Thumb Code     6  stm32f0xx_i2c.o(.text)
    I2C_ReadRegister                         0x08001d95   Thumb Code    10  stm32f0xx_i2c.o(.text)
    I2C_SendData                             0x08001d9f   Thumb Code     4  stm32f0xx_i2c.o(.text)
    I2C_ReceiveData                          0x08001da3   Thumb Code     6  stm32f0xx_i2c.o(.text)
    I2C_DMACmd                               0x08001da9   Thumb Code    16  stm32f0xx_i2c.o(.text)
    I2C_GetFlagStatus                        0x08001db9   Thumb Code    14  stm32f0xx_i2c.o(.text)
    I2C_ClearFlag                            0x08001dc7   Thumb Code     4  stm32f0xx_i2c.o(.text)
    I2C_GetITStatus                          0x08001dcb   Thumb Code    14  stm32f0xx_i2c.o(.text)
    I2C_ClearITPendingBit                    0x08001dd9   Thumb Code     4  stm32f0xx_i2c.o(.text)
    Reset_Handler                            0x08001df5   Thumb Code     8  startup_stm32f030x8.o(.text)
    ADC1_IRQHandler                          0x08001e07   Thumb Code     0  startup_stm32f030x8.o(.text)
    DMA1_Channel1_IRQHandler                 0x08001e07   Thumb Code     0  startup_stm32f030x8.o(.text)
    DMA1_Channel2_3_IRQHandler               0x08001e07   Thumb Code     0  startup_stm32f030x8.o(.text)
    DMA1_Channel4_5_IRQHandler               0x08001e07   Thumb Code     0  startup_stm32f030x8.o(.text)
    EXTI0_1_IRQHandler                       0x08001e07   Thumb Code     0  startup_stm32f030x8.o(.text)
    EXTI2_3_IRQHandler                       0x08001e07   Thumb Code     0  startup_stm32f030x8.o(.text)
    EXTI4_15_IRQHandler                      0x08001e07   Thumb Code     0  startup_stm32f030x8.o(.text)
    FLASH_IRQHandler                         0x08001e07   Thumb Code     0  startup_stm32f030x8.o(.text)
    I2C1_IRQHandler                          0x08001e07   Thumb Code     0  startup_stm32f030x8.o(.text)
    I2C2_IRQHandler                          0x08001e07   Thumb Code     0  startup_stm32f030x8.o(.text)
    RCC_IRQHandler                           0x08001e07   Thumb Code     0  startup_stm32f030x8.o(.text)
    RTC_IRQHandler                           0x08001e07   Thumb Code     0  startup_stm32f030x8.o(.text)
    SPI1_IRQHandler                          0x08001e07   Thumb Code     0  startup_stm32f030x8.o(.text)
    SPI2_IRQHandler                          0x08001e07   Thumb Code     0  startup_stm32f030x8.o(.text)
    TIM15_IRQHandler                         0x08001e07   Thumb Code     0  startup_stm32f030x8.o(.text)
    TIM16_IRQHandler                         0x08001e07   Thumb Code     0  startup_stm32f030x8.o(.text)
    TIM17_IRQHandler                         0x08001e07   Thumb Code     0  startup_stm32f030x8.o(.text)
    TIM1_BRK_UP_TRG_COM_IRQHandler           0x08001e07   Thumb Code     0  startup_stm32f030x8.o(.text)
    TIM1_CC_IRQHandler                       0x08001e07   Thumb Code     0  startup_stm32f030x8.o(.text)
    TIM6_IRQHandler                          0x08001e07   Thumb Code     0  startup_stm32f030x8.o(.text)
    USART1_IRQHandler                        0x08001e07   Thumb Code     0  startup_stm32f030x8.o(.text)
    USART2_IRQHandler                        0x08001e07   Thumb Code     0  startup_stm32f030x8.o(.text)
    WWDG_IRQHandler                          0x08001e07   Thumb Code     0  startup_stm32f030x8.o(.text)
    SystemInit                               0x08001e11   Thumb Code     2  system_stm32f0xx.o(.text)
    SystemCoreClockUpdate                    0x08001e13   Thumb Code    88  system_stm32f0xx.o(.text)
    vListInitialise                          0x08001e81   Thumb Code    22  list.o(.text)
    vListInitialiseItem                      0x08001e97   Thumb Code     6  list.o(.text)
    vListInsertEnd                           0x08001e9d   Thumb Code    24  list.o(.text)
    vListInsert                              0x08001eb5   Thumb Code    48  list.o(.text)
    uxListRemove                             0x08001ee5   Thumb Code    38  list.o(.text)
    pvPortMalloc                             0x08001f55   Thumb Code   178  heap_4.o(.text)
    vPortFree                                0x08002007   Thumb Code    70  heap_4.o(.text)
    xPortGetFreeHeapSize                     0x0800204d   Thumb Code     8  heap_4.o(.text)
    xPortGetMinimumEverFreeHeapSize          0x08002055   Thumb Code     8  heap_4.o(.text)
    vPortInitialiseBlocks                    0x0800205d   Thumb Code     2  heap_4.o(.text)
    vPortGetHeapStats                        0x0800205f   Thumb Code    90  heap_4.o(.text)
    pxPortInitialiseStack                    0x0800210b   Thumb Code    28  port.o(.text)
    SVC_Handler                              0x08002127   Thumb Code     2  port.o(.text)
    vPortSetupTimerInterrupt                 0x08002129   Thumb Code    52  port.o(.text)
    xPortStartScheduler                      0x0800215d   Thumb Code    40  port.o(.text)
    vPortEndScheduler                        0x08002185   Thumb Code    18  port.o(.text)
    vPortYield                               0x08002197   Thumb Code    18  port.o(.text)
    vPortEnterCritical                       0x080021a9   Thumb Code    20  port.o(.text)
    vPortExitCritical                        0x080021bd   Thumb Code    22  port.o(.text)
    SysTick_Handler                          0x080021d3   Thumb Code    32  port.o(.text)
    vPortSuppressTicksAndSleep               0x080021f3   Thumb Code   212  port.o(.text)
    xTaskCreate                              0x08002393   Thumb Code    78  tasks.o(.text)
    vTaskDelete                              0x080023e1   Thumb Code   114  tasks.o(.text)
    xTaskIncrementTick                       0x08002453   Thumb Code   180  tasks.o(.text)
    xTaskResumeAll                           0x08002507   Thumb Code   164  tasks.o(.text)
    vTaskSuspendAll                          0x08002603   Thumb Code    10  tasks.o(.text)
    vTaskDelayUntil                          0x0800260d   Thumb Code    88  tasks.o(.text)
    vTaskDelay                               0x08002665   Thumb Code    44  tasks.o(.text)
    eTaskGetState                            0x08002691   Thumb Code   102  tasks.o(.text)
    uxTaskPriorityGet                        0x080026f7   Thumb Code    26  tasks.o(.text)
    uxTaskPriorityGetFromISR                 0x08002711   Thumb Code    26  tasks.o(.text)
    vTaskPrioritySet                         0x0800272b   Thumb Code   140  tasks.o(.text)
    vTaskSwitchContext                       0x080027b7   Thumb Code    80  tasks.o(.text)
    vTaskSuspend                             0x08002807   Thumb Code   132  tasks.o(.text)
    vTaskResume                              0x0800288b   Thumb Code    84  tasks.o(.text)
    xTaskResumeFromISR                       0x080028df   Thumb Code   100  tasks.o(.text)
    vTaskStartScheduler                      0x080029d9   Thumb Code    60  tasks.o(.text)
    vTaskEndScheduler                        0x08002a15   Thumb Code    16  tasks.o(.text)
    xTaskGetTickCount                        0x08002a25   Thumb Code     6  tasks.o(.text)
    xTaskGetTickCountFromISR                 0x08002a2b   Thumb Code     6  tasks.o(.text)
    uxTaskGetNumberOfTasks                   0x08002a31   Thumb Code     6  tasks.o(.text)
    pcTaskGetName                            0x08002a37   Thumb Code    20  tasks.o(.text)
    xTaskGetHandle                           0x08002aa9   Thumb Code   128  tasks.o(.text)
    vTaskGetInfo                             0x08002b29   Thumb Code   112  tasks.o(.text)
    uxTaskGetSystemState                     0x08002bf1   Thumb Code   138  tasks.o(.text)
    xTaskGetIdleTaskHandle                   0x08002c7b   Thumb Code    14  tasks.o(.text)
    vTaskStepTick                            0x08002c89   Thumb Code    24  tasks.o(.text)
    xTaskCatchUpTicks                        0x08002ca1   Thumb Code    32  tasks.o(.text)
    xTaskAbortDelay                          0x08002cc1   Thumb Code   112  tasks.o(.text)
    vTaskPlaceOnEventList                    0x08002d31   Thumb Code    32  tasks.o(.text)
    vTaskPlaceOnUnorderedEventList           0x08002d51   Thumb Code    54  tasks.o(.text)
    xTaskRemoveFromEventList                 0x08002d87   Thumb Code   100  tasks.o(.text)
    vTaskRemoveFromUnorderedEventList        0x08002deb   Thumb Code    88  tasks.o(.text)
    vTaskSetTimeOutState                     0x08002e43   Thumb Code    30  tasks.o(.text)
    vTaskInternalSetTimeOutState             0x08002e61   Thumb Code    12  tasks.o(.text)
    xTaskCheckForTimeOut                     0x08002e6d   Thumb Code   106  tasks.o(.text)
    vTaskMissedYield                         0x08002ed7   Thumb Code     8  tasks.o(.text)
    uxTaskGetTaskNumber                      0x08002edf   Thumb Code    18  tasks.o(.text)
    vTaskSetTaskNumber                       0x08002ef1   Thumb Code     8  tasks.o(.text)
    eTaskConfirmSleepModeStatus              0x08002ef9   Thumb Code    40  tasks.o(.text)
    uxTaskGetStackHighWaterMark2             0x08002f21   Thumb Code    18  tasks.o(.text)
    uxTaskGetStackHighWaterMark              0x08002f33   Thumb Code    18  tasks.o(.text)
    xTaskGetCurrentTaskHandle                0x08002f45   Thumb Code     6  tasks.o(.text)
    xTaskGetSchedulerState                   0x08002f4b   Thumb Code    26  tasks.o(.text)
    xTaskPriorityInherit                     0x08002f65   Thumb Code   112  tasks.o(.text)
    xTaskPriorityDisinherit                  0x08002fd5   Thumb Code    98  tasks.o(.text)
    vTaskPriorityDisinheritAfterTimeout      0x08003037   Thumb Code   106  tasks.o(.text)
    uxTaskResetEventItemValue                0x080030a1   Thumb Code    20  tasks.o(.text)
    pvTaskIncrementMutexHeldCount            0x080030b5   Thumb Code    20  tasks.o(.text)
    ulTaskNotifyTake                         0x080030c9   Thumb Code    90  tasks.o(.text)
    xTaskNotifyWait                          0x08003123   Thumb Code   116  tasks.o(.text)
    xTaskGenericNotify                       0x08003197   Thumb Code   170  tasks.o(.text)
    xTaskGenericNotifyFromISR                0x08003241   Thumb Code   202  tasks.o(.text)
    vTaskNotifyGiveFromISR                   0x0800330b   Thumb Code   128  tasks.o(.text)
    xTaskNotifyStateClear                    0x0800338b   Thumb Code    44  tasks.o(.text)
    ulTaskNotifyValueClear                   0x080033b7   Thumb Code    40  tasks.o(.text)
    __aeabi_uidiv                            0x080034e9   Thumb Code     0  uidiv.o(.text)
    __aeabi_uidivmod                         0x080034e9   Thumb Code    44  uidiv.o(.text)
    __aeabi_idiv                             0x08003515   Thumb Code     0  idiv.o(.text)
    __aeabi_idivmod                          0x08003515   Thumb Code    40  idiv.o(.text)
    __aeabi_memset                           0x0800353d   Thumb Code    14  memseta.o(.text)
    __aeabi_memset4                          0x0800353d   Thumb Code     0  memseta.o(.text)
    __aeabi_memset8                          0x0800353d   Thumb Code     0  memseta.o(.text)
    __aeabi_memclr                           0x0800354b   Thumb Code     4  memseta.o(.text)
    __aeabi_memclr4                          0x0800354b   Thumb Code     0  memseta.o(.text)
    __aeabi_memclr8                          0x0800354b   Thumb Code     0  memseta.o(.text)
    _memset$wrapper                          0x0800354f   Thumb Code    18  memseta.o(.text)
    strlen                                   0x08003561   Thumb Code    14  strlen.o(.text)
    __scatterload                            0x08003571   Thumb Code    28  init.o(.text)
    __scatterload_rt2                        0x08003571   Thumb Code     0  init.o(.text)
    __0sprintf$1                             0x08003595   Thumb Code    36  printf1.o(i.__0sprintf$1)
    __1sprintf$1                             0x08003595   Thumb Code     0  printf1.o(i.__0sprintf$1)
    __2sprintf                               0x08003595   Thumb Code     0  printf1.o(i.__0sprintf$1)
    __ARM_common_switch8                     0x080035bd   Thumb Code    26  tasks.o(i.__ARM_common_switch8)
    __scatterload_copy                       0x080035d7   Thumb Code    14  handlers.o(i.__scatterload_copy)
    __scatterload_null                       0x080035e5   Thumb Code     2  handlers.o(i.__scatterload_null)
    __scatterload_zeroinit                   0x080035e7   Thumb Code    14  handlers.o(i.__scatterload_zeroinit)
    AHBPrescTable                            0x0800374e   Data          16  system_stm32f0xx.o(.constdata)
    Region$$Table$$Base                      0x08003760   Number         0  anon$$obj.o(Region$$Table)
    Region$$Table$$Limit                     0x08003780   Number         0  anon$$obj.o(Region$$Table)
    LEDState                                 0x20000004   Data           4  stm32f0xx_it.o(.data)
    I2C_CommStatus                           0x20000008   Data           4  i2c_main.o(.data)
    SystemCoreClock                          0x2000001c   Data           4  system_stm32f0xx.o(.data)
    pxCurrentTCB                             0x20000050   Data           4  tasks.o(.data)
    __initial_sp                             0x20001558   Data           0  startup_stm32f030x8.o(STACK)



==============================================================================

Memory Map of the image

  Image Entry point : 0x080000b5

  Load Region LR_IROM1 (Base: 0x08000000, Size: 0x0000380c, Max: 0x00010000, ABSOLUTE)

    Execution Region ER_IROM1 (Exec base: 0x08000000, Load base: 0x08000000, Size: 0x00003780, Max: 0x00010000, ABSOLUTE)

    Exec Addr    Load Addr    Size         Type   Attr      Idx    E Section Name        Object

    0x08000000   0x08000000   0x000000b4   Data   RO          453    RESET               startup_stm32f030x8.o
    0x080000b4   0x080000b4   0x00000000   Code   RO          619  * .ARM.Collect$$$$00000000  mc_p.l(entry.o)
    0x080000b4   0x080000b4   0x00000004   Code   RO          913    .ARM.Collect$$$$00000001  mc_p.l(entry2.o)
    0x080000b8   0x080000b8   0x00000004   Code   RO          916    .ARM.Collect$$$$00000004  mc_p.l(entry5.o)
    0x080000bc   0x080000bc   0x00000000   Code   RO          918    .ARM.Collect$$$$00000008  mc_p.l(entry7b.o)
    0x080000bc   0x080000bc   0x00000000   Code   RO          920    .ARM.Collect$$$$0000000A  mc_p.l(entry8b.o)
    0x080000bc   0x080000bc   0x00000008   Code   RO          921    .ARM.Collect$$$$0000000B  mc_p.l(entry9a.o)
    0x080000c4   0x080000c4   0x00000000   Code   RO          923    .ARM.Collect$$$$0000000D  mc_p.l(entry10a.o)
    0x080000c4   0x080000c4   0x00000000   Code   RO          925    .ARM.Collect$$$$0000000F  mc_p.l(entry11a.o)
    0x080000c4   0x080000c4   0x00000004   Code   RO          914    .ARM.Collect$$$$00002712  mc_p.l(entry2.o)
    0x080000c8   0x080000c8   0x00000078   Code   RO          561    .emb_text           port.o
    0x08000140   0x08000140   0x00000144   Code   RO            2    .text               mainf0.o
    0x08000284   0x08000284   0x000000d8   Code   RO          184    .text               stm32f0xx_it.o
    0x0800035c   0x0800035c   0x00000250   Code   RO          204    .text               i2c_main.o
    0x080005ac   0x080005ac   0x000001a4   Code   RO          241    .text               usart_main.o
    0x08000750   0x08000750   0x0000015c   Code   RO          321    .text               stm32f0xx_gpio.o
    0x080008ac   0x080008ac   0x0000007c   Code   RO          337    .text               stm32f0xx_misc.o
    0x08000928   0x08000928   0x0000040c   Code   RO          353    .text               stm32f0xx_rcc.o
    0x08000d34   0x08000d34   0x0000091c   Code   RO          387    .text               stm32f0xx_tim.o
    0x08001650   0x08001650   0x00000462   Code   RO          404    .text               stm32f0xx_usart.o
    0x08001ab2   0x08001ab2   0x00000002   PAD
    0x08001ab4   0x08001ab4   0x00000340   Code   RO          436    .text               stm32f0xx_i2c.o
    0x08001df4   0x08001df4   0x0000001c   Code   RO          454    .text               startup_stm32f030x8.o
    0x08001e10   0x08001e10   0x00000070   Code   RO          459    .text               system_stm32f0xx.o
    0x08001e80   0x08001e80   0x0000008a   Code   RO          519    .text               list.o
    0x08001f0a   0x08001f0a   0x00000002   PAD
    0x08001f0c   0x08001f0c   0x000001f0   Code   RO          546    .text               heap_4.o
    0x080020fc   0x080020fc   0x000001e4   Code   RO          562    .text               port.o
    0x080022e0   0x080022e0   0x00001208   Code   RO          594    .text               tasks.o
    0x080034e8   0x080034e8   0x0000002c   Code   RO          622    .text               mc_p.l(uidiv.o)
    0x08003514   0x08003514   0x00000028   Code   RO          624    .text               mc_p.l(idiv.o)
    0x0800353c   0x0800353c   0x00000024   Code   RO          628    .text               mc_p.l(memseta.o)
    0x08003560   0x08003560   0x0000000e   Code   RO          630    .text               mc_p.l(strlen.o)
    0x0800356e   0x0800356e   0x00000002   PAD
    0x08003570   0x08003570   0x00000024   Code   RO          951    .text               mc_p.l(init.o)
    0x08003594   0x08003594   0x00000028   Code   RO          681    i.__0sprintf$1      mc_p.l(printf1.o)
    0x080035bc   0x080035bc   0x0000001a   Code   RO          607    i.__ARM_common_switch8  tasks.o
    0x080035d6   0x080035d6   0x0000000e   Code   RO          957    i.__scatterload_copy  mc_p.l(handlers.o)
    0x080035e4   0x080035e4   0x00000002   Code   RO          958    i.__scatterload_null  mc_p.l(handlers.o)
    0x080035e6   0x080035e6   0x0000000e   Code   RO          959    i.__scatterload_zeroinit  mc_p.l(handlers.o)
    0x080035f4   0x080035f4   0x00000150   Code   RO          686    i._printf_core      mc_p.l(printf1.o)
    0x08003744   0x08003744   0x0000000a   Code   RO          688    i._sputc            mc_p.l(printf1.o)
    0x0800374e   0x0800374e   0x00000010   Data   RO          460    .constdata          system_stm32f0xx.o
    0x0800375e   0x0800375e   0x00000002   PAD
    0x08003760   0x08003760   0x00000020   Data   RO          955    Region$$Table       anon$$obj.o


    Execution Region RW_IRAM1 (Exec base: 0x20000000, Load base: 0x08003780, Size: 0x00001558, Max: 0x00002000, ABSOLUTE)

    Exec Addr    Load Addr    Size         Type   Attr      Idx    E Section Name        Object

    0x20000000   0x08003780   0x00000008   Data   RW          185    .data               stm32f0xx_it.o
    0x20000008   0x08003788   0x00000004   Data   RW          205    .data               i2c_main.o
    0x2000000c   0x0800378c   0x00000010   Data   RW          354    .data               stm32f0xx_rcc.o
    0x2000001c   0x0800379c   0x00000004   Data   RW          462    .data               system_stm32f0xx.o
    0x20000020   0x080037a0   0x00000020   Data   RW          548    .data               heap_4.o
    0x20000040   0x080037c0   0x00000010   Data   RW          563    .data               port.o
    0x20000050   0x080037d0   0x0000003c   Data   RW          596    .data               tasks.o
    0x2000008c        -       0x00001000   Zero   RW          547    .bss                heap_4.o
    0x2000108c        -       0x000000c8   Zero   RW          595    .bss                tasks.o
    0x20001154   0x0800380c   0x00000004   PAD
    0x20001158        -       0x00000400   Zero   RW          451    STACK               startup_stm32f030x8.o


==============================================================================

Image component sizes


      Code (inc. data)   RO Data    RW Data    ZI Data      Debug   Object Name

       496          8          0         32       4096       3866   heap_4.o
       592         16          0          4          0       3189   i2c_main.o
       138          0          0          0          0       4290   list.o
       324         30          0          0          0     149781   mainf0.o
       604         36          0         16          0       5106   port.o
        28          8        180          0       1024        676   startup_stm32f030x8.o
       348         22          0          0          0       4009   stm32f0xx_gpio.o
       832         24          0          0          0      10278   stm32f0xx_i2c.o
       216         20          0          8          0       1357   stm32f0xx_it.o
       124         16          0          0          0       1544   stm32f0xx_misc.o
      1036         38          0         16          0       8978   stm32f0xx_rcc.o
      2332        122          0          0          0      22703   stm32f0xx_tim.o
      1122         12          0          0          0      12711   stm32f0xx_usart.o
       112         22         16          4          0       1709   system_stm32f0xx.o
      4642         74          0         60        200      31223   tasks.o
       420         32          0          0          0       8256   usart_main.o

    ----------------------------------------------------------------------
     13370        480        230        140       5324     269676   Object Totals
         0          0         32          0          0          0   (incl. Generated)
         4          0          2          0          4          0   (incl. Padding)

    ----------------------------------------------------------------------

      Code (inc. data)   RO Data    RW Data    ZI Data      Debug   Library Member Name

         0          0          0          0          0          0   entry.o
         0          0          0          0          0          0   entry10a.o
         0          0          0          0          0          0   entry11a.o
         8          4          0          0          0          0   entry2.o
         4          0          0          0          0          0   entry5.o
         0          0          0          0          0          0   entry7b.o
         0          0          0          0          0          0   entry8b.o
         8          4          0          0          0          0   entry9a.o
        30          0          0          0          0          0   handlers.o
        40          0          0          0          0         72   idiv.o
        36          8          0          0          0         68   init.o
        36          0          0          0          0        100   memseta.o
       386          8          0          0          0        228   printf1.o
        14          0          0          0          0         60   strlen.o
        44          0          0          0          0         72   uidiv.o

    ----------------------------------------------------------------------
       608         24          0          0          0        600   Library Totals
         2          0          0          0          0          0   (incl. Padding)

    ----------------------------------------------------------------------

      Code (inc. data)   RO Data    RW Data    ZI Data      Debug   Library Name

       606         24          0          0          0        600   mc_p.l

    ----------------------------------------------------------------------
       608         24          0          0          0        600   Library Totals

    ----------------------------------------------------------------------

==============================================================================


      Code (inc. data)   RO Data    RW Data    ZI Data      Debug   

     13978        504        230        140       5324     268132   Grand Totals
     13978        504        230        140       5324     268132   ELF Image Totals
     13978        504        230        140          0          0   ROM Totals

==============================================================================

    Total RO  Size (Code + RO Data)                14208 (  13.88kB)
    Total RW  Size (RW Data + ZI Data)              5464 (   5.34kB)
    Total ROM Size (Code + RO Data + RW Data)      14348 (  14.01kB)

==============================================================================

