new:173:33:void* operator new(std::size_t, void*)	16	static
gthr-default.h:229:1:int __gthread_key_delete(__gthread_key_t)	16	static
message.h:18:7:message::~message()	16	static
radio.cpp:7:6:void radio::send(std::string)	80	static
message.h:18:7:message::message(const message&)	16	static
radio.cpp:14:9:message radio::getMessage()	32	static
radio.cpp:21:9:uint8_t radio::getNextBit()	96	static
radio.cpp:33:9:uint8_t radio::getFakeBit()	16	static
radio.cpp:56:6:void radio::setMessage(message)	32	static
radio.cpp:65:9:uint8_t radio::nextMessage()	16	static
radio.cpp:81:6:void radio::interrupt()	16	static
radio.cpp:154:6:void radio::interruptManchester()	16	static
radio.cpp:186:6:void radio::edge()	16	static
radio.cpp:213:6:void radio::count()	16	static
stl_list.h:1207:7:void std::__cxx11::list<_Tp, _Alloc>::push_back(const value_type&) [with _Tp = message; _Alloc = std::allocator<message>]	16	static
stl_list.h:941:7:std::__cxx11::list<_Tp, _Alloc>::iterator std::__cxx11::list<_Tp, _Alloc>::begin() [with _Tp = message; _Alloc = std::allocator<message>]	24	static
stl_iterator_base_funcs.h:202:5:void std::advance(_InputIterator&, _Distance) [with _InputIterator = std::_List_iterator<message>; _Distance = unsigned char]	32	static
stl_list.h:209:7:_Tp& std::_List_iterator< <template-parameter-1-1> >::operator*() const [with _Tp = message]	16	static
stl_list.h:284:7:std::_List_const_iterator< <template-parameter-1-1> >::_List_const_iterator(const iterator&) [with _Tp = message]	16	static
list.tcc:101:5:std::__cxx11::list<_Tp, _Alloc>::iterator std::__cxx11::list<_Tp, _Alloc>::insert(std::__cxx11::list<_Tp, _Alloc>::const_iterator, const value_type&) [with _Tp = message; _Alloc = std::allocator<message>]	40	static
stl_list.h:1056:7:std::__cxx11::list<_Tp, _Alloc>::size_type std::__cxx11::list<_Tp, _Alloc>::size() const [with _Tp = message; _Alloc = std::allocator<message>]	16	static
stl_list.h:959:7:std::__cxx11::list<_Tp, _Alloc>::iterator std::__cxx11::list<_Tp, _Alloc>::end() [with _Tp = message; _Alloc = std::allocator<message>]	24	static
stl_list.h:1905:8:) [with _Args = {const message&}; _Tp = message; _Alloc = std::allocator<message>]	32	static
stl_list.h:200:7:std::_List_iterator< <template-parameter-1-1> >::_List_iterator(std::__detail::_List_node_base*) [with _Tp = message]	16	static
stl_iterator_base_types.h:205:5:constexpr typename std::iterator_traits<_Iterator>::iterator_category std::__iterator_category(const _Iter&) [with _Iter = std::_List_iterator<message>]	16	static
stl_iterator_base_funcs.h:158:5:constexpr void std::__advance(_BidirectionalIterator&, _Distance, std::bidirectional_iterator_tag) [with _BidirectionalIterator = std::_List_iterator<message>; _Distance = int]	24	static
stl_list.h:170:18:_Tp* std::_List_node<_Tp>::_M_valptr() [with _Tp = message]	16	static
stl_list.h:628:2:) [with _Args = {const message&}; _Tp = message; _Alloc = std::allocator<message>]	40	static
stl_list.h:288:7:std::_List_const_iterator< <template-parameter-1-1> >::iterator std::_List_const_iterator< <template-parameter-1-1> >::_M_const_cast() const [with _Tp = message]	24	static
stl_list.h:404:12:void std::__cxx11::_List_base<_Tp, _Alloc>::_M_inc_size(std::size_t) [with _Tp = message; _Alloc = std::allocator<message>]	16	static
stl_list.h:647:7:std::size_t std::__cxx11::list<_Tp, _Alloc>::_M_node_count() const [with _Tp = message; _Alloc = std::allocator<message>]	16	static
move.h:74:5:constexpr _Tp&& std::forward(typename std::remove_reference<_Tp>::type&) [with _Tp = const message&]	16	static
stl_list.h:217:7:std::_List_iterator< <template-parameter-1-1> >::_Self& std::_List_iterator< <template-parameter-1-1> >::operator++() [with _Tp = message]	16	static
stl_list.h:232:7:std::_List_iterator< <template-parameter-1-1> >::_Self& std::_List_iterator< <template-parameter-1-1> >::operator--() [with _Tp = message]	16	static
aligned_buffer.h:72:7:_Tp* __gnu_cxx::__aligned_membuf<_Tp>::_M_ptr() [with _Tp = message]	16	static
stl_list.h:437:7:typename std::__cxx11::_List_base<_Tp, _Alloc>::_Node_alloc_traits::pointer std::__cxx11::_List_base<_Tp, _Alloc>::_M_get_node() [with _Tp = message; _Alloc = std::allocator<message>]	16	static
stl_list.h:448:7:std::__cxx11::_List_base<_Tp, _Alloc>::_Node_alloc_type& std::__cxx11::_List_base<_Tp, _Alloc>::_M_get_Node_allocator() [with _Tp = message; _Alloc = std::allocator<message>]	16	static
allocated_ptr.h:52:7:std::__allocated_ptr<_Alloc>::__allocated_ptr(_Alloc&, std::__allocated_ptr<_Alloc>::pointer) [with _Alloc = std::allocator<std::_List_node<message> >]	24	static
allocated_ptr.h:70:7:std::__allocated_ptr<_Alloc>::~__allocated_ptr() [with _Alloc = std::allocator<std::_List_node<message> >]	16	static
alloc_traits.h:482:2:) [with _Up = message; _Args = {const message&}; _Tp = std::_List_node<message>]	24	static
allocated_ptr.h:78:7:std::__allocated_ptr<_Alloc>& std::__allocated_ptr<_Alloc>::operator=(std::nullptr_t) [with _Alloc = std::allocator<std::_List_node<message> >]	16	static
stl_list.h:400:14:std::size_t std::__cxx11::_List_base<_Tp, _Alloc>::_M_get_size() const [with _Tp = message; _Alloc = std::allocator<message>]	16	static
aligned_buffer.h:64:7:void* __gnu_cxx::__aligned_membuf<_Tp>::_M_addr() [with _Tp = message]	16	static
alloc_traits.h:443:7:static _Tp* std::allocator_traits<std::allocator<_CharT> >::allocate(std::allocator_traits<std::allocator<_CharT> >::allocator_type&, std::allocator_traits<std::allocator<_CharT> >::size_type) [with _Tp = std::_List_node<message>]	16	static
move.h:47:5:constexpr _Tp* std::__addressof(_Tp&) [with _Tp = std::allocator<std::_List_node<message> >]	16	static
alloc_traits.h:469:7:static void std::allocator_traits<std::allocator<_CharT> >::deallocate(std::allocator_traits<std::allocator<_CharT> >::allocator_type&, std::allocator_traits<std::allocator<_CharT> >::pointer, std::allocator_traits<std::allocator<_CharT> >::size_type) [with _Tp = std::_List_node<message>]	24	static
new_allocator.h:144:2:) [with _Up = message; _Args = {const message&}; _Tp = std::_List_node<message>]	32	static
new_allocator.h:102:7:_Tp* __gnu_cxx::new_allocator<_Tp>::allocate(__gnu_cxx::new_allocator<_Tp>::size_type, const void*) [with _Tp = std::_List_node<message>]	24	static
new_allocator.h:119:7:void __gnu_cxx::new_allocator<_Tp>::deallocate(__gnu_cxx::new_allocator<_Tp>::pointer, __gnu_cxx::new_allocator<_Tp>::size_type) [with _Tp = std::_List_node<message>]	24	static
new_allocator.h:132:7:__gnu_cxx::new_allocator<_Tp>::size_type __gnu_cxx::new_allocator<_Tp>::max_size() const [with _Tp = std::_List_node<message>]	16	static
