gthr-default.h:229:1:int __gthread_key_delete(__gthread_key_t)	16	static
stl_list.h:109:7:std::__detail::_List_node_header::_List_node_header()	16	static
stl_list.h:149:7:void std::__detail::_List_node_header::_M_init()	16	static
stl_list.h:370:14:std::__cxx11::_List_base<message, std::allocator<message> >::_List_impl::~_List_impl()	16	static
stl_list.h:456:7:std::__cxx11::_List_base<_Tp, _Alloc>::_List_base() [with _Tp = message; _Alloc = std::allocator<message>]	16	static
stl_list.h:669:7:std::__cxx11::list<_Tp, _Alloc>::list() [with _Tp = message; _Alloc = std::allocator<message>]	16	static
stl_list.h:823:7:std::__cxx11::list<_Tp, _Alloc>::~list() [with _Tp = message; _Alloc = std::allocator<message>]	16	static
message.h:18:7:message::~message()	16	static
radio.h:42:7:radio::radio()	16	static
radioAPI.cpp:11:6:void radioSend(char*, uint8_t)	88	static
radioAPI.cpp:19:6:void radioSendTick()	8	static
radioAPI.cpp:26:6:void radioReceiveTick()	8	static
radioAPI.cpp:31:6:void radioEcho()	136	dynamic
stl_list.h:375:2:std::__cxx11::_List_base<_Tp, _Alloc>::_List_impl::_List_impl() [with _Tp = message; _Alloc = std::allocator<message>]	16	static
allocator.h:153:7:std::allocator< <template-parameter-1-1> >::~allocator() [with _Tp = std::_List_node<message>]	16	static
stl_list.h:494:7:std::__cxx11::_List_base<_Tp, _Alloc>::~_List_base() [with _Tp = message; _Alloc = std::allocator<message>]	16	static
basic_string.h:625:9:std::__cxx11::basic_string<_CharT, _Traits, _Alloc>::basic_string(_InputIterator, _InputIterator, const _Alloc&) [with _InputIterator = char*; <template-parameter-2-2> = void; _CharT = char; _Traits = std::char_traits<char>; _Alloc = std::allocator<char>]	32	static
allocator.h:138:7:std::allocator< <template-parameter-1-1> >::allocator() [with _Tp = std::_List_node<message>]	16	static
new_allocator.h:89:7:__gnu_cxx::new_allocator<_Tp>::~new_allocator() [with _Tp = std::_List_node<message>]	16	static
list.tcc:66:5:void std::__cxx11::_List_base<_Tp, _Alloc>::_M_clear() [with _Tp = message; _Alloc = std::allocator<message>]	32	static
basic_string.h:263:9:void std::__cxx11::basic_string<_CharT, _Traits, _Alloc>::_M_construct(_InIterator, _InIterator) [with _InIterator = char*; _CharT = char; _Traits = std::char_traits<char>; _Alloc = std::allocator<char>]	32	static
new_allocator.h:80:7:__gnu_cxx::new_allocator<_Tp>::new_allocator() [with _Tp = std::_List_node<message>]	16	static
stl_list.h:170:18:_Tp* std::_List_node<_Tp>::_M_valptr() [with _Tp = message]	16	static
stl_list.h:448:7:std::__cxx11::_List_base<_Tp, _Alloc>::_Node_alloc_type& std::__cxx11::_List_base<_Tp, _Alloc>::_M_get_Node_allocator() [with _Tp = message; _Alloc = std::allocator<message>]	16	static
alloc_traits.h:495:2:static void std::allocator_traits<std::allocator<_CharT> >::destroy(std::allocator_traits<std::allocator<_CharT> >::allocator_type&, _Up*) [with _Up = message; _Tp = std::_List_node<message>]	16	static
stl_list.h:441:7:void std::__cxx11::_List_base<_Tp, _Alloc>::_M_put_node(typename std::__cxx11::_List_base<_Tp, _Alloc>::_Node_alloc_traits::pointer) [with _Tp = message; _Alloc = std::allocator<message>]	16	static
basic_string.h:243:9:void std::__cxx11::basic_string<_CharT, _Traits, _Alloc>::_M_construct_aux(_InIterator, _InIterator, std::__false_type) [with _InIterator = char*; _CharT = char; _Traits = std::char_traits<char>; _Alloc = std::allocator<char>]	40	static
aligned_buffer.h:72:7:_Tp* __gnu_cxx::__aligned_membuf<_Tp>::_M_ptr() [with _Tp = message]	16	static
new_allocator.h:151:2:void __gnu_cxx::new_allocator<_Tp>::destroy(_Up*) [with _Up = message; _Tp = std::_List_node<message>]	16	static
alloc_traits.h:469:7:static void std::allocator_traits<std::allocator<_CharT> >::deallocate(std::allocator_traits<std::allocator<_CharT> >::allocator_type&, std::allocator_traits<std::allocator<_CharT> >::pointer, std::allocator_traits<std::allocator<_CharT> >::size_type) [with _Tp = std::_List_node<message>]	24	static
basic_string.tcc:206:7:void std::__cxx11::basic_string<_CharT, _Traits, _Alloc>::_M_construct(_InIterator, _InIterator, std::forward_iterator_tag) [with _FwdIterator = char*; _CharT = char; _Traits = std::char_traits<char>; _Alloc = std::allocator<char>]	32	static
aligned_buffer.h:64:7:void* __gnu_cxx::__aligned_membuf<_Tp>::_M_addr() [with _Tp = message]	16	static
new_allocator.h:119:7:void __gnu_cxx::new_allocator<_Tp>::deallocate(__gnu_cxx::new_allocator<_Tp>::pointer, __gnu_cxx::new_allocator<_Tp>::size_type) [with _Tp = std::_List_node<message>]	24	static
type_traits.h:152:5:bool __gnu_cxx::__is_null_pointer(_Type*) [with _Type = char]	16	static
stl_iterator_base_funcs.h:138:5:typename std::iterator_traits<_Iterator>::difference_type std::distance(_InputIterator, _InputIterator) [with _InputIterator = char*]	32	static
stl_iterator_base_types.h:205:5:constexpr typename std::iterator_traits<_Iterator>::iterator_category std::__iterator_category(const _Iter&) [with _Iter = char*]	16	static
stl_iterator_base_funcs.h:98:5:constexpr typename std::iterator_traits<_Iterator>::difference_type std::__distance(_RandomAccessIterator, _RandomAccessIterator, std::random_access_iterator_tag) [with _RandomAccessIterator = char*]	24	static
radio.h:42:7:radio::~radio()	16	static
radioAPI.cpp:42:1:void __static_initialization_and_destruction_0(int, int)	16	static
radioAPI.cpp:42:1:cpp)	8	static
radioAPI.cpp:42:1:cpp)	8	static
