char_traits.h:299:7:static void std::char_traits<char>::assign(std::char_traits<char>::char_type&, const char_type&)	16	static
new:173:33:void* operator new(std::size_t, void*)	16	static
gthr-default.h:229:1:int __gthread_key_delete(__gthread_key_t)	16	static
stl_deque.h:93:3:constexpr std::size_t std::__deque_buf_size(std::size_t)	16	static
message.h:18:7:message::~message()	16	static
receiver.cpp:12:6:void receiver::clearBuffer()	208	static
receiver.cpp:21:6:bool receiver::checkMessage()	16	static
message.h:18:7:message::message(const message&)	16	static
receiver.cpp:33:9:message receiver::popMessage()	16	static
receiver.cpp:40:6:void receiver::tick()	24	static
bitset:1249:7:std::__cxx11::basic_string<char> std::bitset<_Nb>::to_string() const [with unsigned int _Nb = 1000]	16	static
stl_deque.h:1569:7:void std::deque<_Tp, _Alloc>::push_back(const value_type&) [with _Tp = message; _Alloc = std::allocator<message>]	16	static
stl_deque.h:1384:7:bool std::deque<_Tp, _Alloc>::empty() const [with _Tp = message; _Alloc = std::allocator<message>]	16	static
stl_deque.h:1478:7:std::deque<_Tp, _Alloc>::reference std::deque<_Tp, _Alloc>::front() [with _Tp = message; _Alloc = std::allocator<message>]	40	static
stl_deque.h:1605:7:void std::deque<_Tp, _Alloc>::pop_front() [with _Tp = message; _Alloc = std::allocator<message>]	16	static
bitset:1089:7:std::bitset<_Nb>& std::bitset<_Nb>::set(std::size_t, bool) [with unsigned int _Nb = 1000]	24	static
bitset:1197:2:std::__cxx11::basic_string<_CharT, _Traits, _Alloc> std::bitset<_Nb>::to_string() const [with _CharT = char; _Traits = std::char_traits<char>; _Alloc = std::allocator<char>; unsigned int _Nb = 1000]	16	static
alloc_traits.h:482:2:) [with _Up = message; _Args = {const message&}; _Tp = message]	24	static
deque.tcc:479:7:) [with _Args = {const message&}; _Tp = message; _Alloc = std::allocator<message>]	24	static
stl_deque.h:286:5:bool std::operator==(const std::_Deque_iterator<_Tp, _Ref, _Ptr>&, const std::_Deque_iterator<_Tp, _Ref, _Ptr>&) [with _Tp = message; _Ref = message&; _Ptr = message*]	16	static
stl_deque.h:1193:7:std::deque<_Tp, _Alloc>::iterator std::deque<_Tp, _Alloc>::begin() [with _Tp = message; _Alloc = std::allocator<message>]	16	static
stl_deque.h:179:7:std::_Deque_iterator<_Tp, _Ref, _Ptr>::reference std::_Deque_iterator<_Tp, _Ref, _Ptr>::operator*() const [with _Tp = message; _Ref = message&; _Ptr = message*]	16	static
alloc_traits.h:495:2:static void std::allocator_traits<std::allocator<_CharT> >::destroy(std::allocator_traits<std::allocator<_CharT> >::allocator_type&, _Up*) [with _Up = message; _Tp = message]	16	static
deque.tcc:571:10:void std::deque<_Tp, _Alloc>::_M_pop_front_aux() [with _Tp = message; _Alloc = std::allocator<message>]	16	static
bitset:770:12:void std::bitset<_Nb>::_M_check(std::size_t, const char*) const [with unsigned int _Nb = 1000]	24	static
bitset:1041:7:std::bitset<_Nb>& std::bitset<_Nb>::_Unchecked_set(std::size_t, int) [with unsigned int _Nb = 1000]	32	static
bitset:1411:7:void std::bitset<_Nb>::_M_copy_to_string(std::__cxx11::basic_string<_CharT, _Traits, _Alloc>&, _CharT, _CharT) const [with _CharT = char; _Traits = std::char_traits<char>; _Alloc = std::allocator<char>; unsigned int _Nb = 1000]	32	static
move.h:74:5:constexpr _Tp&& std::forward(typename std::remove_reference<_Tp>::type&) [with _Tp = const message&]	16	static
new_allocator.h:144:2:) [with _Up = message; _Args = {const message&}; _Tp = message]	32	static
stl_deque.h:1298:7:std::deque<_Tp, _Alloc>::size_type std::deque<_Tp, _Alloc>::size() const [with _Tp = message; _Alloc = std::allocator<message>]	16	static
stl_deque.h:1303:7:std::deque<_Tp, _Alloc>::size_type std::deque<_Tp, _Alloc>::max_size() const [with _Tp = message; _Alloc = std::allocator<message>]	16	static
stl_deque.h:2194:7:void std::deque<_Tp, _Alloc>::_M_reserve_map_at_back(std::deque<_Tp, _Alloc>::size_type) [with _Tp = message; _Alloc = std::allocator<message>]	16	static
stl_deque.h:617:7:std::_Deque_base<_Tp, _Alloc>::_Ptr std::_Deque_base<_Tp, _Alloc>::_M_allocate_node() [with _Tp = message; _Alloc = std::allocator<message>]	24	static
stl_deque.h:273:7:void std::_Deque_iterator<_Tp, _Ref, _Ptr>::_M_set_node(std::_Deque_iterator<_Tp, _Ref, _Ptr>::_Map_pointer) [with _Tp = message; _Ref = message&; _Ptr = message*]	24	static
stl_deque.h:624:7:void std::_Deque_base<_Tp, _Alloc>::_M_deallocate_node(std::_Deque_base<_Tp, _Alloc>::_Ptr) [with _Tp = message; _Alloc = std::allocator<message>]	24	static
stl_deque.h:167:7:std::_Deque_iterator<_Tp, _Ref, _Ptr>::_Deque_iterator(const std::_Deque_iterator<_Tp, _Ref, _Ptr>&) [with _Tp = message; _Ref = message&; _Ptr = message*]	16	static
new_allocator.h:151:2:void __gnu_cxx::new_allocator<_Tp>::destroy(_Up*) [with _Up = message; _Tp = message]	16	static
stl_deque.h:605:7:std::_Deque_base<_Tp, _Alloc>::_Tp_alloc_type& std::_Deque_base<_Tp, _Alloc>::_M_get_Tp_allocator() [with _Tp = message; _Alloc = std::allocator<message>]	16	static
bitset:99:7:static constexpr std::size_t std::_Base_bitset<_Nw>::_S_whichword(std::size_t) [with unsigned int _Nw = 32]	16	static
bitset:115:7:std::_Base_bitset<_Nw>::_WordT& std::_Base_bitset<_Nw>::_M_getword(std::size_t) [with unsigned int _Nw = 32]	16	static
bitset:107:7:static constexpr std::size_t std::_Base_bitset<_Nw>::_S_whichbit(std::size_t) [with unsigned int _Nw = 32]	16	static
bitset:111:7:static constexpr std::_Base_bitset<_Nw>::_WordT std::_Base_bitset<_Nw>::_S_maskbit(std::size_t) [with unsigned int _Nw = 32]	16	static
bitset:119:7:constexpr std::_Base_bitset<_Nw>::_WordT std::_Base_bitset<_Nw>::_M_getword(std::size_t) const [with unsigned int _Nw = 32]	16	static
bitset:1065:7:constexpr bool std::bitset<_Nb>::_Unchecked_test(std::size_t) const [with unsigned int _Nb = 1000]	24	static
stl_deque.h:370:5:typename std::_Deque_iterator<_Tp, _Ref, _Ptr>::difference_type std::operator-(const std::_Deque_iterator<_Tp, _Ref, _Ptr>&, const std::_Deque_iterator<_Tp, _Ref, _Ptr>&) [with _Tp = message; _Ref = message&; _Ptr = message*]	16	static
stl_deque.h:1896:7:static std::deque<_Tp, _Alloc>::size_type std::deque<_Tp, _Alloc>::_S_max_size(const _Tp_alloc_type&) [with _Tp = message; _Alloc = std::allocator<message>]	24	static
stl_deque.h:609:7:const _Tp_alloc_type& std::_Deque_base<_Tp, _Alloc>::_M_get_Tp_allocator() const [with _Tp = message; _Alloc = std::allocator<message>]	16	static
deque.tcc:926:5:void std::deque<_Tp, _Alloc>::_M_reallocate_map(std::deque<_Tp, _Alloc>::size_type, bool) [with _Tp = message; _Alloc = std::allocator<message>]	56	static
alloc_traits.h:443:7:static _Tp* std::allocator_traits<std::allocator<_CharT> >::allocate(std::allocator_traits<std::allocator<_CharT> >::allocator_type&, std::allocator_traits<std::allocator<_CharT> >::size_type) [with _Tp = message]	16	static
stl_deque.h:130:21:static std::size_t std::_Deque_iterator<_Tp, _Ref, _Ptr>::_S_buffer_size() [with _Tp = message; _Ref = message&; _Ptr = message*]	8	static
alloc_traits.h:469:7:static void std::allocator_traits<std::allocator<_CharT> >::deallocate(std::allocator_traits<std::allocator<_CharT> >::allocator_type&, std::allocator_traits<std::allocator<_CharT> >::pointer, std::allocator_traits<std::allocator<_CharT> >::size_type) [with _Tp = message]	24	static
alloc_traits.h:505:7:static std::allocator_traits<std::allocator<_CharT> >::size_type std::allocator_traits<std::allocator<_CharT> >::max_size(const allocator_type&) [with _Tp = message]	16	static
stl_algobase.h:198:5:constexpr const _Tp& std::min(const _Tp&, const _Tp&) [with _Tp = unsigned int]	16	static
stl_algobase.h:465:5:_OI std::copy(_II, _II, _OI) [with _II = message**; _OI = message**]	32	static
stl_algobase.h:641:5:_BI2 std::copy_backward(_BI1, _BI1, _BI2) [with _BI1 = message**; _BI2 = message**]	32	static
stl_algobase.h:222:5:constexpr const _Tp& std::max(const _Tp&, const _Tp&) [with _Tp = unsigned int]	16	static
stl_deque.h:631:7:std::_Deque_base<_Tp, _Alloc>::_Map_pointer std::_Deque_base<_Tp, _Alloc>::_M_allocate_map(std::size_t) [with _Tp = message; _Alloc = std::allocator<message>]	32	static
stl_deque.h:638:7:void std::_Deque_base<_Tp, _Alloc>::_M_deallocate_map(std::_Deque_base<_Tp, _Alloc>::_Map_pointer, std::size_t) [with _Tp = message; _Alloc = std::allocator<message>]	40	static
new_allocator.h:102:7:_Tp* __gnu_cxx::new_allocator<_Tp>::allocate(__gnu_cxx::new_allocator<_Tp>::size_type, const void*) [with _Tp = message]	24	static
new_allocator.h:119:7:void __gnu_cxx::new_allocator<_Tp>::deallocate(__gnu_cxx::new_allocator<_Tp>::pointer, __gnu_cxx::new_allocator<_Tp>::size_type) [with _Tp = message]	24	static
new_allocator.h:132:7:__gnu_cxx::new_allocator<_Tp>::size_type __gnu_cxx::new_allocator<_Tp>::max_size() const [with _Tp = message]	16	static
cpp_type_traits.h:428:5:_Iterator std::__miter_base(_Iterator) [with _Iterator = message**]	16	static
stl_algobase.h:438:5:_OI std::__copy_move_a2(_II, _II, _OI) [with bool _IsMove = false; _II = message**; _OI = message**]	32	static
stl_algobase.h:613:5:_BI2 std::__copy_move_backward_a2(_BI1, _BI1, _BI2) [with bool _IsMove = false; _BI1 = message**; _BI2 = message**]	32	static
stl_deque.h:613:7:std::_Deque_base<_Tp, _Alloc>::_Map_alloc_type std::_Deque_base<_Tp, _Alloc>::_M_get_map_allocator() const [with _Tp = message; _Alloc = std::allocator<message>]	16	static
allocator.h:153:7:std::allocator< <template-parameter-1-1> >::~allocator() [with _Tp = message*]	16	static
alloc_traits.h:443:7:static _Tp* std::allocator_traits<std::allocator<_CharT> >::allocate(std::allocator_traits<std::allocator<_CharT> >::allocator_type&, std::allocator_traits<std::allocator<_CharT> >::size_type) [with _Tp = message*]	16	static
alloc_traits.h:469:7:static void std::allocator_traits<std::allocator<_CharT> >::deallocate(std::allocator_traits<std::allocator<_CharT> >::allocator_type&, std::allocator_traits<std::allocator<_CharT> >::pointer, std::allocator_traits<std::allocator<_CharT> >::size_type) [with _Tp = message*]	24	static
stl_algobase.h:280:5:_Iterator std::__niter_base(_Iterator) [with _Iterator = message**]	16	static
stl_algobase.h:393:5:_OI std::__copy_move_a(_II, _II, _OI) [with bool _IsMove = false; _II = message**; _OI = message**]	32	static
stl_algobase.h:295:5:_Iterator std::__niter_wrap(const _Iterator&, _Iterator) [with _Iterator = message**]	16	static
stl_algobase.h:595:5:_BI2 std::__copy_move_backward_a(_BI1, _BI1, _BI2) [with bool _IsMove = false; _BI1 = message**; _BI2 = message**]	32	static
allocator.h:151:2:std::allocator< <template-parameter-1-1> >::allocator(const std::allocator<_Tp1>&) [with _Tp1 = message; _Tp = message*]	16	static
new_allocator.h:89:7:__gnu_cxx::new_allocator<_Tp>::~new_allocator() [with _Tp = message*]	16	static
new_allocator.h:102:7:_Tp* __gnu_cxx::new_allocator<_Tp>::allocate(__gnu_cxx::new_allocator<_Tp>::size_type, const void*) [with _Tp = message*]	24	static
new_allocator.h:119:7:void __gnu_cxx::new_allocator<_Tp>::deallocate(__gnu_cxx::new_allocator<_Tp>::pointer, __gnu_cxx::new_allocator<_Tp>::size_type) [with _Tp = message*]	24	static
stl_algobase.h:375:2:static _Tp* std::__copy_move<_IsMove, true, std::random_access_iterator_tag>::__copy_m(const _Tp*, const _Tp*, _Tp*) [with _Tp = message*; bool _IsMove = false]	32	static
stl_algobase.h:577:2:static _Tp* std::__copy_move_backward<_IsMove, true, std::random_access_iterator_tag>::__copy_move_b(const _Tp*, const _Tp*, _Tp*) [with _Tp = message*; bool _IsMove = false]	32	static
new_allocator.h:80:7:__gnu_cxx::new_allocator<_Tp>::new_allocator() [with _Tp = message*]	16	static
new_allocator.h:132:7:__gnu_cxx::new_allocator<_Tp>::size_type __gnu_cxx::new_allocator<_Tp>::max_size() const [with _Tp = message*]	16	static
